05-14 07:21:34.911  8325 12807 D PickerSyncLockManager: Trying to acquire lock com.android.providers.media.photopicker.sync.CloseableReentrantLock@eb1b5ed[Unlocked]. Lock Name = CLOUD_PROVIDER_LOCK. Threads that may be waiting to acquire this lock = [] with timeout.
05-14 07:21:34.911  8325 12807 D CloseableReentrantLock: Successfully acquired lock com.android.providers.media.photopicker.sync.CloseableReentrantLock@eb1b5ed[Locked by thread pool-5-thread-513]. Lock Name = CLOUD_PROVIDER_LOCK. Threads that may be waiting to acquire this lock = []
05-14 07:21:34.911  8325 12807 D CloseableReentrantLock: Successfully released lock com.android.providers.media.photopicker.sync.CloseableReentrantLock@eb1b5ed[Unlocked]. Lock Name = CLOUD_PROVIDER_LOCK. Threads that may be waiting to acquire this lock = []
05-14 07:21:34.916  4784  6167 I ScanController: onScanResult to scannerId: 6- eventType=0x10, addressType=0, address=XX:XX:XX:XX:97:3F, primaryPhy=1, secondaryPhy=0, advertisingSid=0xff, txPower=127, rssi=-96, periodicAdvInt=0x0
05-14 07:21:34.916  8325 12807 D PickerSyncLockManager: Trying to acquire lock com.android.providers.media.photopicker.sync.CloseableReentrantLock@eb1b5ed[Unlocked]. Lock Name = CLOUD_PROVIDER_LOCK. Threads that may be waiting to acquire this lock = [] with timeout.
05-14 07:21:34.916  8325 12807 D CloseableReentrantLock: Successfully acquired lock com.android.providers.media.photopicker.sync.CloseableReentrantLock@eb1b5ed[Locked by thread pool-5-thread-513]. Lock Name = CLOUD_PROVIDER_LOCK. Threads that may be waiting to acquire this lock = []
05-14 07:21:34.916  8325 12807 D PickerSyncController: Clearing next page token for key: local_provider:media_remove:resume
05-14 07:21:34.916  8325 12807 D CloseableReentrantLock: Successfully released lock com.android.providers.media.photopicker.sync.CloseableReentrantLock@eb1b5ed[Unlocked]. Lock Name = CLOUD_PROVIDER_LOCK. Threads that may be waiting to acquire this lock = []
05-14 07:21:34.916  8325 12807 D PickerNotificationSender: Sending a notification for media update
05-14 07:21:34.916  3032  4655 D SyncManager: userId - 0 auto - true
05-14 07:21:34.916  8325 12807 D PickerNotificationSender: Sending a notification for merged album media update Favorites
05-14 07:21:34.916  8325 12807 D PickerNotificationSender: Sending a notification for album media update Favorites
05-14 07:21:34.917  3032  4655 D SyncManager: userId - 0 auto - true
05-14 07:21:34.917  8325 12807 D PickerNotificationSender: Sending a notification for merged album media update Videos
05-14 07:21:34.917  8325 12807 D PickerNotificationSender: Sending a notification for album media update Videos
05-14 07:21:34.917  3032  4655 D SyncManager: userId - 0 auto - true
05-14 07:21:34.917  8325 12807 I PickerSyncController: Paged sync successful. QueryArgs: Bundle[{android.provider.extra.PAGE_TOKEN=1778757693000|1000020936, android.provider.extra.SYNC_GENERATION=166873, android.provider.extra.PAGE_SIZE=1000}] Total Rows: 0
05-14 07:21:34.917  8325 12807 I PickerSyncTracker: Marked sync future complete for work id: 2f0a0955-a998-42e4-b55a-dd2f870e5132. Future map: {}
05-14 07:21:34.917  8325 12807 I PSyncWorker: Completed picker proactive sync complete from local provider.
05-14 07:21:34.918 16128 16448 I [-0400]oneconnect[1.8.45.24_01][CORE]: DataConvert.parseBleVd - deviceBle : |name:|deviceType:TV|discoverType:_BLE|services:None|connected:false[TvStatusString]POWER_OFF[TvStatus]-128[TvService]102[TvMirrorChannel]1[TvRegisteredDB][-8, 104, -49, -60, -127, 65][TvYear]2016[TvOcfInfo]0[TvAcmStatus]0[ExTvStatus]0[ExtendedStatus]-1[ModuloSn]-1
05-14 07:21:34.919  8325  8702 I WM-WorkerWrapper: Worker result SUCCESS for Work [ id=2f0a0955-a998-42e4-b55a-dd2f870e5132, tags={ com.android.providers.media.photopicker.sync.ProactiveSyncWorker } ]
05-14 07:21:34.920  8325  8325 D WM-Processor: Processor 2f0a0955-a998-42e4-b55a-dd2f870e5132 executed; reschedule = false
05-14 07:21:34.920  8325  8325 D WM-GreedyScheduler: Stopping tracking for WorkGenerationalId(workSpecId=2f0a0955-a998-42e4-b55a-dd2f870e5132, generation=0)
05-14 07:21:34.920  4191  4252 I MediaSyncer: loaded: 18ms, Success(maxMediaId=0, maxGenAdded=-9223372036854775808, maxGenModified=166888, count=0)
05-14 07:21:34.926  8325  8624 D WM-GreedyScheduler: Cancelling work ID 2f0a0955-a998-42e4-b55a-dd2f870e5132
05-14 07:21:34.927  8325  8624 D WM-GreedyScheduler: Ignoring {WorkSpec: 8b0e26a1-da17-4a7d-8943-fa37401907bb}. Requires device idle.
05-14 07:21:34.927  8325  8624 D WM-GreedyScheduler: Ignoring {WorkSpec: 851dc692-8528-4451-a03e-188ed97a5b4d}. Requires device idle.
05-14 07:21:34.927  8325  8624 D WM-GreedyScheduler: Ignoring {WorkSpec: 00b34183-214c-4ec2-a349-e19f9227b254}. Requires device idle.
05-14 07:21:34.927  8325  8624 D WM-BrdcstRcvrCnstrntTrc: BatteryNotLowTracker: unregistering receiver
05-14 07:21:34.954  2077  6139 I vendor.qti.bluetooth@1.1-ibs_handler: ProcessIbsCmd: Received IBS_SLEEP_IND: 0xFE
05-14 07:21:34.954  2077  6139 D vendor.qti.bluetooth@1.1-ibs_handler: SerialClockVote: vote for UART CLK OFF
05-14 07:21:35.105  2077  5340 D vendor.qti.bluetooth@1.1-wake_lock: Release wakelock is released 
05-14 07:21:35.121  2087 12453 I sensors-hal: handle_sns_client_event:375, [0][16992] accel_sample [ 0.144,  0.096,  9.858] 486531522540119
05-14 07:21:35.232  3032  4437 V SemStrongRssiRoaming: POLL (Rssi:-58 MinRssi:-49 Guard:0)
05-14 07:21:35.416 20969 20969 I SCS@AiSearch user 0: (ObserverWorker::AOSP_MP) [main] entering in startWork triggered by [content://media/external/file/1000020937]():  
05-14 07:21:35.416 20969 20969 I SCS@AiSearch user 0: (BaseCollector::AOSP_MP) [main] entering in onChange():  
05-14 07:21:35.416 20969 21908 I SCS@AiSearch user 0: (BaseCollector::AOSP_MP) [AOSP_MP-0] entering in collectChanges():  
05-14 07:21:35.419  3032  5690 D PackageManager: setEnabledSetting : userId = 0 packageName = com.samsung.android.scs cmp = androidx.work.impl.background.systemalarm.RescheduleReceiver newState = 1 callingPackage = com.samsung.android.scs
05-14 07:21:35.419  3032  5690 D ApplicationPolicy: getApplicationStateEnabled : pkg = com.samsung.android.scs userId : 0
05-14 07:21:35.420  3032  5690 D ApplicationPolicy: getApplicationComponentState : pkg = com.samsung.android.scs userId : 0
05-14 07:21:35.483 20969 21908 I SCS@AiSearch user 0: (BaseCollector::AOSP_MP) fetchInternal values : maxSyncId: 1000020907 indexCount: 12725 sourceCount: 12725
05-14 07:21:35.489 20969 21908 I SCS@AiSearch user 0: (IndexManager) [AOSP_MP-0] entering in addIndex():  
05-14 07:21:35.490 20969 21908 I SCS@AiSearch user 0: (BaseCollector::AOSP_MP) fetch: fetching took  31 ms
05-14 07:21:35.490 20969 21908 I SCS@AiSearch user 0: (BaseCollector::AOSP_MP) fetchChanges: applied 0 items
05-14 07:21:35.490 20969 21908 I SCS@AiSearch user 0: (BaseCollector::AOSP_MP) Collect finished. Result: true
05-14 07:21:35.490 20969 21908 I SCS@AiSearch user 0: (BaseCollector::AOSP_MP) enqueue ObserverWorker name: com.sec.android.app.myfiles, policy: APPEND_OR_REPLACE
05-14 07:21:35.491 20969 21058 I WM-WorkerWrapper: Worker result SUCCESS for Work [ id=0b608e73-2ec3-4885-965d-42d7e7efca2f, tags={ com.sec.android.app.myfiles, com.samsung.android.scs.ai.search.data.collector.base.ObserverWorker } ]
05-14 07:21:35.494  3032  4655 D PackageManager: setEnabledSetting : userId = 0 packageName = com.samsung.android.scs cmp = androidx.work.impl.background.systemalarm.RescheduleReceiver newState = 1 callingPackage = com.samsung.android.scs
05-14 07:21:35.494  3032  4655 D ApplicationPolicy: getApplicationStateEnabled : pkg = com.samsung.android.scs userId : 0
05-14 07:21:35.494  3032  4655 D ApplicationPolicy: getApplicationComponentState : pkg = com.samsung.android.scs userId : 0
05-14 07:21:35.495 20969 21058 W JobInfo : Requested important-while-foreground flag for job186512 is ignored and takes no effect
05-14 07:21:35.550  3032  6735 D SemWifiUsabilityStatsMonitor: onWifiUsabilityStats - seqNum 21910, isSameBssidAndFreq true
05-14 07:21:35.552  3032  4418 D InsDataManager: onOutageCountUpdate() - Outage Data: 0, LQ : Y. Outage Triggered: false
05-14 07:21:35.552  3032  4418 D SemInsManager: {"bssid": "683a95c52437","rssi": -57.0,"latency": 0.0,"outage_count": 0,"lq_callback_triggered": true,"outage_log": "Unreliable statistics: -57.0 / 12 / 242 / 6 / 1 || 683a95c52437: 0.000 / 0.000 / @ || N N / 0 0 / Y 2.0 / Y X 0 / 176184238 0 || Invalid""Magnetic Sensor Events size": "0""Pressure Sensor Events size": "0"}
05-14 07:21:35.553  4782  4782 I EPDG -- SIM1 [SMARTWIFI]: isProfiling, hash=6285797, started=true
05-14 07:21:35.553  4782  4782 I EPDG -- SIM1 [SMARTWIFI]: isWifiRssiLessOrEqualsHandoverThreshold: received rssi is: -57 handover threshold is: -85
05-14 07:21:35.554  4782  4782 I EPDG -- SIM1 [SMARTWIFI]: isProfiling, hash=6285797, started=true
05-14 07:21:35.554  4782  4782 I EPDG -- SIM1 [SMARTWIFI]: Rssi : -57 highrange : -71 lowrange : -80 mIsRssiInHystersis : false
05-14 07:21:35.554  4782  4782 I EPDG -- SIM1 [SMARTWIFI]: Rssi : -57 highrange : -71 lowrange : -80 mIsRssiInHystersis : false
05-14 07:21:35.554  4782  4782 I EPDG -- SIM1 [SMARTWIFI]: isL2WHandoverProfilingRunning: returning: false
05-14 07:21:35.554  4782  4782 I EPDG -- SIM1 [SMARTWIFI]: No need to send L2WHandoverProfiling runnable
05-14 07:21:35.554  4782  4782 I EPDG -- SIM1 [SMARTWIFI]: getHandoverThresholdMet: value is: false
05-14 07:21:35.804  1321  1321 D io_stats: !@   8,0 r 21732861 473057044 w 8260960 186352172 d 1158360 276859840 f 268058 901056 iot 4988268 0 th 0 0 0 pt 0 inp 0 0 176184.491
05-14 07:21:35.805  1321  1321 D io_stats: !@ Read_top(KB): rs.media.module(8325) 360 martsuggestions(8322) 144 gestions:moneta(28679) 80
05-14 07:21:35.805  1321  1321 D io_stats: !@ Write_top(KB): kworker/u16:0(9733) 11620 rs.media.module(8325) 484 ung.android.scs(20969) 264
05-14 07:21:35.814  3032  7527 D SGM:GameManager: identifyForegroundApp. com.defaultcompany.rescuegrid.dev, mCurrentUserId: 0, callerUserId: 0
05-14 07:21:35.814 12625 12668 I PolicyManager: [#CMH#] Is foreground game app: false
05-14 07:21:35.826 12625 12668 I ControllerEventHandler: [#CMH#]  Check for starting Standalone FaceService for just shot ! 
05-14 07:21:35.826 12625 12668 I ControllerEventHandler: [#CMH#] requestToRegisterInstantWorker: mIsPolicyIgnore :  false
05-14 07:21:35.826 12625 12668 I ControllerUtils: [#CMH#] getFaceServiceUnProcessedMediaCount :E .. 
05-14 07:21:35.828 12625 12668 I ControllerEventHandler: [#CMH#] pendingCount<=0, ignore processing ,with isPolicyIgnore : false
05-14 07:21:35.839  3032  7527 I ActivityManager: Broadcasting: Intent { act=android.intent.action.MEDIA_SCANNER_SCAN_FILE dat=file:///... flg=0x400000 }
05-14 07:21:35.841  3032  7527 I ActivityManager: Enqueued broadcast Intent { act=android.intent.action.MEDIA_SCANNER_SCAN_FILE dat=file:///... flg=0x400000 }: 0
05-14 07:21:35.843  8325  8325 I MediaServiceV2: Creating work for intent Intent { act=android.intent.action.MEDIA_SCANNER_SCAN_FILE dat=file:///... flg=0x1400010 cmp=com.google.android.providers.media.module/com.android.providers.media.MediaServiceV2 }
05-14 07:21:35.843  8325  8325 I MediaServiceV2: Work enqueued for intent: Intent { act=android.intent.action.MEDIA_SCANNER_SCAN_FILE dat=file:///... flg=0x1400010 cmp=com.google.android.providers.media.module/com.android.providers.media.MediaServiceV2 }
05-14 07:21:35.845  3032  3229 I ActivityManager: Broadcast completed: result=0
05-14 07:21:35.856  8325  8702 W JobInfo : Requested important-while-foreground flag for job7027 is ignored and takes no effect
05-14 07:21:35.856  8325  8702 D WM-SystemJobScheduler: Scheduling work ID c7fa8adc-8206-413c-a087-ebd6da9c4f16Job ID 7027
05-14 07:21:35.859  8325  8702 D WM-GreedyScheduler: Ignoring {WorkSpec: 8b0e26a1-da17-4a7d-8943-fa37401907bb}. Requires device idle.
05-14 07:21:35.859  8325  8702 D WM-GreedyScheduler: Ignoring {WorkSpec: 851dc692-8528-4451-a03e-188ed97a5b4d}. Requires device idle.
05-14 07:21:35.859  8325  8702 D WM-GreedyScheduler: Ignoring {WorkSpec: 00b34183-214c-4ec2-a349-e19f9227b254}. Requires device idle.
05-14 07:21:35.859  8325  8702 D WM-GreedyScheduler: Starting work for c7fa8adc-8206-413c-a087-ebd6da9c4f16
05-14 07:21:35.860  8325  8702 D WM-Processor: Processor: processing WorkGenerationalId(workSpecId=c7fa8adc-8206-413c-a087-ebd6da9c4f16, generation=0)
05-14 07:21:35.859  2203  2211 E HeatmapThread: ECT Thread time in milliseconds: 1778757695
05-14 07:21:35.861  8325  8325 D WM-SystemJobService: onStartJob for WorkGenerationalId(workSpecId=c7fa8adc-8206-413c-a087-ebd6da9c4f16, generation=0)
05-14 07:21:35.862  8325  8325 D WM-WorkerWrapper: Starting work for com.android.providers.media.MediaServiceV2
05-14 07:21:35.862  8325  8624 D WM-Processor: Work WorkGenerationalId(workSpecId=c7fa8adc-8206-413c-a087-ebd6da9c4f16, generation=0) is already enqueued for processing
05-14 07:21:35.862  8325 12812 I MediaServiceV2: Work initiated for action [ android.intent.action.MEDIA_SCANNER_SCAN_FILE ]
05-14 07:21:35.863  2203  2211 D HeatmapThread: !@ batteryplugType : 2
05-14 07:21:35.863  2203  2211 D HeatmapThread: !@ batteryLevel : 49  batteryTemperature : 309 
05-14 07:21:35.863  2203  2211 D HeatmapThread: !@ Heatmap currtime: 29645961
05-14 07:21:35.863  2203  2211 D HeatmapThread: !@ Heatmap prevtime: 29645953
05-14 07:21:35.863  2203  2211 D HeatmapThread: !@ Heatmap plugstarttime: 29645897
05-14 07:21:35.863  2203  2211 D HeatmapThread: !@ Heatmap prevv_dsoh_update_time: 29645957
05-14 07:21:35.863  2203  2211 E HeatmapThread: !@ CAM New BSOH: 100
05-14 07:21:35.863  2203  2211 E HeatmapThread: !@ CAM is Working
05-14 07:21:35.871  8325 12812 I Kumiho-Kumiho: getPackageName: com.google.android.providers.media.module
05-14 07:21:35.872  8325 12812 I Kumiho-Kumiho: getPackageName: com.google.android.providers.media.module
05-14 07:21:35.880  3032  4655 D SyncManager: userId - 0 auto - true
05-14 07:21:35.881  4191  4252 I MediaSyncer: generation: Generation(added=166879, modified=166888)
05-14 07:21:35.883  8325 12812 I MediaServiceV2: Work ended for action [ android.intent.action.MEDIA_SCANNER_SCAN_FILE ]
05-14 07:21:35.885  8325  8624 I WM-WorkerWrapper: Worker result SUCCESS for Work [ id=c7fa8adc-8206-413c-a087-ebd6da9c4f16, tags={ com.android.providers.media.MediaServiceV2 } ]
05-14 07:21:35.887  8325  8325 D WM-Processor: Processor c7fa8adc-8206-413c-a087-ebd6da9c4f16 executed; reschedule = false
05-14 07:21:35.887  8325  8325 D WM-SystemJobService: c7fa8adc-8206-413c-a087-ebd6da9c4f16 executed on JobScheduler
05-14 07:21:35.891  8325  8624 D WM-SystemJobScheduler: Scheduling work ID 0fe0232c-6483-4b55-ae17-5d15e8568ae7Job ID 7028
05-14 07:21:35.892  8325  8624 D WM-GreedyScheduler: Ignoring {WorkSpec: 8b0e26a1-da17-4a7d-8943-fa37401907bb}. Requires device idle.
05-14 07:21:35.892  8325  8624 D WM-GreedyScheduler: Ignoring {WorkSpec: 851dc692-8528-4451-a03e-188ed97a5b4d}. Requires device idle.
05-14 07:21:35.892  8325  8624 D WM-GreedyScheduler: Ignoring {WorkSpec: 00b34183-214c-4ec2-a349-e19f9227b254}. Requires device idle.
05-14 07:21:35.893  8325  8624 D WM-GreedyScheduler: Cancelling work ID c7fa8adc-8206-413c-a087-ebd6da9c4f16
05-14 07:21:35.894  8325  8624 D WM-GreedyScheduler: Ignoring {WorkSpec: 8b0e26a1-da17-4a7d-8943-fa37401907bb}. Requires device idle.
05-14 07:21:35.894  8325  8624 D WM-GreedyScheduler: Ignoring {WorkSpec: 851dc692-8528-4451-a03e-188ed97a5b4d}. Requires device idle.
05-14 07:21:35.894  8325  8624 D WM-GreedyScheduler: Ignoring {WorkSpec: 00b34183-214c-4ec2-a349-e19f9227b254}. Requires device idle.
05-14 07:21:35.901 12625 12673 I BaseThreadPoolExecutor: [#CMH#] Task com.samsung.cmh.core.task.MediaContentSyncTask@279282f is submitted
05-14 07:21:35.901  4191  4252 I MediaSyncer: loaded: 19ms, Success(maxMediaId=1000020937, maxGenAdded=166888, maxGenModified=166891, count=1)
05-14 07:21:35.916  4191  4245 W SefInterface$Companion: This file doesn't have SEF
05-14 07:21:35.918 12625 12747 I MediaContentSyncTask: [#CMH#] No of Row (SEC MP :  1933, Max Id : 2147488714) (CMH : 1932, Max Id : 2147488713) - Time :7
05-14 07:21:35.926 12625 12747 I MediaContentSyncTask: [#CMH#] Rebuilding contents count 1
05-14 07:21:35.926 12625 12747 I ImageFeatures: [#CMH#] Not support file type 
05-14 07:21:35.932 12625 12747 I MediaContentSyncTask: [#CMH#] Insert ITEM :  1
05-14 07:21:35.932 12625 12747 I BaseThreadPoolExecutor: [#CMH#] afterExecute FutureTask
05-14 07:21:35.933 12625 12747 I ControllerEventHandler: [#CMH#] New Task for wait content sync job 
05-14 07:21:35.933 12625 12747 I BaseThreadPoolExecutor: [#CMH#] Task com.samsung.cmh.core.task.MediaContentSyncTask@279282f is submitted
05-14 07:21:35.948 12625 12747 I MediaContentSyncTask: [#CMH#] No of Row (SEC MP :  1933, Max Id : 2147488714) (CMH : 1933, Max Id : 2147488714) - Time :7
05-14 07:21:35.962 12625 12747 I MediaContentSyncTask: [#CMH#] MP time stamp :  1778757695917, CMH time stamp : 1778757693385
05-14 07:21:35.967 12625 12747 I MediaContentSyncTask: [#CMH#] Update ITEM  :  1
05-14 07:21:35.973 12625 12747 I MediaContentSyncTask: [#CMH#] Update Cursor Count (1=>1), Time: 6 
05-14 07:21:35.975 12625 12747 I MediaContentSyncTask: [#CMH#] Update ITEM :  1
05-14 07:21:35.980 12625 12747 I BaseThreadPoolExecutor: [#CMH#] afterExecute FutureTask
05-14 07:21:35.981 12625 12747 I ControllerEventHandler: [#CMH#] Alive Privacy Ignored Policy Called:  false
05-14 07:21:36.199  4719 21222 D IpClient/wlan0: addressUpdated: 2601:c2:1b01:faf0:64cd:3dff:fe7c:c487/64 on ifindex 45 flags 0x00000100 scope 0
05-14 07:21:36.199  4719 21222 D IpClient/wlan0: addressUpdated: 2601:c2:1b01:faf0:70e6:9536:bc73:1c12/64 on ifindex 45 flags 0x00000001 scope 0
05-14 07:21:36.201  4782  4782 I EPDG -- SIM0 [EpdgIntfCont]: sendInterfaceMessage, not mobile, ignore
05-14 07:21:36.202  4719 21222 W AlarmManager: Unrecognized alarm listener com.android.networkstack.android.net.ip.IpClientLinkObserver$Dhcp6PdPreferredPrefixAlarmListener@b1aaabc
05-14 07:21:36.202  4782  4782 I EPDG -- SIM0 [EpdgIntfCont]: sendInterfaceMessage, not mobile, ignore
05-14 07:21:36.202  4782  4782 I EPDG -- SIM1 [EpdgIntfCont]: sendInterfaceMessage, not mobile, ignore
05-14 07:21:36.202  4782  4782 I EPDG -- SIM1 [EpdgIntfCont]: sendInterfaceMessage, not mobile, ignore
05-14 07:21:36.203  4719 21222 D ApfFilter: (wlan0): Ignoring RA RA fe80::be9b:68ff:fe3a:95c4 -> ff02::1 180s 2601:c2:1b01:faf0::/64 300s/300s DNS 180s 2001:558:feed::1 2001:558:feed::2 RIO 180s ::/0  which matches RA fe80::be9b:68ff:fe3a:95c4 -> ff02::1 180s 2601:c2:1b01:faf0::/64 300s/300s DNS 180s 2001:558:feed::1 2001:558:feed::2 RIO 180s ::/0 
05-14 07:21:36.203 16360 16604 I TapTracker: 1.3) Sensor update info : 05/14_07:21:36, 0.134 , 0.091, 9.839
05-14 07:21:36.269 12406 12438 I Unity   : SetGameState: isLoading: true, mode: UNKNOWN, label: -4, quality: 2
05-14 07:21:36.291 12406 12438 I Unity   : [AndroidWhiteoutDiagnostics] level=L08 platform=Android quality=2/Medium colorSpace=Gamma graphicsApi=Vulkan graphicsDevice='Adreno (TM) 750' screen=1080x2256 orientation=Portrait cameras=[GameStateViewRoot/BoardStageRoot/BoardContentRoot/Content_04_03_Target_0/Visual/Camera{enabled=False, clear=Skybox, bg=(0.192,0.302,0.475,0), cull=-1, depth=0, near=0.1, far=100, pos=(11.723,10.528,-9.989), rot=(36.09,306.265,346.523)}; Main Camera{enabled=True, clear=Skybox, bg=(0.039,0.043,0.059,0), cull=-1, depth=-1, near=0.3, far=1000, pos=(0,20,-14), rot=(60,0,0)}] canvases=[SettingsMenu/SettingsMenuCanvas{enabled=True, renderMode=ScreenSpaceOverlay, sortingLayer=Default, order=1000}] suspiciousRenderers=[GameStateViewRoot/DockRoot/SharedDockVisualInstance/Visual{enabled=True, type=MeshRenderer, layer=0, sortingLayer=Default, order=0, cast=On, receive=True, bounds=(9.72,1.383,2.853), pos=(0,-0.483,-9.85), material='Dock_Safe_Phase1', shader='Standard', matColor=(1,1,1,1)}; Main Camera/SceneBackground{enabled=True, typ
05-14 07:21:36.294 12406 12438 I Unity   : SetGameState: isLoading: false, mode: UNKNOWN, label: 0, quality: 2
05-14 07:21:36.309 12406 12438 I Unity   : [AndroidWhiteoutCommand] level=L08 diagnosticMove=1 coord=(0,0) groupSize=2 applied=True
05-14 07:21:36.309 12406 12438 I Unity   : UnityEngine.DebugLogHandler:Internal_Log(LogType, LogOption, String, Object)
05-14 07:21:36.309 12406 12438 I Unity   : UnityEngine.DebugLogHandler:LogFormat(LogType, Object, String, Object[])
05-14 07:21:36.309 12406 12438 I Unity   : UnityEngine.Logger:Log(LogType, Object)
05-14 07:21:36.309 12406 12438 I Unity   : UnityEngine.Debug:Log(Object)
05-14 07:21:36.309 12406 12438 I Unity   : Rescue.Unity.Diagnostics.<RunCommand>d__8:MoveNext() (at C:\Users\jwmcg\OneDrive\Documents\AI Projects\Live Envirnments\rescue-grid\Assets\Rescue.Unity\Diagnostics\AndroidWhiteoutCommandBridge.cs:103)
05-14 07:21:36.309 12406 12438 I Unity   : UnityEngine.SetupCoroutine:InvokeMoveNext(IEnumerator, IntPtr) (at \home\bokken\build\output\unity\unity\Runtime\Export\Scripting\Coroutines.cs:17)
05-14 07:21:36.309 12406 12438 I Unity   : 
05-14 07:21:36.316 12406 12438 I Unity   : [AndroidWhiteoutDiagnostics] level=L08 platform=Android quality=2/Medium colorSpace=Gamma graphicsApi=Vulkan graphicsDevice='Adreno (TM) 750' screen=1080x2256 orientation=Portrait cameras=[GameStateViewRoot/BoardStageRoot/BoardContentRoot/Content_04_03_Target_0/Visual/Camera{enabled=False, clear=Skybox, bg=(0.192,0.302,0.475,0), cull=-1, depth=0, near=0.1, far=100, pos=(11.723,10.528,-9.989), rot=(36.09,306.265,346.523)}; Main Camera{enabled=True, clear=Skybox, bg=(0.039,0.043,0.059,0), cull=-1, depth=-1, near=0.3, far=1000, pos=(0,20,-14), rot=(60,0,0)}] canvases=[SettingsMenu/SettingsMenuCanvas{enabled=True, renderMode=ScreenSpaceOverlay, sortingLayer=Default, order=1000}] suspiciousRenderers=[GameStateViewRoot/DockRoot/SharedDockVisualInstance/Visual{enabled=True, type=MeshRenderer, layer=0, sortingLayer=Default, order=0, cast=On, receive=True, bounds=(9.72,1.383,2.853), pos=(0,-0.483,-9.85), material='Dock_Safe_Phase1', shader='Standard', matColor=(1,1,1,1)}; Main Camera/SceneBackground{enabled=True, typ
05-14 07:21:36.316 12406 12438 I Unity   : [AndroidWhiteoutCommand] ready level=L08 requestedMoves=1 appliedMoves=1 actionCount=1
05-14 07:21:36.316 12406 12438 I Unity   : UnityEngine.DebugLogHandler:Internal_Log(LogType, LogOption, String, Object)
05-14 07:21:36.316 12406 12438 I Unity   : UnityEngine.DebugLogHandler:LogFormat(LogType, Object, String, Object[])
05-14 07:21:36.316 12406 12438 I Unity   : UnityEngine.Logger:Log(LogType, Object)
05-14 07:21:36.316 12406 12438 I Unity   : UnityEngine.Debug:Log(Object)
05-14 07:21:36.316 12406 12438 I Unity   : Rescue.Unity.Diagnostics.<RunCommand>d__8:MoveNext() (at C:\Users\jwmcg\OneDrive\Documents\AI Projects\Live Envirnments\rescue-grid\Assets\Rescue.Unity\Diagnostics\AndroidWhiteoutCommandBridge.cs:117)
05-14 07:21:36.316 12406 12438 I Unity   : UnityEngine.SetupCoroutine:InvokeMoveNext(IEnumerator, IntPtr) (at \home\bokken\build\output\unity\unity\Runtime\Export\Scripting\Coroutines.cs:17)
05-14 07:21:36.316 12406 12438 I Unity   : 
05-14 07:21:36.396 20969 20969 I SCS@AiSearch user 0: (ObserverWorker::AOSP_MP) [main] entering in startWork triggered by [content://media/external/file/1000020937]():  
05-14 07:21:36.396 20969 20969 I SCS@AiSearch user 0: (BaseCollector::AOSP_MP) [main] entering in onChange():  
05-14 07:21:36.397 20969 21908 I SCS@AiSearch user 0: (BaseCollector::AOSP_MP) [AOSP_MP-0] entering in collectChanges():  
05-14 07:21:36.399  3032  7535 D PackageManager: setEnabledSetting : userId = 0 packageName = com.samsung.android.scs cmp = androidx.work.impl.background.systemalarm.RescheduleReceiver newState = 1 callingPackage = com.samsung.android.scs
05-14 07:21:36.399  3032  7535 D ApplicationPolicy: getApplicationStateEnabled : pkg = com.samsung.android.scs userId : 0
05-14 07:21:36.399  3032  7535 D ApplicationPolicy: getApplicationComponentState : pkg = com.samsung.android.scs userId : 0
05-14 07:21:36.499 20969 21908 I SCS@AiSearch user 0: (BaseCollector::AOSP_MP) fetchInternal values : maxSyncId: 1000020907 indexCount: 12725 sourceCount: 12725
05-14 07:21:36.511 20969 21908 I SCS@AiSearch user 0: (IndexManager) [AOSP_MP-0] entering in addIndex():  
05-14 07:21:36.513 20969 21908 I SCS@AiSearch user 0: (BaseCollector::AOSP_MP) fetch: fetching took  67 ms
05-14 07:21:36.514 20969 21908 I SCS@AiSearch user 0: (BaseCollector::AOSP_MP) fetchChanges: applied 0 items
05-14 07:21:36.514 20969 21908 I SCS@AiSearch user 0: (BaseCollector::AOSP_MP) Collect finished. Result: true
05-14 07:21:36.514 20969 21908 I SCS@AiSearch user 0: (BaseCollector::AOSP_MP) enqueue ObserverWorker name: com.sec.android.app.myfiles, policy: APPEND_OR_REPLACE
05-14 07:21:36.515 20969 21070 I WM-WorkerWrapper: Worker result SUCCESS for Work [ id=04858967-e722-4e86-868f-a2b52889a746, tags={ com.sec.android.app.myfiles, com.samsung.android.scs.ai.search.data.collector.base.ObserverWorker } ]
05-14 07:21:36.536  3032  7532 D PackageManager: setEnabledSetting : userId = 0 packageName = com.samsung.android.scs cmp = androidx.work.impl.background.systemalarm.RescheduleReceiver newState = 1 callingPackage = com.samsung.android.scs
05-14 07:21:36.536  3032  7532 D ApplicationPolicy: getApplicationStateEnabled : pkg = com.samsung.android.scs userId : 0
05-14 07:21:36.537  3032  7532 D ApplicationPolicy: getApplicationComponentState : pkg = com.samsung.android.scs userId : 0
05-14 07:21:36.539 20969 21070 W JobInfo : Requested important-while-foreground flag for job186514 is ignored and takes no effect
05-14 07:21:36.547  3032  3844 I JobScheduler.HeavyJobController: com.samsung.android.smartsuggestions/androidx.work.impl.background.systemjob.SystemJobService has heavy job's constraints.
05-14 07:21:36.547  3032  3844 I JobScheduler: HeavyJobController::heavy job upper limit: 600000(1800000|1199864)
05-14 07:21:36.566 28679 31611 I Moneta::RemoteWorker: WorkerStart DATA_OBSERVER [attempt=0, stop reason=NOT_STOPPED], workLog = WorkLog(id=109b1e6f-7ebc-4094-9393-72663a40eac0-0, workTag=DATA_OBSERVER, startTime=0, endTime=null, stopTime=null, state=START, retryCount=0, errorCode=-256, tags=[gallery], executorThreadId=null)
05-14 07:21:36.567 28679 31611 I Moneta::BuiltInDataObserver: doWork - tag: gallery
05-14 07:21:36.567 28679 31611 I Moneta::BatchDataCollectingWorkerController: execute
05-14 07:21:36.567 28679 31611 I Moneta::BatchDataCollectingWorkerController: enqueueBatchDataCollectingWorker delay:59903432
05-14 07:21:36.567 28679 31611 I Moneta::RealTimeDataCollectingWorkerController: execute. tag(gallery)
05-14 07:21:36.567 28679 31611 I Moneta::RealTimeDataCollectingWorkerController: enqueueRealTimeDataCollectingWorker delay:10000
05-14 07:21:36.570 28679 31611 I Moneta::CoordinatorImpl: enqueueDataObserverWorker tag(gallery)
05-14 07:21:36.570 28679 31611 I Moneta::RemoteWorker: WorkerEnd DATA_OBSERVER (00:00:00.004), workLog = WorkLog(id=109b1e6f-7ebc-4094-9393-72663a40eac0-0, workTag=DATA_OBSERVER, startTime=1778757696566, endTime=1778757696570, stopTime=null, state=END, retryCount=0, errorCode=-256, tags=[gallery], executorThreadId=31611)
05-14 07:21:36.586  8322  9876 I WM-WorkerWrapper: Worker result SUCCESS for Work [ id=109b1e6f-7ebc-4094-9393-72663a40eac0, tags={ DATA_OBSERVER, MONETA_DATA_PLATFORM_COMMON_TAG, com.samsung.android.moneta.datacollector.builtin.dataobserver.BuiltInDataObserver, gallery } ]
05-14 07:21:36.629  2087 12461 I sensors-hal: handle_sns_client_event:422, [0][1768] gyro_sample_cal(cal_available:1)(3) [-0.001, 0.000, 0.000] bias[ 0.003,-0.003, 0.001] 486533019811004
05-14 07:21:36.717  8322  8343 I martsuggestions: Background young concurrent mark compact GC freed 45MB AllocSpace bytes, 67(1776KB) LOS objects, 64% free, 26MB/73MB, paused 1.031ms,2.423ms total 135.228ms
05-14 07:21:36.717  8322  8343 W martsuggestions: Reducing the number of considered missed Gc histogram windows from 436 to 100
05-14 07:21:36.768  2077  6139 I vendor.qti.bluetooth@1.1-ibs_handler: ProcessIbsCmd: Received IBS_WAKE_IND: 0xFD
05-14 07:21:36.769  2077  6139 D vendor.qti.bluetooth@1.1-ibs_handler: SerialClockVote: vote for UART CLK ON
05-14 07:21:36.769  2077  6139 D vendor.qti.bluetooth@1.1-wake_lock: Acquire wakelock is acquired 
05-14 07:21:36.769  2077  6139 I vendor.qti.bluetooth@1.1-ibs_handler: ProcessIbsCmd: Writing IBS_WAKE_ACK
05-14 07:21:36.780  4784  6167 I ScanController: onScanResult to scannerId: 5- eventType=0x1b, addressType=0, address=XX:XX:XX:XX:03:CD, primaryPhy=1, secondaryPhy=0, advertisingSid=0xff, txPower=127, rssi=-92, periodicAdvInt=0x0
05-14 07:21:36.780  4784  6167 I ScanController: onScanResult to scannerId: 6- eventType=0x1b, addressType=0, address=XX:XX:XX:XX:03:CD, primaryPhy=1, secondaryPhy=0, advertisingSid=0xff, txPower=127, rssi=-92, periodicAdvInt=0x0
05-14 07:21:36.783 16128 16448 I [-0400]oneconnect[1.8.45.24_01][CORE]: DataConvert.parseBleVd - deviceBle : |name:($)-U(19)|deviceType:AV|discoverType:_BLE|services:None|connected:false[AvStatus]32[AvService]17[AvYear]2017[AvOcfInfo]0[ExtendedStatus]1[ModuloSerialNumber]89[RemotelessHash][0, 0]
05-14 07:21:36.795  2087  8142 I sensors-hal: handle_sns_std_sensor_event:131, [SSC_LIGHT] A: 44(44),c:4,b:78,m:13,cl:0,l:44,s:35,l0:8288,l1:32,s0:6500,s1:0,acl:1,opr:0.31,f(r):74,u(bl):100,if:0,wi:2,si:0,po:174(N:0)
05-14 07:21:36.795  2087 12450 I sensors-hal: handle_sns_std_sensor_event:409, [SSC_LIGHT] P: 44(44),c:4,b:78,m:13,cl:0,l:44,s:35,l0:8288,l1:32,s0:6500,s1:0,acl:1,opr:0.31,f(r):74,u(bl):100,if:0,wi:2,si:0,po:174(N:0)
05-14 07:21:36.818  2077  6139 I vendor.qti.bluetooth@1.1-ibs_handler: ProcessIbsCmd: Received IBS_SLEEP_IND: 0xFE
05-14 07:21:36.818  2077  6139 D vendor.qti.bluetooth@1.1-ibs_handler: SerialClockVote: vote for UART CLK OFF
05-14 07:21:36.859  2203  2211 E HeatmapThread: ECT Thread time in milliseconds: 1778757696
05-14 07:21:36.866  2203  2211 D HeatmapThread: !@ batteryplugType : 2
05-14 07:21:36.867  2203  2211 D HeatmapThread: !@ batteryLevel : 49  batteryTemperature : 309 
05-14 07:21:36.867  2203  2211 D HeatmapThread: !@ Heatmap currtime: 29645961
05-14 07:21:36.867  2203  2211 D HeatmapThread: !@ Heatmap prevtime: 29645953
05-14 07:21:36.867  2203  2211 D HeatmapThread: !@ Heatmap plugstarttime: 29645897
05-14 07:21:36.867  2203  2211 D HeatmapThread: !@ Heatmap prevv_dsoh_update_time: 29645957
05-14 07:21:36.867  2203  2211 E HeatmapThread: !@Entered the read from path function
05-14 07:21:36.867  2203  2211 E HeatmapThread: !@Read Extended_heatmap from efs is: 14525 0 0 0 0 0 0 0 0 0 0 0 0 0 0 0 0 0 1703 0 0 0 0 0 0 0 0 0 0 0 0 0 0 0 0 0 1626 0 0 0 0 0 0 0 0 0 0 0 0 0 0 0 0 0 1603 0 0 0 0 0 0 0 0 0 0 0 0 0 0 0 0 0 1595 0 0 0 0 0 0 0 0 0 0 0 0 0 0 0 0 0 1507 0 0 0 0 0 0 0 0 0 0 0 0 0 0 0 0 0 1622 0 0 0 0 0 0 0 0 0 0 0 0 0 0 0 0 0 1554 0 0 0 0 0 0 0 0 0 0 0 0 0 0 0 0 0 1670 0 0 0 0 0 0 0 0 0 0 0 0 0 0 0 0 0 1592 0 0 0 0 0 0 0 0 0 0 0 0 0 0 0 0 0 1594 0 0 0 0 0 0 0 0 0 0 0 0 0 0 0 0 0 7187 0 0 0 0 0 0 0 0 0 0 0 0 0 0 0 0 0 8990 0 0 0 0 0 0 0 0 0 0 0 0 0 0 0 0 0 19390 0 0 0 0 0 0 0 0 0 0 0 0 0 0 0 0 0 20541 0 0 0 0 0 0 0 0 0 0 0 0 0 0 0 0 0 21166 0 0 0 0 0 0 0 0 0 0 0 0 0 0 0 0 0 23942 0 0 0 0 0 0 0 0 0 0 0 0 0 0 0 0 0 28214 0 0 0 0 0 0 0 0 0 0 0 0 0 0 0 0 0 16044 0 0 0 0 0 0 0 0 0 0 0 0 0 0 0 0 0 19223 0 0 0 0 0 0 0 0 0 0 0 0 0 0 0 0 0 20333 0 0 0 0 0 0 0 0 0 0 0 0 0 0 0 0 0 23765 0 0 0 0 0 0 0 0 0 0 0 0 0 0 0 0 0 3622 0 0 0 0 0 0 0 0 0 0 0 0 0 0 0 0 0 3813 0 0 0 0 0 0 0 0 0 0 0 0 0 0 0 0 0 3508 0 0 0 0 0 0 0 0 0 0 0 0 0 0 0 0 0 2
05-14 07:21:36.867  2203  2211 E HeatmapThread: !@Write Extended Heatmap to efs is: 14525 0 0 0 0 0 0 0 0 0 0 0 0 0 0 0 0 0 1703 0 0 0 0 0 0 0 0 0 0 0 0 0 0 0 0 0 1626 0 0 0 0 0 0 0 0 0 0 0 0 0 0 0 0 0 1603 0 0 0 0 0 0 0 0 0 0 0 0 0 0 0 0 0 1595 0 0 0 0 0 0 0 0 0 0 0 0 0 0 0 0 0 1507 0 0 0 0 0 0 0 0 0 0 0 0 0 0 0 0 0 1622 0 0 0 0 0 0 0 0 0 0 0 0 0 0 0 0 0 1554 0 0 0 0 0 0 0 0 0 0 0 0 0 0 0 0 0 1670 0 0 0 0 0 0 0 0 0 0 0 0 0 0 0 0 0 1592 0 0 0 0 0 0 0 0 0 0 0 0 0 0 0 0 0 1594 0 0 0 0 0 0 0 0 0 0 0 0 0 0 0 0 0 7187 0 0 0 0 0 0 0 0 0 0 0 0 0 0 0 0 0 8990 0 0 0 0 0 0 0 0 0 0 0 0 0 0 0 0 0 19390 0 0 0 0 0 0 0 0 0 0 0 0 0 0 0 0 0 20541 0 0 0 0 0 0 0 0 0 0 0 0 0 0 0 0 0 21166 0 0 0 0 0 0 0 0 0 0 0 0 0 0 0 0 0 23943 0 0 0 0 0 0 0 0 0 0 0 0 0 0 0 0 0 28214 0 0 0 0 0 0 0 0 0 0 0 0 0 0 0 0 0 16044 0 0 0 0 0 0 0 0 0 0 0 0 0 0 0 0 0 19223 0 0 0 0 0 0 0 0 0 0 0 0 0 0 0 0 0 20333 0 0 0 0 0 0 0 0 0 0 0 0 0 0 0 0 0 23765 0 0 0 0 0 0 0 0 0 0 0 0 0 0 0 0 0 3622 0 0 0 0 0 0 0 0 0 0 0 0 0 0 0 0 0 3813 0 0 0 0 0 0 0 0 0 0 0 0 0 0 0 0 0 3508 0 0 0 0 0 0 0 0 0 0 0 0 0 0 0 0 0 29
05-14 07:21:36.867  2203  2211 E HeatmapThread: !@ CAM New BSOH: 100
05-14 07:21:36.867  2203  2211 E HeatmapThread: !@ CAM is Working
05-14 07:21:36.969  2077  5340 D vendor.qti.bluetooth@1.1-wake_lock: Release wakelock is released 
05-14 07:21:37.071 28679 10787 I Moneta::BuiltInDataObserverWorkerController: execute. tag(gallery)
05-14 07:21:37.073 28679 10787 I Moneta::BuiltInDataObserverWorkerController: enqueueBuiltInDataObserverWorker tag(gallery) delay:3000
05-14 07:21:37.122  2087 12453 I sensors-hal: handle_sns_client_event:375, [0][17936] accel_sample [ 0.129,  0.086,  9.863] 486533523478973
05-14 07:21:37.130  2144  2176 E BatteryDump: !@new_battery_dump : 3819,-189,375,550,49,309,290,384,309,0,331,384,0,Charging,NO_CHARGING,Normal,Good,USB,1,Normal,0,0,9279,0x8000,0x10010000,0x0,0,0,0000,0000,00000000,0,0,0,0,559,3847,4871,990,0,
05-14 07:21:37.131  2169  2169 I seh_thermal_service: getTemperaturesWithType SehTemperatureType: 3
05-14 07:21:37.131  2144  2144 I sehhealth-service: updateLrpSysfs: write: 333
05-14 07:21:37.195 25536 25879 I ndroid.gms:snet: Explicit concurrent mark compact GC freed 224KB AllocSpace bytes, 0(0B) LOS objects, 68% free, 3825KB/11MB, paused 463us,3.209ms total 60.463ms
05-14 07:21:37.207  3032  3977 D ActivityManager: freezing 21664 com.skms.android.agent:remote
05-14 07:21:37.266  2196  3469 D AF::Track: interceptBuffer: took 625us to intercept 0 tracks
05-14 07:21:37.379 21216 21216 I wpa_supplicant: Heartbeat 24465
05-14 07:21:37.389  8325  8325 D WM-DelayedWorkTracker: Scheduling work 0fe0232c-6483-4b55-ae17-5d15e8568ae7
05-14 07:21:37.389  8325  8325 D WM-GreedyScheduler: Starting tracking for 0fe0232c-6483-4b55-ae17-5d15e8568ae7
05-14 07:21:37.390  8325  8624 D WM-ConstraintTracker: BatteryNotLowTracker: initial state = true
05-14 07:21:37.390  8325  8624 D WM-BrdcstRcvrCnstrntTrc: BatteryNotLowTracker: registering receiver
05-14 07:21:37.392  8325  8624 D WM-GreedyScheduler: Constraints met: Scheduling work ID WorkGenerationalId(workSpecId=0fe0232c-6483-4b55-ae17-5d15e8568ae7, generation=0)
05-14 07:21:37.394  8325  8624 D WM-Processor: Processor: processing WorkGenerationalId(workSpecId=0fe0232c-6483-4b55-ae17-5d15e8568ae7, generation=0)
05-14 07:21:37.396  8325  8325 D WM-WorkerWrapper: Starting work for com.android.providers.media.photopicker.sync.ProactiveSyncWorker
05-14 07:21:37.397  8325 12827 I PSyncWorker: Starting proactive picker sync from sync source: 1
05-14 07:21:37.397  8325 12827 I PickerSyncTracker: Created new sync future java.util.concurrent.CompletableFuture@a4d1b10[Not completed, 1 dependents]. Future map: {0fe0232c-6483-4b55-ae17-5d15e8568ae7=java.util.concurrent.CompletableFuture@a4d1b10[Not completed, 1 dependents]}
05-14 07:21:37.397  8325 12827 D PickerSyncController: syncAllMediaFromProvider() LOCAL, auth=com.android.providers.media.photopicker, retry=true
05-14 07:21:37.397  8325 12827 D PickerSyncController: getSyncRequestParams() LOCAL, auth=com.android.providers.media.photopicker
05-14 07:21:37.405  8325 12827 D PickerSyncController:    Latest ID/Gen=5d3e9361a8bc47d0:external_primary/166891
05-14 07:21:37.405  8325 12827 D PickerSyncController:    Cached ID/Gen=5d3e9361a8bc47d0:external_primary/166882
05-14 07:21:37.405  8325 12827 D PickerSyncController:    RESULT=SyncRequestParams{type=MEDIA_INCREMENTAL, gen=166882, latest=Bundle[{last_media_sync_generation=166891, media_collection_id=5d3e9361a8bc47d0:external_primary}], pageSize=1000}
05-14 07:21:37.405  8325 12827 I PickerSyncController: Executing SyncAdd. isLocal: true. authority: com.android.providers.media.photopicker
05-14 07:21:37.406  8325 12827 D PickerSyncLockManager: Trying to acquire lock com.android.providers.media.photopicker.sync.CloseableReentrantLock@eb1b5ed[Unlocked]. Lock Name = CLOUD_PROVIDER_LOCK. Threads that may be waiting to acquire this lock = [] with timeout.
05-14 07:21:37.406  8325 12827 D CloseableReentrantLock: Successfully acquired lock com.android.providers.media.photopicker.sync.CloseableReentrantLock@eb1b5ed[Locked by thread pool-5-thread-515]. Lock Name = CLOUD_PROVIDER_LOCK. Threads that may be waiting to acquire this lock = []
05-14 07:21:37.406  8325 12827 D CloseableReentrantLock: Successfully released lock com.android.providers.media.photopicker.sync.CloseableReentrantLock@eb1b5ed[Unlocked]. Lock Name = CLOUD_PROVIDER_LOCK. Threads that may be waiting to acquire this lock = []
05-14 07:21:37.406  8325 12827 D ExternalDbFacade: Token received for queryMedia = null
05-14 07:21:37.412  8325 12827 D PickerSyncLockManager: Trying to acquire lock com.android.providers.media.photopicker.sync.CloseableReentrantLock@eb1b5ed[Unlocked]. Lock Name = CLOUD_PROVIDER_LOCK. Threads that may be waiting to acquire this lock = [] with timeout.
05-14 07:21:37.412  8325 12827 D CloseableReentrantLock: Successfully acquired lock com.android.providers.media.photopicker.sync.CloseableReentrantLock@eb1b5ed[Locked by thread pool-5-thread-515]. Lock Name = CLOUD_PROVIDER_LOCK. Threads that may be waiting to acquire this lock = []
05-14 07:21:37.412  8325 12827 D PickerSyncController: Saving next page token: 1778757695000|1000020937 for key: local_provider:media_add:resume
05-14 07:21:37.412  8325 12827 D CloseableReentrantLock: Successfully released lock com.android.providers.media.photopicker.sync.CloseableReentrantLock@eb1b5ed[Unlocked]. Lock Name = CLOUD_PROVIDER_LOCK. Threads that may be waiting to acquire this lock = []
05-14 07:21:37.412  3032  7524 D SyncManager: userId - 0 auto - true
05-14 07:21:37.413  8325 12827 D PickerNotificationSender: Sending a notification for media update
05-14 07:21:37.413  3032  7524 D SyncManager: userId - 0 auto - true
05-14 07:21:37.413  8325 12827 D PickerNotificationSender: Sending a notification for merged album media update Favorites
05-14 07:21:37.413  8325 12827 D PickerNotificationSender: Sending a notification for album media update Favorites
05-14 07:21:37.414  3032  7524 D SyncManager: userId - 0 auto - true
05-14 07:21:37.414  8325 12827 D PickerNotificationSender: Sending a notification for merged album media update Videos
05-14 07:21:37.414  8325 12827 D PickerNotificationSender: Sending a notification for album media update Videos
05-14 07:21:37.414  3032  7524 D SyncManager: userId - 0 auto - true
05-14 07:21:37.414  8325 12827 D ExternalDbFacade: Token received for queryMedia = 1778757695000|1000020937
05-14 07:21:37.418  8325 12827 D PickerSyncLockManager: Trying to acquire lock com.android.providers.media.photopicker.sync.CloseableReentrantLock@eb1b5ed[Unlocked]. Lock Name = CLOUD_PROVIDER_LOCK. Threads that may be waiting to acquire this lock = [] with timeout.
05-14 07:21:37.418  8325 12827 D CloseableReentrantLock: Successfully acquired lock com.android.providers.media.photopicker.sync.CloseableReentrantLock@eb1b5ed[Locked by thread pool-5-thread-515]. Lock Name = CLOUD_PROVIDER_LOCK. Threads that may be waiting to acquire this lock = []
05-14 07:21:37.418  8325 12827 D PickerSyncController: Clearing next page token for key: local_provider:media_add:resume
05-14 07:21:37.418  8325 12827 D CloseableReentrantLock: Successfully released lock com.android.providers.media.photopicker.sync.CloseableReentrantLock@eb1b5ed[Unlocked]. Lock Name = CLOUD_PROVIDER_LOCK. Threads that may be waiting to acquire this lock = []
05-14 07:21:37.418  8325 12827 D PickerNotificationSender: Sending a notification for media update
05-14 07:21:37.418  3032  7524 D SyncManager: userId - 0 auto - true
05-14 07:21:37.419  8325 12827 D PickerNotificationSender: Sending a notification for merged album media update Favorites
05-14 07:21:37.419  8325 12827 D PickerNotificationSender: Sending a notification for album media update Favorites
05-14 07:21:37.419  3032  7524 D SyncManager: userId - 0 auto - true
05-14 07:21:37.419  8325 12827 D PickerNotificationSender: Sending a notification for merged album media update Videos
05-14 07:21:37.419  8325 12827 D PickerNotificationSender: Sending a notification for album media update Videos
05-14 07:21:37.419  3032  7524 D SyncManager: userId - 0 auto - true
05-14 07:21:37.419  8325 12827 I PickerSyncController: Paged sync successful. QueryArgs: Bundle[{android.provider.extra.PAGE_TOKEN=1778757695000|1000020937, android.provider.extra.SYNC_GENERATION=166882, android.provider.extra.PAGE_SIZE=1000}] Total Rows: 1
05-14 07:21:37.420  8325 12827 I PickerSyncController: Executing SyncRemove. isLocal: true. authority: com.android.providers.media.photopicker
05-14 07:21:37.420  8325 12827 D PickerSyncLockManager: Trying to acquire lock com.android.providers.media.photopicker.sync.CloseableReentrantLock@eb1b5ed[Unlocked]. Lock Name = CLOUD_PROVIDER_LOCK. Threads that may be waiting to acquire this lock = [] with timeout.
05-14 07:21:37.420  8325 12827 D CloseableReentrantLock: Successfully acquired lock com.android.providers.media.photopicker.sync.CloseableReentrantLock@eb1b5ed[Locked by thread pool-5-thread-515]. Lock Name = CLOUD_PROVIDER_LOCK. Threads that may be waiting to acquire this lock = []
05-14 07:21:37.420  8325 12827 D CloseableReentrantLock: Successfully released lock com.android.providers.media.photopicker.sync.CloseableReentrantLock@eb1b5ed[Unlocked]. Lock Name = CLOUD_PROVIDER_LOCK. Threads that may be waiting to acquire this lock = []
05-14 07:21:37.421  8325 12827 D PickerSyncLockManager: Trying to acquire lock com.android.providers.media.photopicker.sync.CloseableReentrantLock@eb1b5ed[Unlocked]. Lock Name = CLOUD_PROVIDER_LOCK. Threads that may be waiting to acquire this lock = [] with timeout.
05-14 07:21:37.421  8325 12827 D CloseableReentrantLock: Successfully acquired lock com.android.providers.media.photopicker.sync.CloseableReentrantLock@eb1b5ed[Locked by thread pool-5-thread-515]. Lock Name = CLOUD_PROVIDER_LOCK. Threads that may be waiting to acquire this lock = []
05-14 07:21:37.421  8325 12827 D PickerSyncController: Clearing next page token for key: local_provider:media_remove:resume
05-14 07:21:37.421  8325 12827 D CloseableReentrantLock: Successfully released lock com.android.providers.media.photopicker.sync.CloseableReentrantLock@eb1b5ed[Unlocked]. Lock Name = CLOUD_PROVIDER_LOCK. Threads that may be waiting to acquire this lock = []
05-14 07:21:37.421  8325 12827 D PickerNotificationSender: Sending a notification for media update
05-14 07:21:37.421  3032  7524 D SyncManager: userId - 0 auto - true
05-14 07:21:37.421  8325 12827 D PickerNotificationSender: Sending a notification for merged album media update Favorites
05-14 07:21:37.421  8325 12827 D PickerNotificationSender: Sending a notification for album media update Favorites
05-14 07:21:37.421  3032  7524 D SyncManager: userId - 0 auto - true
05-14 07:21:37.422  8325 12827 D PickerNotificationSender: Sending a notification for merged album media update Videos
05-14 07:21:37.422  8325 12827 D PickerNotificationSender: Sending a notification for album media update Videos
05-14 07:21:37.422  3032  7524 D SyncManager: userId - 0 auto - true
05-14 07:21:37.422  8325 12827 I PickerSyncController: Paged sync successful. QueryArgs: Bundle[{android.provider.extra.PAGE_TOKEN=1778757695000|1000020937, android.provider.extra.SYNC_GENERATION=166882, android.provider.extra.PAGE_SIZE=1000}] Total Rows: 0
05-14 07:21:37.422  8325 12827 I PickerSyncTracker: Marked sync future complete for work id: 0fe0232c-6483-4b55-ae17-5d15e8568ae7. Future map: {}
05-14 07:21:37.422  8325 12827 I PSyncWorker: Completed picker proactive sync complete from local provider.
05-14 07:21:37.424  8325  8709 I WM-WorkerWrapper: Worker result SUCCESS for Work [ id=0fe0232c-6483-4b55-ae17-5d15e8568ae7, tags={ com.android.providers.media.photopicker.sync.ProactiveSyncWorker } ]
05-14 07:21:37.430  8325  8325 D WM-Processor: Processor 0fe0232c-6483-4b55-ae17-5d15e8568ae7 executed; reschedule = false
05-14 07:21:37.430  8325  8325 D WM-GreedyScheduler: Stopping tracking for WorkGenerationalId(workSpecId=0fe0232c-6483-4b55-ae17-5d15e8568ae7, generation=0)
05-14 07:21:37.431 12825 12825 W screencap: Thread Pool max thread count is 0. Cannot cache binder as linkToDeath cannot be implemented. serviceName: SurfaceFlingerAIDL
05-14 07:21:37.431 12825 12825 W BpBinder: Linking to death on android.gui.ISurfaceComposer but there are no threads (yet?) listening to incoming transactions. See ProcessState::startThreadPool and ProcessState::setThreadPoolMaxThreadCount. Generally you should setup the binder threadpool before other initialization steps.
05-14 07:21:37.431 12825 12825 W screencap: Thread Pool max thread count is 0. Cannot cache binder as linkToDeath cannot be implemented. serviceName: edmnativehelper
05-14 07:21:37.431  3032  7532 I EDMNativeHelperService: isScreenCaptureEnabled
05-14 07:21:37.432  3032  7532 D RestrictionPolicy: isScreenCaptureEnabled : ret=true userId=0
05-14 07:21:37.432 12825 12825 W ProcessState: Extra binder thread started, but 0 threads requested. Do not use *startThreadPool when zero threads are requested.
05-14 07:21:37.432 12825 12825 I SurfaceComposerClient: captureDisplay:Display-4630946315032985731
05-14 07:21:37.432  8325  8624 D WM-GreedyScheduler: Cancelling work ID 0fe0232c-6483-4b55-ae17-5d15e8568ae7
05-14 07:21:37.433  8325  8624 D WM-GreedyScheduler: Ignoring {WorkSpec: 8b0e26a1-da17-4a7d-8943-fa37401907bb}. Requires device idle.
05-14 07:21:37.433  8325  8624 D WM-GreedyScheduler: Ignoring {WorkSpec: 851dc692-8528-4451-a03e-188ed97a5b4d}. Requires device idle.
05-14 07:21:37.433  8325  8624 D WM-GreedyScheduler: Ignoring {WorkSpec: 00b34183-214c-4ec2-a349-e19f9227b254}. Requires device idle.
05-14 07:21:37.433  8325  8624 D WM-BrdcstRcvrCnstrntTrc: BatteryNotLowTracker: unregistering receiver
05-14 07:21:37.435  2210  2344 I SurfaceFlinger: Capture layer list: 	 Background for b11d722 SurfaceView[com.defaultcompany.rescuegrid.dev/com.unity3d.player.UnityPlayerGameActivity]@0#25997(seamlessTransition:0)
05-14 07:21:37.435  2210  2344 I SurfaceFlinger: Capture layer list: 	 b11d722 SurfaceView[com.defaultcompany.rescuegrid.dev/com.unity3d.player.UnityPlayerGameActivity]@0(BLAST)#25996(seamlessTransition:0)
05-14 07:21:37.435  2210  2344 I SurfaceFlinger: Capture layer list: 	 com.defaultcompany.rescuegrid.dev/com.unity3d.player.UnityPlayerGameActivity$_12406#25991(seamlessTransition:0)
05-14 07:21:37.435  2210  2344 I SurfaceFlinger: Capture layer list: 	 StatusBar$_4556#113(seamlessTransition:0)
05-14 07:21:37.436  2210  2344 I CompositionEngine: [setDisplaySize] size=(1080, 2340)
05-14 07:21:37.436  2210  2344 E HwcComposer: getLuts failed Status(-129, EX_TRANSACTION_FAILED): 'UNKNOWN_TRANSACTION: '
05-14 07:21:37.437  2210  2370 D RenderEngine: [SEC_SF_EFFECTS] drawLayersInternal,1483, Rendering layer ScreenCaptureFillLayer at index 0
05-14 07:21:37.437  2210  2370 D RenderEngine: [SEC_SF_EFFECTS] drawLayersInternal,1483, Rendering layer b11d722 SurfaceView[com.defaultcompany.rescuegrid.dev/com.unity3d.player.UnityPlayerGameActivity]@0(BLAST)#25996 at index 1
05-14 07:21:37.438  2210  2370 D RenderEngine: [SEC_SF_EFFECTS] drawLayersInternal,1483, Rendering layer com.defaultcompany.rescuegrid.dev/com.unity3d.player.UnityPlayerGameActivity$_12406#25991 at index 2
05-14 07:21:37.438  2210  2370 D RenderEngine: [SEC_SF_EFFECTS] drawLayersInternal,1483, Rendering layer StatusBar$_4556#113 at index 3
05-14 07:21:37.472 12825 12828 I AdrenoUtils: <ReadGpuID:357>: Reading chip ID through GSL
05-14 07:21:37.473 12825 12825 W qdgralloc: Failed to load libubwcp.so
05-14 07:21:37.477  8325 10684 W MediaProvider: isAppCloneUserPair for user 0: false
05-14 07:21:37.495  8325 10684 W SQLiteLog: (28) walCheckpoint: eMode(0), mxFrame(269), nBackfill(269), /data/data/com.google.android.providers.media.module/databases/external.db-wal taking (5) ms
05-14 07:21:37.497  3032  7524 D SyncManager: userId - 0 auto - true
05-14 07:21:37.498  4191  4252 I MediaSyncer: generation: Generation(added=166888, modified=166891)
05-14 07:21:37.518  4191  4252 I MediaSyncer: loaded: 20ms, Success(maxMediaId=0, maxGenAdded=-9223372036854775808, maxGenModified=166899, count=0)
05-14 07:21:37.801  4536  5244 D SatelliteController: isInCarrierRoamingNbIotNtn: satellite is disabled
05-14 07:21:37.804  4536  5244 D SatelliteController: isInCarrierRoamingNbIotNtn: satellite is disabled
05-14 07:21:37.807  4782  4782 I EPDG -- SIM1 [SMARTCELLULAR]: onSignalStrengthsChanged: SignalStrength:{mCdma=Invalid,mGsm=Invalid,mWcdma=Invalid,mTdscdma=Invalid,mLte=Invalid,mNr=CellSignalStrengthNr:{ csiRsrp = 2147483647 csiRsrq = 2147483647 csiCqiTableIndex = 2147483647 csiCqiReport = [] ssRsrp = -99 ssRsrq = -11 ssSinr = 9 level = 1 parametersUseForLevel = 0 timingAdvance = 2147483647 },SignalBarInfo{ nrLevel=3 },rat=20,primary=CellSignalStrengthNr}
05-14 07:21:37.809  4782  6582 I EPDG -- SIM1 [SMARTCELLULAR]: lastNrRSRP is -103 currentNrRSRP is -99 lastNrRSRQ is -12 currentNrRSRQ is -11
05-14 07:21:37.809  4782  6582 I EPDG -- SIM1 [SMARTCELLULAR]: postLteRunnableFinal: mIsLteAvailable is true
05-14 07:21:37.811  1321  1321 D io_stats: !@   8,0 r 21733012 473064220 w 8261066 186353524 d 1158370 276891348 f 268058 901056 iot 4988400 0 th 0 0 0 pt 0 inp 0 0 176186.498
