05-14 07:21:44.751  4536  4750 D EuiccConnector: invokeEnterMethods: AvailableState
05-14 07:21:44.751  4536  4750 D EuiccConnector: handleMessage: X
05-14 07:21:44.751 12126 12126 E SLPASVC : To Client messenger is NULL                                                                         [at com.samsung.euicc.lpaService.worker.RxHandler.sendToClient(RxHandler.java:380)]
05-14 07:21:44.753 12126 12126 I SLPASVC : EVENT_TRY_UNBIND                                                                                    [at com.samsung.euicc.lpaService.LpaServiceHandler.handleMessage(LpaServiceHandler.java:49)]
05-14 07:21:44.753 12126 12126 I SLPASVC : no busy worker. stop foreground                                                                     [at com.samsung.euicc.lpaService.LpaServiceHandler.checkStopCondition(LpaServiceHandler.java:115)]
05-14 07:21:44.753 12126 12126 W SLPASVC : updateFreeNvMemorySize                                                                              [at com.samsung.euicc.lpaService.LpaService.updateFreeNvMemorySize(LpaService.java:261)]
05-14 07:21:44.760 12126 12126 I SLPASVC : Es10Factory.create(): 1                                                                             [at com.samsung.euicc.lpaService.gsma.phase2.es10.Es10Factory.create(Es10Factory.java:50)]
05-14 07:21:44.761 12126 12126 I SLPASVC : create MEP A1                                                                                       [at com.samsung.euicc.lpaService.gsma.phase2.es10.Es10Factory.create(Es10Factory.java:53)]
05-14 07:21:44.764 12126 12257 I SLPASVC : EuiccLogicalChannel::openBySlot():  physicalSlotIndex = 1, portIndex = 0                            [at com.samsung.euicc.lpaService.gsma.phase2.es10.uicc.EuiccLogicalChannel.openBySlot(EuiccLogicalChannel.java:251)]
05-14 07:21:44.804 12126 12257 I SLPASVC : 0x00000065 was opened                                                                               [at com.samsung.euicc.lpaService.gsma.phase2.es10.uicc.EuiccLogicalChannel.openBySlot(EuiccLogicalChannel.java:293)]
05-14 07:21:44.805 12126 12257 I SLPASVC :  cla: 80 ins: E2 Le: 00                                                                             [at com.samsung.euicc.lpaService.gsma.phase2.es10.uicc.EuiccLogicalChannel.storeData(EuiccLogicalChannel.java:68)]
05-14 07:21:44.806 12126 12257 I SLPASVC : [STORE DATA] blockNumber : 0                                                                        [at com.samsung.euicc.lpaService.gsma.phase2.es10.uicc.EuiccLogicalChannel.storeData(EuiccLogicalChannel.java:78)]
05-14 07:21:44.806 12126 12257 I SLPASVC : case 4 command APDU                                                                                 [at com.samsung.euicc.lpaService.gsma.phase2.es10.uicc.EuiccLogicalChannel.getCmdApdu(EuiccLogicalChannel.java:206)]
05-14 07:21:44.826  3032  7534 I ActivityManager: Broadcasting: Intent { act=android.intent.action.MEDIA_SCANNER_SCAN_FILE dat=file:///... flg=0x400000 }
05-14 07:21:44.827  3032  7534 I ActivityManager: Enqueued broadcast Intent { act=android.intent.action.MEDIA_SCANNER_SCAN_FILE dat=file:///... flg=0x400000 }: 0
05-14 07:21:44.831  8325  8325 I MediaServiceV2: Creating work for intent Intent { act=android.intent.action.MEDIA_SCANNER_SCAN_FILE dat=file:///... flg=0x1400010 cmp=com.google.android.providers.media.module/com.android.providers.media.MediaServiceV2 }
05-14 07:21:44.832  8325  8325 I MediaServiceV2: Work enqueued for intent: Intent { act=android.intent.action.MEDIA_SCANNER_SCAN_FILE dat=file:///... flg=0x1400010 cmp=com.google.android.providers.media.module/com.android.providers.media.MediaServiceV2 }
05-14 07:21:44.833  3032  3229 I ActivityManager: Broadcast completed: result=0
05-14 07:21:44.841 12126 12257 I SLPASVC : APDU StatusWord - 9X XX                                                                             [at com.samsung.euicc.lpaService.gsma.phase2.es10.uicc.EuiccLogicalChannel.handleResponse(EuiccLogicalChannel.java:231)]
05-14 07:21:44.842 12126 12257 I SLPASVC : EuiccLogicalChannel::close(): 101                                                                   [at com.samsung.euicc.lpaService.gsma.phase2.es10.uicc.EuiccLogicalChannel.close(EuiccLogicalChannel.java:45)]
05-14 07:21:44.846  8325  8702 W JobInfo : Requested important-while-foreground flag for job7035 is ignored and takes no effect
05-14 07:21:44.847  8325  8702 D WM-SystemJobScheduler: Scheduling work ID 3237dad1-d7be-4343-8eea-4354d150b0e4Job ID 7035
05-14 07:21:44.854  8325  8702 D WM-GreedyScheduler: Ignoring {WorkSpec: 8b0e26a1-da17-4a7d-8943-fa37401907bb}. Requires device idle.
05-14 07:21:44.854  8325  8702 D WM-GreedyScheduler: Ignoring {WorkSpec: 851dc692-8528-4451-a03e-188ed97a5b4d}. Requires device idle.
05-14 07:21:44.854  8325  8702 D WM-GreedyScheduler: Ignoring {WorkSpec: 00b34183-214c-4ec2-a349-e19f9227b254}. Requires device idle.
05-14 07:21:44.854  8325  8702 D WM-GreedyScheduler: Starting work for 3237dad1-d7be-4343-8eea-4354d150b0e4
05-14 07:21:44.855  8325  8325 D WM-SystemJobService: onStartJob for WorkGenerationalId(workSpecId=3237dad1-d7be-4343-8eea-4354d150b0e4, generation=0)
05-14 07:21:44.856  8325  8624 D WM-Processor: Processor: processing WorkGenerationalId(workSpecId=3237dad1-d7be-4343-8eea-4354d150b0e4, generation=0)
05-14 07:21:44.857  8325  8711 D WM-Processor: Work WorkGenerationalId(workSpecId=3237dad1-d7be-4343-8eea-4354d150b0e4, generation=0) is already enqueued for processing
05-14 07:21:44.859  2203  2211 E HeatmapThread: ECT Thread time in milliseconds: 1778757704
05-14 07:21:44.860  8325  8325 D WM-WorkerWrapper: Starting work for com.android.providers.media.MediaServiceV2
05-14 07:21:44.862 12126 12126 I SLPASVC : freeNvm: 478504                                                                                     [at com.samsung.euicc.util.EuiccSvcLog.sp(EuiccSvcLog.java:108)]
05-14 07:21:44.862  8325 12894 I MediaServiceV2: Work initiated for action [ android.intent.action.MEDIA_SCANNER_SCAN_FILE ]
05-14 07:21:44.862 12126 12126 I SLPASVC : freeVm: 16912                                                                                       [at com.samsung.euicc.util.EuiccSvcLog.sp(EuiccSvcLog.java:108)]
05-14 07:21:44.862  2203  2211 D HeatmapThread: !@ batteryplugType : 2
05-14 07:21:44.862  2203  2211 D HeatmapThread: !@ batteryLevel : 49  batteryTemperature : 309 
05-14 07:21:44.862  2203  2211 D HeatmapThread: !@ Heatmap currtime: 29645961
05-14 07:21:44.862  2203  2211 D HeatmapThread: !@ Heatmap prevtime: 29645953
05-14 07:21:44.862 12126 12126 I SLPASVC : firmware[1]: 137.38.0                                                                               [at com.samsung.euicc.util.EuiccSvcLog.sp(EuiccSvcLog.java:108)]
05-14 07:21:44.862  2203  2211 D HeatmapThread: !@ Heatmap plugstarttime: 29645897
05-14 07:21:44.862  2203  2211 D HeatmapThread: !@ Heatmap prevv_dsoh_update_time: 29645957
05-14 07:21:44.862  2203  2211 E HeatmapThread: !@ CAM New BSOH: 100
05-14 07:21:44.862  2203  2211 E HeatmapThread: !@ CAM is Working
05-14 07:21:44.864 12126 12126 I SLPASVC : available vm: 16912                                                                                 [at com.samsung.euicc.util.EuiccSvcLog.sp(EuiccSvcLog.java:108)]
05-14 07:21:44.866 12126 12126 E SLPASVC : available memory: 478504                                                                            [at com.samsung.euicc.lpaService.gsma.phase2.es10.Es10MepBase.getAvailableMemory(Es10MepBase.java:36)]
05-14 07:21:44.866 12126 12126 I SLPASVC : available memory: 478504                                                                            [at com.samsung.euicc.util.EuiccSvcLog.sp(EuiccSvcLog.java:108)]
05-14 07:21:44.867 12126 12126 I SLPASVC : update FreeSize(1):478504                                                                           [at com.samsung.euicc.lpaService.LpaService.updateFreeNvMemorySize(LpaService.java:272)]
05-14 07:21:44.871 12126 12257 I SLPASVC : EuiccLogicalChannel::openBySlot():  physicalSlotIndex = 1, portIndex = 0                            [at com.samsung.euicc.lpaService.gsma.phase2.es10.uicc.EuiccLogicalChannel.openBySlot(EuiccLogicalChannel.java:251)]
05-14 07:21:44.876  8325 12894 I Kumiho-Kumiho: getPackageName: com.google.android.providers.media.module
05-14 07:21:44.877  8325 12894 I Kumiho-Kumiho: getPackageName: com.google.android.providers.media.module
05-14 07:21:44.883  8325 12894 I MediaServiceV2: Work ended for action [ android.intent.action.MEDIA_SCANNER_SCAN_FILE ]
05-14 07:21:44.884  8325  8702 I WM-WorkerWrapper: Worker result SUCCESS for Work [ id=3237dad1-d7be-4343-8eea-4354d150b0e4, tags={ com.android.providers.media.MediaServiceV2 } ]
05-14 07:21:44.886  8325  8325 D WM-Processor: Processor 3237dad1-d7be-4343-8eea-4354d150b0e4 executed; reschedule = false
05-14 07:21:44.887  8325  8325 D WM-SystemJobService: 3237dad1-d7be-4343-8eea-4354d150b0e4 executed on JobScheduler
05-14 07:21:44.893  8325  8709 D WM-GreedyScheduler: Cancelling work ID 3237dad1-d7be-4343-8eea-4354d150b0e4
05-14 07:21:44.894  8325  8709 D WM-GreedyScheduler: Ignoring {WorkSpec: 8b0e26a1-da17-4a7d-8943-fa37401907bb}. Requires device idle.
05-14 07:21:44.895  8325  8709 D WM-GreedyScheduler: Ignoring {WorkSpec: 851dc692-8528-4451-a03e-188ed97a5b4d}. Requires device idle.
05-14 07:21:44.895  3032  7527 D SyncManager: userId - 0 auto - true
05-14 07:21:44.895  8325  8709 D WM-GreedyScheduler: Ignoring {WorkSpec: 00b34183-214c-4ec2-a349-e19f9227b254}. Requires device idle.
05-14 07:21:44.896  4191  4252 I MediaSyncer: generation: Generation(added=166913, modified=166922)
05-14 07:21:44.900 12126 12257 I SLPASVC : 0x00000065 was opened                                                                               [at com.samsung.euicc.lpaService.gsma.phase2.es10.uicc.EuiccLogicalChannel.openBySlot(EuiccLogicalChannel.java:293)]
05-14 07:21:44.900 12126 12257 I SLPASVC :  cla: 80 ins: E2 Le: 00                                                                             [at com.samsung.euicc.lpaService.gsma.phase2.es10.uicc.EuiccLogicalChannel.storeData(EuiccLogicalChannel.java:68)]
05-14 07:21:44.901 12126 12257 I SLPASVC : [STORE DATA] blockNumber : 0                                                                        [at com.samsung.euicc.lpaService.gsma.phase2.es10.uicc.EuiccLogicalChannel.storeData(EuiccLogicalChannel.java:78)]
05-14 07:21:44.901 12126 12257 I SLPASVC : case 4 command APDU                                                                                 [at com.samsung.euicc.lpaService.gsma.phase2.es10.uicc.EuiccLogicalChannel.getCmdApdu(EuiccLogicalChannel.java:206)]
05-14 07:21:44.910  8325  8702 D WM-SystemJobScheduler: Scheduling work ID 3a0f8fcb-f0f6-4853-b025-5c5143586de6Job ID 7036
05-14 07:21:44.911  8325  8702 D WM-GreedyScheduler: Ignoring {WorkSpec: 8b0e26a1-da17-4a7d-8943-fa37401907bb}. Requires device idle.
05-14 07:21:44.911  8325  8702 D WM-GreedyScheduler: Ignoring {WorkSpec: 851dc692-8528-4451-a03e-188ed97a5b4d}. Requires device idle.
05-14 07:21:44.911  8325  8702 D WM-GreedyScheduler: Ignoring {WorkSpec: 00b34183-214c-4ec2-a349-e19f9227b254}. Requires device idle.
05-14 07:21:44.917 12126 12257 I SLPASVC : APDU StatusWord - 9X XX                                                                             [at com.samsung.euicc.lpaService.gsma.phase2.es10.uicc.EuiccLogicalChannel.handleResponse(EuiccLogicalChannel.java:231)]
05-14 07:21:44.918 12126 12257 I SLPASVC : EuiccLogicalChannel::close(): 101                                                                   [at com.samsung.euicc.lpaService.gsma.phase2.es10.uicc.EuiccLogicalChannel.close(EuiccLogicalChannel.java:45)]
05-14 07:21:44.921  4191  4252 I MediaSyncer: loaded: 26ms, Success(maxMediaId=1000020941, maxGenAdded=166922, maxGenModified=166927, count=1)
05-14 07:21:44.924 12625 12673 I BaseThreadPoolExecutor: [#CMH#] Task com.samsung.cmh.core.task.MediaContentSyncTask@279282f is submitted
05-14 07:21:44.933 12126 12126 I SLPASVC : onUnbind                                                                                            [at com.samsung.euicc.lpaService.LpaService.onUnbind(LpaService.java:175)]
05-14 07:21:44.934 12126 12126 I SLPASVC : no busy worker. stop foreground                                                                     [at com.samsung.euicc.lpaService.LpaServiceHandler.checkStopCondition(LpaServiceHandler.java:115)]
05-14 07:21:44.934 12126 12126 W SLPASVC : updateFreeNvMemorySize                                                                              [at com.samsung.euicc.lpaService.LpaService.updateFreeNvMemorySize(LpaService.java:261)]
05-14 07:21:44.936 12126 12126 I SLPASVC : Es10Factory.create(): 1                                                                             [at com.samsung.euicc.lpaService.gsma.phase2.es10.Es10Factory.create(Es10Factory.java:50)]
05-14 07:21:44.936 12126 12126 I SLPASVC : create MEP A1                                                                                       [at com.samsung.euicc.lpaService.gsma.phase2.es10.Es10Factory.create(Es10Factory.java:53)]
05-14 07:21:44.939 12126 12257 I SLPASVC : EuiccLogicalChannel::openBySlot():  physicalSlotIndex = 1, portIndex = 0                            [at com.samsung.euicc.lpaService.gsma.phase2.es10.uicc.EuiccLogicalChannel.openBySlot(EuiccLogicalChannel.java:251)]
05-14 07:21:44.939  4191 10940 W SefInterface$Companion: This file doesn't have SEF
05-14 07:21:44.947 12625 12747 I MediaContentSyncTask: [#CMH#] No of Row (SEC MP :  1937, Max Id : 2147488718) (CMH : 1936, Max Id : 2147488717) - Time :6
05-14 07:21:44.956 12625 12747 I MediaContentSyncTask: [#CMH#] Rebuilding contents count 1
05-14 07:21:44.956 28679 10788 I Moneta::BuiltInDataObserverWorkerController: execute. tag(gallery)
05-14 07:21:44.956 12625 12747 I ImageFeatures: [#CMH#] Not support file type 
05-14 07:21:44.957 28679 10788 I Moneta::BuiltInDataObserverWorkerController: enqueueBuiltInDataObserverWorker tag(gallery) delay:3000
05-14 07:21:44.959 12625 12747 I MediaContentSyncTask: [#CMH#] Insert ITEM :  1
05-14 07:21:44.959 12625 12747 I BaseThreadPoolExecutor: [#CMH#] afterExecute FutureTask
05-14 07:21:44.959 12625 12747 I ControllerEventHandler: [#CMH#] New Task for wait content sync job 
05-14 07:21:44.959 12625 12747 I BaseThreadPoolExecutor: [#CMH#] Task com.samsung.cmh.core.task.MediaContentSyncTask@279282f is submitted
05-14 07:21:44.965 12126 12257 I SLPASVC : 0x00000065 was opened                                                                               [at com.samsung.euicc.lpaService.gsma.phase2.es10.uicc.EuiccLogicalChannel.openBySlot(EuiccLogicalChannel.java:293)]
05-14 07:21:44.966 12126 12257 I SLPASVC :  cla: 80 ins: E2 Le: 00                                                                             [at com.samsung.euicc.lpaService.gsma.phase2.es10.uicc.EuiccLogicalChannel.storeData(EuiccLogicalChannel.java:68)]
05-14 07:21:44.966 12126 12257 I SLPASVC : [STORE DATA] blockNumber : 0                                                                        [at com.samsung.euicc.lpaService.gsma.phase2.es10.uicc.EuiccLogicalChannel.storeData(EuiccLogicalChannel.java:78)]
05-14 07:21:44.966 12126 12257 I SLPASVC : case 4 command APDU                                                                                 [at com.samsung.euicc.lpaService.gsma.phase2.es10.uicc.EuiccLogicalChannel.getCmdApdu(EuiccLogicalChannel.java:206)]
05-14 07:21:44.976 12625 12747 I MediaContentSyncTask: [#CMH#] No of Row (SEC MP :  1937, Max Id : 2147488718) (CMH : 1937, Max Id : 2147488718) - Time :7
05-14 07:21:44.995 12625 12747 I MediaContentSyncTask: [#CMH#] MP time stamp :  1778757704940, CMH time stamp : 1778757703062
05-14 07:21:44.995 12126 12257 I SLPASVC : APDU StatusWord - 9X XX                                                                             [at com.samsung.euicc.lpaService.gsma.phase2.es10.uicc.EuiccLogicalChannel.handleResponse(EuiccLogicalChannel.java:231)]
05-14 07:21:44.995 12126 12257 I SLPASVC : EuiccLogicalChannel::close(): 101                                                                   [at com.samsung.euicc.lpaService.gsma.phase2.es10.uicc.EuiccLogicalChannel.close(EuiccLogicalChannel.java:45)]
05-14 07:21:45.002 12625 12747 I MediaContentSyncTask: [#CMH#] Update ITEM  :  1
05-14 07:21:45.004 12625 12747 I MediaContentSyncTask: [#CMH#] Update Cursor Count (1=>1), Time: 1 
05-14 07:21:45.005 12625 12747 I MediaContentSyncTask: [#CMH#] Update ITEM :  1
05-14 07:21:45.006 12126 12126 I SLPASVC : freeNvm: 478504                                                                                     [at com.samsung.euicc.util.EuiccSvcLog.sp(EuiccSvcLog.java:108)]
05-14 07:21:45.007 12126 12126 I SLPASVC : freeVm: 16912                                                                                       [at com.samsung.euicc.util.EuiccSvcLog.sp(EuiccSvcLog.java:108)]
05-14 07:21:45.007 12126 12126 I SLPASVC : firmware[1]: 137.38.0                                                                               [at com.samsung.euicc.util.EuiccSvcLog.sp(EuiccSvcLog.java:108)]
05-14 07:21:45.009 12126 12126 I SLPASVC : available vm: 16912                                                                                 [at com.samsung.euicc.util.EuiccSvcLog.sp(EuiccSvcLog.java:108)]
05-14 07:21:45.010 12625 12747 I BaseThreadPoolExecutor: [#CMH#] afterExecute FutureTask
05-14 07:21:45.010 12625 12747 I ControllerEventHandler: [#CMH#] Alive Privacy Ignored Policy Called:  false
05-14 07:21:45.010 12126 12126 E SLPASVC : available memory: 478504                                                                            [at com.samsung.euicc.lpaService.gsma.phase2.es10.Es10MepBase.getAvailableMemory(Es10MepBase.java:36)]
05-14 07:21:45.010 12126 12126 I SLPASVC : available memory: 478504                                                                            [at com.samsung.euicc.util.EuiccSvcLog.sp(EuiccSvcLog.java:108)]
05-14 07:21:45.011 12126 12126 I SLPASVC : update FreeSize(1):478504                                                                           [at com.samsung.euicc.lpaService.LpaService.updateFreeNvMemorySize(LpaService.java:272)]
05-14 07:21:45.015 12126 12257 I SLPASVC : EuiccLogicalChannel::openBySlot():  physicalSlotIndex = 1, portIndex = 0                            [at com.samsung.euicc.lpaService.gsma.phase2.es10.uicc.EuiccLogicalChannel.openBySlot(EuiccLogicalChannel.java:251)]
05-14 07:21:45.043 12126 12257 I SLPASVC : 0x00000065 was opened                                                                               [at com.samsung.euicc.lpaService.gsma.phase2.es10.uicc.EuiccLogicalChannel.openBySlot(EuiccLogicalChannel.java:293)]
05-14 07:21:45.044 12126 12257 I SLPASVC :  cla: 80 ins: E2 Le: 00                                                                             [at com.samsung.euicc.lpaService.gsma.phase2.es10.uicc.EuiccLogicalChannel.storeData(EuiccLogicalChannel.java:68)]
05-14 07:21:45.044 12126 12257 I SLPASVC : [STORE DATA] blockNumber : 0                                                                        [at com.samsung.euicc.lpaService.gsma.phase2.es10.uicc.EuiccLogicalChannel.storeData(EuiccLogicalChannel.java:78)]
05-14 07:21:45.044 12126 12257 I SLPASVC : case 4 command APDU                                                                                 [at com.samsung.euicc.lpaService.gsma.phase2.es10.uicc.EuiccLogicalChannel.getCmdApdu(EuiccLogicalChannel.java:206)]
05-14 07:21:45.059 12126 12257 I SLPASVC : APDU StatusWord - 9X XX                                                                             [at com.samsung.euicc.lpaService.gsma.phase2.es10.uicc.EuiccLogicalChannel.handleResponse(EuiccLogicalChannel.java:231)]
05-14 07:21:45.059 12126 12257 I SLPASVC : EuiccLogicalChannel::close(): 101                                                                   [at com.samsung.euicc.lpaService.gsma.phase2.es10.uicc.EuiccLogicalChannel.close(EuiccLogicalChannel.java:45)]
05-14 07:21:45.068 12126 12126 I SLPASVC : onDestroy                                                                                           [at com.samsung.euicc.lpaService.LpaService.onDestroy(LpaService.java:209)]
05-14 07:21:45.068 12126 12126 W SLPASVC : + clear resource                                                                                    [at com.samsung.euicc.lpaService.LpaService.clearResource(LpaService.java:215)]
05-14 07:21:45.068 12126 12126 W SLPASVC : stop start                                                                                          [at com.samsung.euicc.lpaService.StopHandler.stop(StopHandler.java:18)]
05-14 07:21:45.069 12126 12126 W SLPASVC : stop end                                                                                            [at com.samsung.euicc.lpaService.StopHandler.stop(StopHandler.java:38)]
05-14 07:21:45.070 12126 12126 E SLPASVC : initHandlerIfNeed                                                                                   [at com.samsung.euicc.lpaService.bootstrap.VsimNetworkRequester.initHandlerIfNeed(VsimNetworkRequester.java:47)]
05-14 07:21:45.072 12126 12126 I SLPASVC : Unbind request                                                                                      [at com.samsung.euicc.lpaService.bootstrap.VsimNetworkRequester.unBind(VsimNetworkRequester.java:150)]
05-14 07:21:45.072 12126 12126 I SLPASVC : bindProcessToNetwork: true                                                                          [at com.samsung.euicc.lpaService.bootstrap.VsimNetworkRequester.unbindVsimNetwork(VsimNetworkRequester.java:156)]
05-14 07:21:45.072 12126 12126 I SLPASVC : complete to remove network callbacks                                                                [at com.samsung.euicc.lpaService.bootstrap.VsimNetworkRequester.unbindVsimNetwork(VsimNetworkRequester.java:159)]
05-14 07:21:45.072 12126 12126 I SLPASVC : Unbind request complete                                                                             [at com.samsung.euicc.lpaService.bootstrap.VsimNetworkRequester.unBind(VsimNetworkRequester.java:152)]
05-14 07:21:45.073 12126 12126 W SLPASVC : - clear resource                                                                                    [at com.samsung.euicc.lpaService.LpaService.clearResource(LpaService.java:243)]
05-14 07:21:45.074 12126 12126 I Process : Sending signal. PID: 12126 SIG: 9
05-14 07:21:45.107  3032  7527 I ActivityManager: Process com.samsung.euicc (pid 12126) has died: fg  SVC (495,3381)
05-14 07:21:45.108  2010  2010 I Zygote  : Process 12126 exited due to signal 9 (Killed)
05-14 07:21:45.108  3032  3393 I libprocessgroup: Removed cgroup /sys/fs/cgroup/system/uid_1000/pid_12126
05-14 07:21:45.126  2087 12453 I sensors-hal: handle_sns_client_event:375, [0][21712] accel_sample [ 0.124,  0.081,  9.878] 486541527263296
05-14 07:21:45.324 12406 12438 I Unity   : SetGameState: isLoading: true, mode: UNKNOWN, label: -4, quality: 2
05-14 07:21:45.359 12406 12438 I Unity   : [AndroidWhiteoutDiagnostics] level=L09 platform=Android quality=2/Medium colorSpace=Gamma graphicsApi=Vulkan graphicsDevice='Adreno (TM) 750' screen=1080x2256 orientation=Portrait cameras=[GameStateViewRoot/BoardStageRoot/BoardContentRoot/Content_05_01_Target_0/Visual/Camera{enabled=False, clear=Skybox, bg=(0.192,0.302,0.475,0), cull=-1, depth=0, near=0.1, far=100, pos=(8.934,9.927,-10.192), rot=(36.09,306.265,346.523)}; GameStateViewRoot/BoardStageRoot/BoardContentRoot/Content_01_05_Target_1/Visual/Camera{enabled=False, clear=Skybox, bg=(0.192,0.302,0.475,0), cull=-1, depth=0, near=0.1, far=100, pos=(12.637,8.968,-6.615), rot=(36.09,306.265,346.523)}; Main Camera{enabled=True, clear=Skybox, bg=(0.039,0.043,0.059,0), cull=-1, depth=-1, near=0.3, far=1000, pos=(0,20,-14), rot=(60,0,0)}] canvases=[SettingsMenu/SettingsMenuCanvas{enabled=True, renderMode=ScreenSpaceOverlay, sortingLayer=Default, order=1000}] suspiciousRenderers=[GameStateViewRoot/DockRoot/SharedDockVisualInstance/Visual{enabled=True, type=MeshR
05-14 07:21:45.364 12406 12438 I Unity   : SetGameState: isLoading: false, mode: UNKNOWN, label: 0, quality: 2
05-14 07:21:45.380 12406 12438 I Unity   : [AndroidWhiteoutCommand] level=L09 diagnosticMove=1 coord=(0,2) groupSize=2 applied=True
05-14 07:21:45.380 12406 12438 I Unity   : UnityEngine.DebugLogHandler:Internal_Log(LogType, LogOption, String, Object)
05-14 07:21:45.380 12406 12438 I Unity   : UnityEngine.DebugLogHandler:LogFormat(LogType, Object, String, Object[])
05-14 07:21:45.380 12406 12438 I Unity   : UnityEngine.Logger:Log(LogType, Object)
05-14 07:21:45.380 12406 12438 I Unity   : UnityEngine.Debug:Log(Object)
05-14 07:21:45.380 12406 12438 I Unity   : Rescue.Unity.Diagnostics.<RunCommand>d__8:MoveNext() (at C:\Users\jwmcg\OneDrive\Documents\AI Projects\Live Envirnments\rescue-grid\Assets\Rescue.Unity\Diagnostics\AndroidWhiteoutCommandBridge.cs:103)
05-14 07:21:45.380 12406 12438 I Unity   : UnityEngine.SetupCoroutine:InvokeMoveNext(IEnumerator, IntPtr) (at \home\bokken\build\output\unity\unity\Runtime\Export\Scripting\Coroutines.cs:17)
05-14 07:21:45.380 12406 12438 I Unity   : 
05-14 07:21:45.391 12406 12438 I Unity   : [AndroidWhiteoutCommand] level=L09 diagnosticMove=2 coord=(0,0) groupSize=2 applied=True
05-14 07:21:45.391 12406 12438 I Unity   : UnityEngine.DebugLogHandler:Internal_Log(LogType, LogOption, String, Object)
05-14 07:21:45.391 12406 12438 I Unity   : UnityEngine.DebugLogHandler:LogFormat(LogType, Object, String, Object[])
05-14 07:21:45.391 12406 12438 I Unity   : UnityEngine.Logger:Log(LogType, Object)
05-14 07:21:45.391 12406 12438 I Unity   : UnityEngine.Debug:Log(Object)
05-14 07:21:45.391 12406 12438 I Unity   : Rescue.Unity.Diagnostics.<RunCommand>d__8:MoveNext() (at C:\Users\jwmcg\OneDrive\Documents\AI Projects\Live Envirnments\rescue-grid\Assets\Rescue.Unity\Diagnostics\AndroidWhiteoutCommandBridge.cs:103)
05-14 07:21:45.391 12406 12438 I Unity   : UnityEngine.SetupCoroutine:InvokeMoveNext(IEnumerator, IntPtr) (at \home\bokken\build\output\unity\unity\Runtime\Export\Scripting\Coroutines.cs:17)
05-14 07:21:45.391 12406 12438 I Unity   : 
05-14 07:21:45.402 12406 12438 I Unity   : [AndroidWhiteoutCommand] level=L09 diagnosticMove=3 coord=(0,2) groupSize=2 applied=True
05-14 07:21:45.402 12406 12438 I Unity   : UnityEngine.DebugLogHandler:Internal_Log(LogType, LogOption, String, Object)
05-14 07:21:45.402 12406 12438 I Unity   : UnityEngine.DebugLogHandler:LogFormat(LogType, Object, String, Object[])
05-14 07:21:45.402 12406 12438 I Unity   : UnityEngine.Logger:Log(LogType, Object)
05-14 07:21:45.402 12406 12438 I Unity   : UnityEngine.Debug:Log(Object)
05-14 07:21:45.402 12406 12438 I Unity   : Rescue.Unity.Diagnostics.<RunCommand>d__8:MoveNext() (at C:\Users\jwmcg\OneDrive\Documents\AI Projects\Live Envirnments\rescue-grid\Assets\Rescue.Unity\Diagnostics\AndroidWhiteoutCommandBridge.cs:103)
05-14 07:21:45.402 12406 12438 I Unity   : UnityEngine.SetupCoroutine:InvokeMoveNext(IEnumerator, IntPtr) (at \home\bokken\build\output\unity\unity\Runtime\Export\Scripting\Coroutines.cs:17)
05-14 07:21:45.402 12406 12438 I Unity   : 
05-14 07:21:45.406 20969 20969 I SCS@AiSearch user 0: (ObserverWorker::AOSP_MP) [main] entering in startWork triggered by [content://media/external/file/1000020941]():  
05-14 07:21:45.407 20969 20969 I SCS@AiSearch user 0: (BaseCollector::AOSP_MP) [main] entering in onChange():  
05-14 07:21:45.407 20969 21908 I SCS@AiSearch user 0: (BaseCollector::AOSP_MP) [AOSP_MP-0] entering in collectChanges():  
05-14 07:21:45.409  3032  4655 D PackageManager: setEnabledSetting : userId = 0 packageName = com.samsung.android.scs cmp = androidx.work.impl.background.systemalarm.RescheduleReceiver newState = 1 callingPackage = com.samsung.android.scs
05-14 07:21:45.410  3032  4655 D ApplicationPolicy: getApplicationStateEnabled : pkg = com.samsung.android.scs userId : 0
05-14 07:21:45.410  3032  4655 D ApplicationPolicy: getApplicationComponentState : pkg = com.samsung.android.scs userId : 0
05-14 07:21:45.421 12406 12438 I Unity   : [AndroidWhiteoutDiagnostics] level=L09 platform=Android quality=2/Medium colorSpace=Gamma graphicsApi=Vulkan graphicsDevice='Adreno (TM) 750' screen=1080x2256 orientation=Portrait cameras=[GameStateViewRoot/BoardStageRoot/BoardContentRoot/Content_05_01_Target_0/Visual/Camera{enabled=False, clear=Skybox, bg=(0.192,0.302,0.475,0), cull=-1, depth=0, near=0.1, far=100, pos=(8.934,9.927,-10.192), rot=(36.09,306.265,346.523)}; GameStateViewRoot/BoardStageRoot/BoardContentRoot/Content_01_05_Target_1/Visual/Camera{enabled=False, clear=Skybox, bg=(0.192,0.302,0.475,0), cull=-1, depth=0, near=0.1, far=100, pos=(12.637,8.968,-6.615), rot=(36.09,306.265,346.523)}; Main Camera{enabled=True, clear=Skybox, bg=(0.039,0.043,0.059,0), cull=-1, depth=-1, near=0.3, far=1000, pos=(0,20,-14), rot=(60,0,0)}] canvases=[SettingsMenu/SettingsMenuCanvas{enabled=True, renderMode=ScreenSpaceOverlay, sortingLayer=Default, order=1000}] suspiciousRenderers=[GameStateViewRoot/DockRoot/SharedDockVisualInstance/Visual{enabled=True, type=MeshR
05-14 07:21:45.422 12406 12438 I Unity   : [AndroidWhiteoutCommand] ready level=L09 requestedMoves=3 appliedMoves=3 actionCount=3
05-14 07:21:45.422 12406 12438 I Unity   : UnityEngine.DebugLogHandler:Internal_Log(LogType, LogOption, String, Object)
05-14 07:21:45.422 12406 12438 I Unity   : UnityEngine.DebugLogHandler:LogFormat(LogType, Object, String, Object[])
05-14 07:21:45.422 12406 12438 I Unity   : UnityEngine.Logger:Log(LogType, Object)
05-14 07:21:45.422 12406 12438 I Unity   : UnityEngine.Debug:Log(Object)
05-14 07:21:45.422 12406 12438 I Unity   : Rescue.Unity.Diagnostics.<RunCommand>d__8:MoveNext() (at C:\Users\jwmcg\OneDrive\Documents\AI Projects\Live Envirnments\rescue-grid\Assets\Rescue.Unity\Diagnostics\AndroidWhiteoutCommandBridge.cs:117)
05-14 07:21:45.422 12406 12438 I Unity   : UnityEngine.SetupCoroutine:InvokeMoveNext(IEnumerator, IntPtr) (at \home\bokken\build\output\unity\unity\Runtime\Export\Scripting\Coroutines.cs:17)
05-14 07:21:45.422 12406 12438 I Unity   : 
05-14 07:21:45.435  2087  8142 I sensors-hal: handle_sns_std_sensor_event:131, [SSC_LIGHT] A: 44(44),c:4,b:78,m:13,cl:0,l:44,s:32,l0:8288,l1:64,s0:6000,s1:0,acl:1,opr:0.31,f(r):74,u(bl):100,if:0,wi:2,si:0,po:174(N:0)
05-14 07:21:45.435  2087 12450 I sensors-hal: handle_sns_std_sensor_event:409, [SSC_LIGHT] P: 44(44),c:4,b:78,m:13,cl:0,l:44,s:32,l0:8288,l1:64,s0:6000,s1:0,acl:1,opr:0.31,f(r):74,u(bl):100,if:0,wi:2,si:0,po:174(N:0)
05-14 07:21:45.487 20969 21908 I SCS@AiSearch user 0: (BaseCollector::AOSP_MP) fetchInternal values : maxSyncId: 1000020907 indexCount: 12725 sourceCount: 12725
05-14 07:21:45.507 20969 21908 I SCS@AiSearch user 0: (IndexManager) [AOSP_MP-0] entering in addIndex():  
05-14 07:21:45.509 20969 21908 I SCS@AiSearch user 0: (BaseCollector::AOSP_MP) fetch: fetching took  65 ms
05-14 07:21:45.509 20969 21908 I SCS@AiSearch user 0: (BaseCollector::AOSP_MP) fetchChanges: applied 0 items
05-14 07:21:45.509 20969 21908 I SCS@AiSearch user 0: (BaseCollector::AOSP_MP) Collect finished. Result: true
05-14 07:21:45.509 20969 21908 I SCS@AiSearch user 0: (BaseCollector::AOSP_MP) enqueue ObserverWorker name: com.sec.android.app.myfiles, policy: APPEND_OR_REPLACE
05-14 07:21:45.509 20969 21058 I WM-WorkerWrapper: Worker result SUCCESS for Work [ id=b5309765-e5e4-498a-865b-84775e14bbbc, tags={ com.sec.android.app.myfiles, com.samsung.android.scs.ai.search.data.collector.base.ObserverWorker } ]
05-14 07:21:45.525  3032  7527 D PackageManager: setEnabledSetting : userId = 0 packageName = com.samsung.android.scs cmp = androidx.work.impl.background.systemalarm.RescheduleReceiver newState = 1 callingPackage = com.samsung.android.scs
05-14 07:21:45.526  3032  7527 D ApplicationPolicy: getApplicationStateEnabled : pkg = com.samsung.android.scs userId : 0
05-14 07:21:45.526  3032  7527 D ApplicationPolicy: getApplicationComponentState : pkg = com.samsung.android.scs userId : 0
05-14 07:21:45.529 20969 21058 W JobInfo : Requested important-while-foreground flag for job186530 is ignored and takes no effect
05-14 07:21:45.816  1321  1321 D io_stats: !@   8,0 r 21733365 473068472 w 8261528 186377432 d 1158370 276891348 f 268059 901061 iot 4988776 0 th 0 0 0 pt 0 inp 0 0 176194.503
05-14 07:21:45.859  2203  2211 E HeatmapThread: ECT Thread time in milliseconds: 1778757705
05-14 07:21:45.862  2203  2211 D HeatmapThread: !@ batteryplugType : 2
05-14 07:21:45.862  2203  2211 D HeatmapThread: !@ batteryLevel : 49  batteryTemperature : 309 
05-14 07:21:45.862  2203  2211 D HeatmapThread: !@ Heatmap currtime: 29645961
05-14 07:21:45.863  2203  2211 D HeatmapThread: !@ Heatmap prevtime: 29645953
05-14 07:21:45.863  2203  2211 D HeatmapThread: !@ Heatmap plugstarttime: 29645897
05-14 07:21:45.863  2203  2211 D HeatmapThread: !@ Heatmap prevv_dsoh_update_time: 29645957
05-14 07:21:45.863  2203  2211 E HeatmapThread: !@ CAM New BSOH: 100
05-14 07:21:45.863  2203  2211 E HeatmapThread: !@ CAM is Working
05-14 07:21:45.951  2077  6139 I vendor.qti.bluetooth@1.1-ibs_handler: ProcessIbsCmd: Received IBS_WAKE_IND: 0xFD
05-14 07:21:45.951  2077  6139 D vendor.qti.bluetooth@1.1-ibs_handler: SerialClockVote: vote for UART CLK ON
05-14 07:21:45.951  2077  6139 D vendor.qti.bluetooth@1.1-wake_lock: Acquire wakelock is acquired 
05-14 07:21:45.951  2077  6139 I vendor.qti.bluetooth@1.1-ibs_handler: ProcessIbsCmd: Writing IBS_WAKE_ACK
05-14 07:21:45.997  2077  6139 I vendor.qti.bluetooth@1.1-ibs_handler: ProcessIbsCmd: Received IBS_SLEEP_IND: 0xFE
05-14 07:21:45.997  2077  6139 D vendor.qti.bluetooth@1.1-ibs_handler: SerialClockVote: vote for UART CLK OFF
05-14 07:21:46.147  2077  5340 D vendor.qti.bluetooth@1.1-wake_lock: Release wakelock is released 
05-14 07:21:46.405  8325  8325 D WM-DelayedWorkTracker: Scheduling work 3a0f8fcb-f0f6-4853-b025-5c5143586de6
05-14 07:21:46.406  8325  8325 D WM-GreedyScheduler: Starting tracking for 3a0f8fcb-f0f6-4853-b025-5c5143586de6
05-14 07:21:46.408  8325  8709 D WM-ConstraintTracker: BatteryNotLowTracker: initial state = true
05-14 07:21:46.408  8325  8709 D WM-BrdcstRcvrCnstrntTrc: BatteryNotLowTracker: registering receiver
05-14 07:21:46.410  8325  8709 D WM-GreedyScheduler: Constraints met: Scheduling work ID WorkGenerationalId(workSpecId=3a0f8fcb-f0f6-4853-b025-5c5143586de6, generation=0)
05-14 07:21:46.415  8325  8709 D WM-Processor: Processor: processing WorkGenerationalId(workSpecId=3a0f8fcb-f0f6-4853-b025-5c5143586de6, generation=0)
05-14 07:21:46.424  8325  8325 D WM-WorkerWrapper: Starting work for com.android.providers.media.photopicker.sync.ProactiveSyncWorker
05-14 07:21:46.427  8325 12905 I PSyncWorker: Starting proactive picker sync from sync source: 1
05-14 07:21:46.427  8325 12905 I PickerSyncTracker: Created new sync future java.util.concurrent.CompletableFuture@26e09b8[Not completed, 1 dependents]. Future map: {3a0f8fcb-f0f6-4853-b025-5c5143586de6=java.util.concurrent.CompletableFuture@26e09b8[Not completed, 1 dependents]}
05-14 07:21:46.428  8325 12905 D PickerSyncController: syncAllMediaFromProvider() LOCAL, auth=com.android.providers.media.photopicker, retry=true
05-14 07:21:46.428  8325 12905 D PickerSyncController: getSyncRequestParams() LOCAL, auth=com.android.providers.media.photopicker
05-14 07:21:46.444  8325 12905 D PickerSyncController:    Latest ID/Gen=5d3e9361a8bc47d0:external_primary/166927
05-14 07:21:46.444  8325 12905 D PickerSyncController:    Cached ID/Gen=5d3e9361a8bc47d0:external_primary/166918
05-14 07:21:46.445  8325 12905 D PickerSyncController:    RESULT=SyncRequestParams{type=MEDIA_INCREMENTAL, gen=166918, latest=Bundle[{last_media_sync_generation=166927, media_collection_id=5d3e9361a8bc47d0:external_primary}], pageSize=1000}
05-14 07:21:46.445  8325 12905 I PickerSyncController: Executing SyncAdd. isLocal: true. authority: com.android.providers.media.photopicker
05-14 07:21:46.445  8325 12905 D PickerSyncLockManager: Trying to acquire lock com.android.providers.media.photopicker.sync.CloseableReentrantLock@eb1b5ed[Unlocked]. Lock Name = CLOUD_PROVIDER_LOCK. Threads that may be waiting to acquire this lock = [] with timeout.
05-14 07:21:46.446  8325 12905 D CloseableReentrantLock: Successfully acquired lock com.android.providers.media.photopicker.sync.CloseableReentrantLock@eb1b5ed[Locked by thread pool-5-thread-523]. Lock Name = CLOUD_PROVIDER_LOCK. Threads that may be waiting to acquire this lock = []
05-14 07:21:46.446  8325 12905 D CloseableReentrantLock: Successfully released lock com.android.providers.media.photopicker.sync.CloseableReentrantLock@eb1b5ed[Unlocked]. Lock Name = CLOUD_PROVIDER_LOCK. Threads that may be waiting to acquire this lock = []
05-14 07:21:46.446  8325 12905 D ExternalDbFacade: Token received for queryMedia = null
05-14 07:21:46.462  8325 12905 D PickerSyncLockManager: Trying to acquire lock com.android.providers.media.photopicker.sync.CloseableReentrantLock@eb1b5ed[Unlocked]. Lock Name = CLOUD_PROVIDER_LOCK. Threads that may be waiting to acquire this lock = [] with timeout.
05-14 07:21:46.463  8325 12905 D CloseableReentrantLock: Successfully acquired lock com.android.providers.media.photopicker.sync.CloseableReentrantLock@eb1b5ed[Locked by thread pool-5-thread-523]. Lock Name = CLOUD_PROVIDER_LOCK. Threads that may be waiting to acquire this lock = []
05-14 07:21:46.463  8325 12905 D PickerSyncController: Saving next page token: 1778757704000|1000020941 for key: local_provider:media_add:resume
05-14 07:21:46.463  8325 12905 D CloseableReentrantLock: Successfully released lock com.android.providers.media.photopicker.sync.CloseableReentrantLock@eb1b5ed[Unlocked]. Lock Name = CLOUD_PROVIDER_LOCK. Threads that may be waiting to acquire this lock = []
05-14 07:21:46.464  3032  7527 D SyncManager: userId - 0 auto - true
05-14 07:21:46.465  8325 12905 D PickerNotificationSender: Sending a notification for media update
05-14 07:21:46.465  3032  7527 D SyncManager: userId - 0 auto - true
05-14 07:21:46.466  8325 12905 D PickerNotificationSender: Sending a notification for merged album media update Favorites
05-14 07:21:46.466  8325 12905 D PickerNotificationSender: Sending a notification for album media update Favorites
05-14 07:21:46.467  3032  7527 D SyncManager: userId - 0 auto - true
05-14 07:21:46.467  8325 12905 D PickerNotificationSender: Sending a notification for merged album media update Videos
05-14 07:21:46.467  8325 12905 D PickerNotificationSender: Sending a notification for album media update Videos
05-14 07:21:46.468  3032  7527 D SyncManager: userId - 0 auto - true
05-14 07:21:46.469  8325 12905 D ExternalDbFacade: Token received for queryMedia = 1778757704000|1000020941
05-14 07:21:46.477  8325 12905 D PickerSyncLockManager: Trying to acquire lock com.android.providers.media.photopicker.sync.CloseableReentrantLock@eb1b5ed[Unlocked]. Lock Name = CLOUD_PROVIDER_LOCK. Threads that may be waiting to acquire this lock = [] with timeout.
05-14 07:21:46.477  8325 12905 D CloseableReentrantLock: Successfully acquired lock com.android.providers.media.photopicker.sync.CloseableReentrantLock@eb1b5ed[Locked by thread pool-5-thread-523]. Lock Name = CLOUD_PROVIDER_LOCK. Threads that may be waiting to acquire this lock = []
05-14 07:21:46.477  8325 12905 D PickerSyncController: Clearing next page token for key: local_provider:media_add:resume
05-14 07:21:46.478  8325 12905 D CloseableReentrantLock: Successfully released lock com.android.providers.media.photopicker.sync.CloseableReentrantLock@eb1b5ed[Unlocked]. Lock Name = CLOUD_PROVIDER_LOCK. Threads that may be waiting to acquire this lock = []
05-14 07:21:46.478  8325 12905 D PickerNotificationSender: Sending a notification for media update
05-14 07:21:46.478  3032  7527 D SyncManager: userId - 0 auto - true
05-14 07:21:46.479  8325 12905 D PickerNotificationSender: Sending a notification for merged album media update Favorites
05-14 07:21:46.479  8325 12905 D PickerNotificationSender: Sending a notification for album media update Favorites
05-14 07:21:46.480  3032  7527 D SyncManager: userId - 0 auto - true
05-14 07:21:46.480  8325 12905 D PickerNotificationSender: Sending a notification for merged album media update Videos
05-14 07:21:46.480  8325 12905 D PickerNotificationSender: Sending a notification for album media update Videos
05-14 07:21:46.482  3032  7527 D SyncManager: userId - 0 auto - true
05-14 07:21:46.483  8325 12905 I PickerSyncController: Paged sync successful. QueryArgs: Bundle[{android.provider.extra.PAGE_TOKEN=1778757704000|1000020941, android.provider.extra.SYNC_GENERATION=166918, android.provider.extra.PAGE_SIZE=1000}] Total Rows: 1
05-14 07:21:46.483  8325 12905 I PickerSyncController: Executing SyncRemove. isLocal: true. authority: com.android.providers.media.photopicker
05-14 07:21:46.483  8325 12905 D PickerSyncLockManager: Trying to acquire lock com.android.providers.media.photopicker.sync.CloseableReentrantLock@eb1b5ed[Unlocked]. Lock Name = CLOUD_PROVIDER_LOCK. Threads that may be waiting to acquire this lock = [] with timeout.
05-14 07:21:46.484  8325 12905 D CloseableReentrantLock: Successfully acquired lock com.android.providers.media.photopicker.sync.CloseableReentrantLock@eb1b5ed[Locked by thread pool-5-thread-523]. Lock Name = CLOUD_PROVIDER_LOCK. Threads that may be waiting to acquire this lock = []
05-14 07:21:46.484  8325 12905 D CloseableReentrantLock: Successfully released lock com.android.providers.media.photopicker.sync.CloseableReentrantLock@eb1b5ed[Unlocked]. Lock Name = CLOUD_PROVIDER_LOCK. Threads that may be waiting to acquire this lock = []
05-14 07:21:46.484  8325 12905 D PickerSyncLockManager: Trying to acquire lock com.android.providers.media.photopicker.sync.CloseableReentrantLock@eb1b5ed[Unlocked]. Lock Name = CLOUD_PROVIDER_LOCK. Threads that may be waiting to acquire this lock = [] with timeout.
05-14 07:21:46.484  8325 12905 D CloseableReentrantLock: Successfully acquired lock com.android.providers.media.photopicker.sync.CloseableReentrantLock@eb1b5ed[Locked by thread pool-5-thread-523]. Lock Name = CLOUD_PROVIDER_LOCK. Threads that may be waiting to acquire this lock = []
05-14 07:21:46.484  8325 12905 D PickerSyncController: Clearing next page token for key: local_provider:media_remove:resume
05-14 07:21:46.484  8325 12905 D CloseableReentrantLock: Successfully released lock com.android.providers.media.photopicker.sync.CloseableReentrantLock@eb1b5ed[Unlocked]. Lock Name = CLOUD_PROVIDER_LOCK. Threads that may be waiting to acquire this lock = []
05-14 07:21:46.485  8325 12905 D PickerNotificationSender: Sending a notification for media update
05-14 07:21:46.485  3032  7527 D SyncManager: userId - 0 auto - true
05-14 07:21:46.485  8325 12905 D PickerNotificationSender: Sending a notification for merged album media update Favorites
05-14 07:21:46.486  8325 12905 D PickerNotificationSender: Sending a notification for album media update Favorites
05-14 07:21:46.486  3032  7527 D SyncManager: userId - 0 auto - true
05-14 07:21:46.486  8325 12905 D PickerNotificationSender: Sending a notification for merged album media update Videos
05-14 07:21:46.486  8325 12905 D PickerNotificationSender: Sending a notification for album media update Videos
05-14 07:21:46.487  3032  7527 D SyncManager: userId - 0 auto - true
05-14 07:21:46.487  8325 12905 I PickerSyncController: Paged sync successful. QueryArgs: Bundle[{android.provider.extra.PAGE_TOKEN=1778757704000|1000020941, android.provider.extra.SYNC_GENERATION=166918, android.provider.extra.PAGE_SIZE=1000}] Total Rows: 0
05-14 07:21:46.487  8325 12905 I PickerSyncTracker: Marked sync future complete for work id: 3a0f8fcb-f0f6-4853-b025-5c5143586de6. Future map: {}
05-14 07:21:46.487  8325 12905 I PSyncWorker: Completed picker proactive sync complete from local provider.
05-14 07:21:46.490  8325  8711 I WM-WorkerWrapper: Worker result SUCCESS for Work [ id=3a0f8fcb-f0f6-4853-b025-5c5143586de6, tags={ com.android.providers.media.photopicker.sync.ProactiveSyncWorker } ]
05-14 07:21:46.492  8325  8325 D WM-Processor: Processor 3a0f8fcb-f0f6-4853-b025-5c5143586de6 executed; reschedule = false
05-14 07:21:46.493  8325  8325 D WM-GreedyScheduler: Stopping tracking for WorkGenerationalId(workSpecId=3a0f8fcb-f0f6-4853-b025-5c5143586de6, generation=0)
05-14 07:21:46.500  8325  8711 D WM-GreedyScheduler: Cancelling work ID 3a0f8fcb-f0f6-4853-b025-5c5143586de6
05-14 07:21:46.501  8325  8711 D WM-GreedyScheduler: Ignoring {WorkSpec: 8b0e26a1-da17-4a7d-8943-fa37401907bb}. Requires device idle.
05-14 07:21:46.501  8325  8711 D WM-GreedyScheduler: Ignoring {WorkSpec: 851dc692-8528-4451-a03e-188ed97a5b4d}. Requires device idle.
05-14 07:21:46.501  8325  8711 D WM-GreedyScheduler: Ignoring {WorkSpec: 00b34183-214c-4ec2-a349-e19f9227b254}. Requires device idle.
05-14 07:21:46.502  8325  8711 D WM-BrdcstRcvrCnstrntTrc: BatteryNotLowTracker: unregistering receiver
05-14 07:21:46.612 12906 12906 W screencap: Thread Pool max thread count is 0. Cannot cache binder as linkToDeath cannot be implemented. serviceName: SurfaceFlingerAIDL
05-14 07:21:46.612  2087 12461 I sensors-hal: handle_sns_client_event:422, [0][2239] gyro_sample_cal(cal_available:1)(3) [-0.000, 0.000,-0.000] bias[ 0.003,-0.003, 0.001] 486543003350119
05-14 07:21:46.612 12906 12906 W BpBinder: Linking to death on android.gui.ISurfaceComposer but there are no threads (yet?) listening to incoming transactions. See ProcessState::startThreadPool and ProcessState::setThreadPoolMaxThreadCount. Generally you should setup the binder threadpool before other initialization steps.
05-14 07:21:46.612 12906 12906 W screencap: Thread Pool max thread count is 0. Cannot cache binder as linkToDeath cannot be implemented. serviceName: edmnativehelper
05-14 07:21:46.612  3032  7527 I EDMNativeHelperService: isScreenCaptureEnabled
05-14 07:21:46.613  3032  7527 D RestrictionPolicy: isScreenCaptureEnabled : ret=true userId=0
05-14 07:21:46.613 12906 12906 W ProcessState: Extra binder thread started, but 0 threads requested. Do not use *startThreadPool when zero threads are requested.
05-14 07:21:46.613 12906 12906 I SurfaceComposerClient: captureDisplay:Display-4630946315032985731
05-14 07:21:46.617  2210  2210 D TransactionCallbackInvoker: addCallbackHandle:b11d722 SurfaceView[com.defaultcompany.rescuegrid.dev/com.unity3d.player.UnityPlayerGameActivity]@0(BLAST)#25996 is not released yet
05-14 07:21:46.620  2210  2345 I SurfaceFlinger: Capture layer list: 	 Background for b11d722 SurfaceView[com.defaultcompany.rescuegrid.dev/com.unity3d.player.UnityPlayerGameActivity]@0#25997(seamlessTransition:0)
05-14 07:21:46.620  2210  2345 I SurfaceFlinger: Capture layer list: 	 b11d722 SurfaceView[com.defaultcompany.rescuegrid.dev/com.unity3d.player.UnityPlayerGameActivity]@0(BLAST)#25996(seamlessTransition:0)
05-14 07:21:46.620  2210  2345 I SurfaceFlinger: Capture layer list: 	 com.defaultcompany.rescuegrid.dev/com.unity3d.player.UnityPlayerGameActivity$_12406#25991(seamlessTransition:0)
05-14 07:21:46.620  2210  2345 I SurfaceFlinger: Capture layer list: 	 StatusBar$_4556#113(seamlessTransition:0)
05-14 07:21:46.620  2210  2345 I CompositionEngine: [setDisplaySize] size=(1080, 2340)
05-14 07:21:46.621  2210  2345 E HwcComposer: getLuts failed Status(-129, EX_TRANSACTION_FAILED): 'UNKNOWN_TRANSACTION: '
05-14 07:21:46.621  2210  2370 D RenderEngine: [SEC_SF_EFFECTS] drawLayersInternal,1483, Rendering layer ScreenCaptureFillLayer at index 0
05-14 07:21:46.621  2210  2370 D RenderEngine: [SEC_SF_EFFECTS] drawLayersInternal,1483, Rendering layer b11d722 SurfaceView[com.defaultcompany.rescuegrid.dev/com.unity3d.player.UnityPlayerGameActivity]@0(BLAST)#25996 at index 1
05-14 07:21:46.621  2210  2370 D RenderEngine: [SEC_SF_EFFECTS] drawLayersInternal,1483, Rendering layer com.defaultcompany.rescuegrid.dev/com.unity3d.player.UnityPlayerGameActivity$_12406#25991 at index 2
05-14 07:21:46.621  2210  2370 D RenderEngine: [SEC_SF_EFFECTS] drawLayersInternal,1483, Rendering layer StatusBar$_4556#113 at index 3
05-14 07:21:46.669 12906 12908 I AdrenoUtils: <ReadGpuID:357>: Reading chip ID through GSL
05-14 07:21:46.669 12906 12906 W qdgralloc: Failed to load libubwcp.so
05-14 07:21:46.673  8325  8640 W MediaProvider: isAppCloneUserPair for user 0: false
05-14 07:21:46.678  3032  7527 D SyncManager: userId - 0 auto - true
05-14 07:21:46.679  4191  4252 I MediaSyncer: generation: Generation(added=166922, modified=166927)
05-14 07:21:46.693  3032  3388 E Watchdog: !@Sync: 5868 heap(MB): 163 / 204 FD: 1625 [2026-05-14 07:21:46.693]
05-14 07:21:46.695  4191  4252 I MediaSyncer: loaded: 15ms, Success(maxMediaId=0, maxGenAdded=-9223372036854775808, maxGenModified=166935, count=0)
05-14 07:21:46.817 16360 16604 I TapTracker: 1.3) Sensor update info : 05/14_07:21:46, 0.129 , 0.096, 9.868
05-14 07:21:46.859  2203  2211 E HeatmapThread: ECT Thread time in milliseconds: 1778757706
05-14 07:21:46.862  2203  2211 D HeatmapThread: !@ batteryplugType : 2
05-14 07:21:46.863  2203  2211 D HeatmapThread: !@ batteryLevel : 49  batteryTemperature : 309 
05-14 07:21:46.863  2203  2211 D HeatmapThread: !@ Heatmap currtime: 29645961
05-14 07:21:46.863  2203  2211 D HeatmapThread: !@ Heatmap prevtime: 29645953
05-14 07:21:46.863  2203  2211 D HeatmapThread: !@ Heatmap plugstarttime: 29645897
05-14 07:21:46.863  2203  2211 D HeatmapThread: !@ Heatmap prevv_dsoh_update_time: 29645957
05-14 07:21:46.865  2203  2211 E HeatmapThread: !@ CAM New BSOH: 100
05-14 07:21:46.865  2203  2211 E HeatmapThread: !@ CAM is Working
05-14 07:21:47.127  2087 12453 I sensors-hal: handle_sns_client_event:375, [0][22656] accel_sample [ 0.129,  0.096,  9.868] 486543528219025
