05-14 07:21:21.646 16128 16366 I [-0400]oneconnect[1.8.45.24_01][CORE]: AbstractDiscoveryManager.updateDeviceList - @DL_DeviceInfo[($)C8:12:0B]|existItem|[Name]($)-U(19)[DeviceType]AV[Discover]_BLE[DiscoveryTime]0[Services]None[Action]ACTION_SETUP_DEVICE, [Connected]false[SecType]7[SecIcon]6[ConType]NONE[size()]1[P2p]($)ca:12[BT]($)C8:12[Ble]($)C8:12[OCFDiscovery]_BLE[OCFOwned]0
05-14 07:21:21.648 16128 16448 I [-0400]oneconnect[1.8.45.24_01][CORE]: DataConvert.parseBleVd - deviceBle : |name:($)-U(19)|deviceType:AV|discoverType:_BLE|services:None|connected:false[AvStatus]32[AvService]17[AvYear]2017[AvOcfInfo]0[ExtendedStatus]1[ModuloSerialNumber]89[RemotelessHash][0, 0]
05-14 07:21:21.650 16128 16366 I [-0400]oneconnect[1.8.45.24_01][CORE]: NearbyDeviceRepositoryImpl.onDiscoveryResult - event: 1003 | qcDevice: [Name]($)-U(19)[DeviceType]AV[Discover]_BLE[DiscoveryTime]0[Services]None[Action]ACTION_SETUP_DEVICE, [Connected]false[SecType]7[SecIcon]6[ConType]NONE[size()]1[P2p]($)ca:12[BT]($)C8:12[Ble]($)C8:12[OCFDiscovery]_BLE[OCFOwned]0
05-14 07:21:21.677  2077  6139 I vendor.qti.bluetooth@1.1-ibs_handler: ProcessIbsCmd: Received IBS_SLEEP_IND: 0xFE
05-14 07:21:21.677  2077  6139 D vendor.qti.bluetooth@1.1-ibs_handler: SerialClockVote: vote for UART CLK OFF
05-14 07:21:21.716  2077  6139 I vendor.qti.bluetooth@1.1-ibs_handler: ProcessIbsCmd: Received IBS_WAKE_IND: 0xFD
05-14 07:21:21.716  2077  6139 D vendor.qti.bluetooth@1.1-ibs_handler: SerialClockVote: vote for UART CLK ON
05-14 07:21:21.717  2077  6139 I vendor.qti.bluetooth@1.1-ibs_handler: ProcessIbsCmd: Writing IBS_WAKE_ACK
05-14 07:21:21.728  4784  6167 I ScanController: onScanResult to scannerId: 6- eventType=0x10, addressType=0, address=XX:XX:XX:XX:97:3F, primaryPhy=1, secondaryPhy=0, advertisingSid=0xff, txPower=127, rssi=-87, periodicAdvInt=0x0
05-14 07:21:21.736 16128 16448 I [-0400]oneconnect[1.8.45.24_01][CORE]: DataConvert.parseBleVd - deviceBle : |name:|deviceType:TV|discoverType:_BLE|services:None|connected:false[TvStatusString]POWER_OFF[TvStatus]-128[TvService]102[TvMirrorChannel]1[TvRegisteredDB][-8, 104, -49, -60, -127, 65][TvYear]2016[TvOcfInfo]0[TvAcmStatus]0[ExTvStatus]0[ExtendedStatus]-1[ModuloSn]-1
05-14 07:21:21.755  2087 12450 I sensors-hal: handle_sns_std_sensor_event:409, [SSC_LIGHT] P: 43(43),c:0,b:78,m:13,cl:0,l:43,s:32,l0:7968,l1:32,s0:6000,s1:0,acl:1,opr:0.08,f(r):74,u(bl):100,if:0,wi:2,si:0,po:174(N:0)
05-14 07:21:21.765  2077  6139 I vendor.qti.bluetooth@1.1-ibs_handler: ProcessIbsCmd: Received IBS_SLEEP_IND: 0xFE
05-14 07:21:21.765  2077  6139 D vendor.qti.bluetooth@1.1-ibs_handler: SerialClockVote: vote for UART CLK OFF
05-14 07:21:21.796  1321  1321 D io_stats: !@   8,0 r 21732264 473053864 w 8260221 186335656 d 1158328 276661184 f 268051 901036 iot 4987660 0 th 0 0 0 pt 0 inp 0 0 176170.483
05-14 07:21:21.859  2203  2211 E HeatmapThread: ECT Thread time in milliseconds: 1778757681
05-14 07:21:21.862  2203  2211 D HeatmapThread: !@ batteryplugType : 2
05-14 07:21:21.862  2203  2211 D HeatmapThread: !@ batteryLevel : 49  batteryTemperature : 308 
05-14 07:21:21.863  2203  2211 D HeatmapThread: !@ Heatmap currtime: 29645961
05-14 07:21:21.863  2203  2211 D HeatmapThread: !@ Heatmap prevtime: 29645953
05-14 07:21:21.863  2203  2211 D HeatmapThread: !@ Heatmap plugstarttime: 29645897
05-14 07:21:21.863  2203  2211 D HeatmapThread: !@ Heatmap prevv_dsoh_update_time: 29645957
05-14 07:21:21.863  2203  2211 E HeatmapThread: !@ CAM New BSOH: 100
05-14 07:21:21.863  2203  2211 E HeatmapThread: !@ CAM is Working
05-14 07:21:21.916  2077  5340 D vendor.qti.bluetooth@1.1-wake_lock: Release wakelock is released 
05-14 07:21:22.618  2087 12461 I sensors-hal: handle_sns_client_event:422, [0][1107] gyro_sample_cal(cal_available:1)(3) [ 0.001, 0.001, 0.000] bias[ 0.003,-0.003, 0.001] 486519009029494
05-14 07:21:22.859  2203  2211 E HeatmapThread: ECT Thread time in milliseconds: 1778757682
05-14 07:21:22.865  2203  2211 D HeatmapThread: !@ batteryplugType : 2
05-14 07:21:22.866  2203  2211 D HeatmapThread: !@ batteryLevel : 49  batteryTemperature : 308 
05-14 07:21:22.866  2203  2211 D HeatmapThread: !@ Heatmap currtime: 29645961
05-14 07:21:22.867  2203  2211 D HeatmapThread: !@ Heatmap prevtime: 29645953
05-14 07:21:22.867  2203  2211 D HeatmapThread: !@ Heatmap plugstarttime: 29645897
05-14 07:21:22.867  2203  2211 D HeatmapThread: !@ Heatmap prevv_dsoh_update_time: 29645957
05-14 07:21:22.867  2203  2211 E HeatmapThread: !@ CAM New BSOH: 100
05-14 07:21:22.867  2203  2211 E HeatmapThread: !@ CAM is Working
05-14 07:21:23.116  2087 12453 I sensors-hal: handle_sns_client_event:375, [0][11328] accel_sample [ 0.129,  0.091,  9.882] 486519516934494
05-14 07:21:23.218  3032  4437 V SemStrongRssiRoaming: POLL (Rssi:-58 MinRssi:-49 Guard:0)
05-14 07:21:23.367  3032  4415 I SemWifiServiceDetector: Service det. resumed: T / T / 10935
05-14 07:21:23.461  4782  4782 I EPDG -- SIM1 [SMARTWIFI]: isProfiling, hash=6285797, started=true
05-14 07:21:23.461  4782  4782 I EPDG -- SIM1 [SMARTWIFI]: isWifiRssiLessOrEqualsHandoverThreshold: received rssi is: -59 handover threshold is: -85
05-14 07:21:23.461  4782  4782 I EPDG -- SIM1 [SMARTWIFI]: isProfiling, hash=6285797, started=true
05-14 07:21:23.463  4782  4782 I EPDG -- SIM1 [SMARTWIFI]: Rssi : -59 highrange : -71 lowrange : -80 mIsRssiInHystersis : false
05-14 07:21:23.463  4782  4782 I EPDG -- SIM1 [SMARTWIFI]: Rssi : -59 highrange : -71 lowrange : -80 mIsRssiInHystersis : false
05-14 07:21:23.463  4782  4782 I EPDG -- SIM1 [SMARTWIFI]: isL2WHandoverProfilingRunning: returning: false
05-14 07:21:23.463  3032  4417 I SemWifiLinkQualityMonitor: Link stat: 319 / 21 / 2.60 (13) / 52 / -59.0 || 100.0 : 52.00 / B (B) || 683a95c52437: 1.001 / 7.992 / N || N N / 0 0 / Y 2.0 / Y X 0 / 176172150 0 || Invalid
05-14 07:21:23.463  4782  4782 I EPDG -- SIM1 [SMARTWIFI]: No need to send L2WHandoverProfiling runnable
05-14 07:21:23.465  4782  4782 I EPDG -- SIM1 [SMARTWIFI]: getHandoverThresholdMet: value is: false
05-14 07:21:23.466  3032  6735 D SemWifiUsabilityStatsMonitor: onWifiUsabilityStats - seqNum 21906, isSameBssidAndFreq true
05-14 07:21:23.466  3032  4418 D InsDataManager: onOutageCountUpdate() - Outage Data: 0, LQ : Y. Outage Triggered: false
05-14 07:21:23.467  3032  4418 D SemInsManager: {"bssid": "683a95c52437","rssi": -59.0,"latency": 1.0010552400619515,"outage_count": 0,"lq_callback_triggered": true,"outage_log": "Link stat: 319 / 21 / 2.60 (13) / 52 / -59.0 || 100.0 : 52.00 / B (B) || 683a95c52437: 1.001 / 7.992 / N || N N / 0 0 / Y 2.0 / Y X 0 / 176172150 0 || Invalid""Magnetic Sensor Events size": "0""Pressure Sensor Events size": "0"}
05-14 07:21:23.779 21355 21355 I Finsky  : [2] Memory trim requested to level 40
05-14 07:21:23.779 21355 21355 I Finsky  : [2] Flushing in-memory image cache
05-14 07:21:23.797  1321  1321 D io_stats: !@   8,0 r 21732268 473053880 w 8260226 186336552 d 1158328 276661184 f 268051 901036 iot 4987684 0 th 0 0 0 pt 0 inp 0 0 176172.484
05-14 07:21:23.797  1321  1321 D io_stats: !@ Read_top(KB): sait.sohservice(25454) 24
05-14 07:21:23.797  1321  1321 D io_stats: !@ Write_top(KB): kworker/u16:3(11756) 896
05-14 07:21:23.835  2087  8142 I sensors-hal: handle_sns_std_sensor_event:131, [SSC_LIGHT] A: 44(44),c:0,b:78,m:13,cl:0,l:44,s:32,l0:8064,l1:32,s0:6000,s1:0,acl:1,opr:0.08,f(r):74,u(bl):100,if:0,wi:2,si:0,po:174(N:0)
05-14 07:21:23.859  2203  2211 E HeatmapThread: ECT Thread time in milliseconds: 1778757683
05-14 07:21:23.864  2203  2211 D HeatmapThread: !@ batteryplugType : 2
05-14 07:21:23.864  2203  2211 D HeatmapThread: !@ batteryLevel : 49  batteryTemperature : 308 
05-14 07:21:23.864  2203  2211 D HeatmapThread: !@ Heatmap currtime: 29645961
05-14 07:21:23.864  2203  2211 D HeatmapThread: !@ Heatmap prevtime: 29645953
05-14 07:21:23.864  2203  2211 D HeatmapThread: !@ Heatmap plugstarttime: 29645897
05-14 07:21:23.864  2203  2211 D HeatmapThread: !@ Heatmap prevv_dsoh_update_time: 29645957
05-14 07:21:23.864  2203  2211 E HeatmapThread: !@ CAM New BSOH: 100
05-14 07:21:23.864  2203  2211 E HeatmapThread: !@ CAM is Working
05-14 07:21:23.907  2077  6139 I vendor.qti.bluetooth@1.1-ibs_handler: ProcessIbsCmd: Received IBS_WAKE_IND: 0xFD
05-14 07:21:23.907  2077  6139 D vendor.qti.bluetooth@1.1-ibs_handler: SerialClockVote: vote for UART CLK ON
05-14 07:21:23.907  2077  6139 D vendor.qti.bluetooth@1.1-wake_lock: Acquire wakelock is acquired 
05-14 07:21:23.908  2077  6139 I vendor.qti.bluetooth@1.1-ibs_handler: ProcessIbsCmd: Writing IBS_WAKE_ACK
05-14 07:21:23.918  4784  6167 I ScanController: onScanResult to scannerId: 6- eventType=0x10, addressType=0, address=XX:XX:XX:XX:97:3F, primaryPhy=1, secondaryPhy=0, advertisingSid=0xff, txPower=127, rssi=-95, periodicAdvInt=0x0
05-14 07:21:23.922 16128 16448 I [-0400]oneconnect[1.8.45.24_01][CORE]: DataConvert.parseBleVd - deviceBle : |name:|deviceType:TV|discoverType:_BLE|services:None|connected:false[TvStatusString]POWER_OFF[TvStatus]-128[TvService]102[TvMirrorChannel]1[TvRegisteredDB][-8, 104, -49, -60, -127, 65][TvYear]2016[TvOcfInfo]0[TvAcmStatus]0[ExTvStatus]0[ExtendedStatus]-1[ModuloSn]-1
05-14 07:21:23.955  2077  6139 I vendor.qti.bluetooth@1.1-ibs_handler: ProcessIbsCmd: Received IBS_SLEEP_IND: 0xFE
05-14 07:21:23.955  2077  6139 D vendor.qti.bluetooth@1.1-ibs_handler: SerialClockVote: vote for UART CLK OFF
05-14 07:21:24.016  2476  2476 I CNSS    : /sys/wifi/max_chipset_log_size doesn't exist
05-14 07:21:24.105  2077  5340 D vendor.qti.bluetooth@1.1-wake_lock: Release wakelock is released 
05-14 07:21:24.137  3032  3977 D ActivityManager: freezing 24126 com.android.settings
05-14 07:21:24.143  3032  3977 D ActivityManager: freezing 30054 com.samsung.android.forest
05-14 07:21:24.146  3032  3977 D ActivityManager: FCA:FCA recordedFileRss = 50908, and changeinRss = 1688
05-14 07:21:24.147  3032  3977 D ActivityManager: freezing 20352 com.samsung.android.fmm
05-14 07:21:24.149  3032  3977 D ActivityManager: freezing 23128 com.samsung.android.provider.filterprovider
05-14 07:21:24.150  3032  3977 D ActivityManager: freezing 29712 com.android.keychain
05-14 07:21:24.153  3032  3977 D ActivityManager: freezing 11315 com.samsung.aasaservice
05-14 07:21:24.155  3032  3977 D ActivityManager: freezing 30111 com.samsung.android.smartswitchassistant
05-14 07:21:24.160  3032  3977 D ActivityManager: freezing 25454 com.samsung.sait.sohservice
05-14 07:21:24.161  3032  3977 D ActivityManager: freezing 31718 com.samsung.android.sm.provider
05-14 07:21:24.162  3032  3977 D ActivityManager: freezing 31695 com.samsung.android.lool
05-14 07:21:24.163  3032  3977 D ActivityManager: freezing 25296 com.samsung.android.dqagent
05-14 07:21:24.165  3032  3977 D ActivityManager: freezing 28530 com.samsung.android.biometrics.app.setting
05-14 07:21:24.166  3032  3977 D ActivityManager: freezing 27870 com.sec.android.Cdfs
05-14 07:21:24.166  3032  3977 D ActivityManager: freezing 26506 com.samsung.SMT
05-14 07:21:24.167  3032  3977 D ActivityManager: freezing 24828 com.android.setupwizard
05-14 07:21:24.610  2087 12461 I sensors-hal: handle_sns_client_event:422, [0][1201] gyro_sample_cal(cal_available:1)(3) [ 0.000, 0.001,-0.000] bias[ 0.003,-0.003, 0.001] 486521001482046
05-14 07:21:24.859  2203  2211 E HeatmapThread: ECT Thread time in milliseconds: 1778757684
05-14 07:21:24.864  2203  2211 D HeatmapThread: !@ batteryplugType : 2
05-14 07:21:24.865  2203  2211 D HeatmapThread: !@ batteryLevel : 49  batteryTemperature : 308 
05-14 07:21:24.865  2203  2211 D HeatmapThread: !@ Heatmap currtime: 29645961
05-14 07:21:24.866  2203  2211 D HeatmapThread: !@ Heatmap prevtime: 29645953
05-14 07:21:24.866  2203  2211 D HeatmapThread: !@ Heatmap plugstarttime: 29645897
05-14 07:21:24.866  2203  2211 D HeatmapThread: !@ Heatmap prevv_dsoh_update_time: 29645957
05-14 07:21:24.866  2203  2211 E HeatmapThread: !@ CAM New BSOH: 100
05-14 07:21:24.866  2203  2211 E HeatmapThread: !@ CAM is Working
05-14 07:21:24.882 20835 20835 I ContactsProvider: [P] onTrimMemory-success
05-14 07:21:25.117  2087 12453 I sensors-hal: handle_sns_client_event:375, [0][12272] accel_sample [ 0.139,  0.081,  9.863] 486521517865952
05-14 07:21:25.194  3032  3977 D ActivityManager: freezing 12688 com.samsung.faceservice
05-14 07:21:25.200  3032  3977 D ActivityManager: FCA:FCA recordedFileRss = 0, and changeinRss = 50972
05-14 07:21:25.601 16360 16604 I TapTracker: 1.3) Sensor update info : 05/14_07:21:25, 0.148 , 0.081, 9.882
05-14 07:21:25.628  2196  3469 D AF::Track: interceptBuffer: took 515us to intercept 0 tracks
05-14 07:21:25.798  1321  1321 D io_stats: !@   8,0 r 21732271 473053892 w 8260235 186336580 d 1158328 276661184 f 268053 901038 iot 4987712 0 th 0 0 0 pt 0 inp 0 0 176174.485
05-14 07:21:25.859  2203  2211 E HeatmapThread: ECT Thread time in milliseconds: 1778757685
05-14 07:21:25.864  2203  2211 D HeatmapThread: !@ batteryplugType : 2
05-14 07:21:25.864  2203  2211 D HeatmapThread: !@ batteryLevel : 49  batteryTemperature : 308 
05-14 07:21:25.864  2203  2211 D HeatmapThread: !@ Heatmap currtime: 29645961
05-14 07:21:25.864  2203  2211 D HeatmapThread: !@ Heatmap prevtime: 29645953
05-14 07:21:25.864  2203  2211 D HeatmapThread: !@ Heatmap plugstarttime: 29645897
05-14 07:21:25.865  2203  2211 D HeatmapThread: !@ Heatmap prevv_dsoh_update_time: 29645957
05-14 07:21:25.865  2203  2211 E HeatmapThread: !@ CAM New BSOH: 100
05-14 07:21:25.865  2203  2211 E HeatmapThread: !@ CAM is Working
05-14 07:21:25.878 20969 20969 I SCS@AiSearch user 0: (SearchProvider) onTrimMemory(): 40
05-14 07:21:25.881 12406 12438 I Unity   : SetGameState: isLoading: true, mode: UNKNOWN, label: -4, quality: 2
05-14 07:21:25.911 12406 12438 I Unity   : [AndroidWhiteoutDiagnostics] level=L07 platform=Android quality=2/Medium colorSpace=Gamma graphicsApi=Vulkan graphicsDevice='Adreno (TM) 750' screen=1080x2256 orientation=Portrait cameras=[GameStateViewRoot/BoardStageRoot/BoardContentRoot/Content_04_03_Target_0/Visual/Camera{enabled=False, clear=Skybox, bg=(0.192,0.302,0.475,0), cull=-1, depth=0, near=0.1, far=100, pos=(12.778,11.474,-10.767), rot=(36.09,306.265,346.523)}; Main Camera{enabled=True, clear=Skybox, bg=(0.039,0.043,0.059,0), cull=-1, depth=-1, near=0.3, far=1000, pos=(0,20,-14), rot=(60,0,0)}] canvases=[SettingsMenu/SettingsMenuCanvas{enabled=True, renderMode=ScreenSpaceOverlay, sortingLayer=Default, order=1000}] suspiciousRenderers=[GameStateViewRoot/DockRoot/SharedDockVisualInstance/Visual{enabled=True, type=MeshRenderer, layer=0, sortingLayer=Default, order=0, cast=On, receive=True, bounds=(9.72,1.383,2.853), pos=(0,-0.483,-9.85), material='Dock_Safe_Phase1', shader='Standard', matColor=(1,1,1,1)}; Main Camera/SceneBackground{enabled=True, ty
05-14 07:21:25.914 12406 12438 I Unity   : SetGameState: isLoading: false, mode: UNKNOWN, label: 0, quality: 2
05-14 07:21:25.922 12406 12438 I Unity   : [AndroidWhiteoutDiagnostics] level=L07 platform=Android quality=2/Medium colorSpace=Gamma graphicsApi=Vulkan graphicsDevice='Adreno (TM) 750' screen=1080x2256 orientation=Portrait cameras=[GameStateViewRoot/BoardStageRoot/BoardContentRoot/Content_04_03_Target_0/Visual/Camera{enabled=False, clear=Skybox, bg=(0.192,0.302,0.475,0), cull=-1, depth=0, near=0.1, far=100, pos=(13.007,11.678,-10.936), rot=(36.09,306.265,346.523)}; Main Camera{enabled=True, clear=Skybox, bg=(0.039,0.043,0.059,0), cull=-1, depth=-1, near=0.3, far=1000, pos=(0,20,-14), rot=(60,0,0)}] canvases=[SettingsMenu/SettingsMenuCanvas{enabled=True, renderMode=ScreenSpaceOverlay, sortingLayer=Default, order=1000}] suspiciousRenderers=[GameStateViewRoot/DockRoot/SharedDockVisualInstance/Visual{enabled=True, type=MeshRenderer, layer=0, sortingLayer=Default, order=0, cast=On, receive=True, bounds=(9.72,1.383,2.853), pos=(0,-0.483,-9.85), material='Dock_Safe_Phase1', shader='Standard', matColor=(1,1,1,1)}; Main Camera/SceneBackground{enabled=True, ty
05-14 07:21:25.922 12406 12438 I Unity   : [AndroidWhiteoutCommand] ready level=L07 requestedMoves=0 appliedMoves=0 actionCount=0
05-14 07:21:25.922 12406 12438 I Unity   : UnityEngine.DebugLogHandler:Internal_Log(LogType, LogOption, String, Object)
05-14 07:21:25.922 12406 12438 I Unity   : UnityEngine.DebugLogHandler:LogFormat(LogType, Object, String, Object[])
05-14 07:21:25.922 12406 12438 I Unity   : UnityEngine.Logger:Log(LogType, Object)
05-14 07:21:25.922 12406 12438 I Unity   : UnityEngine.Debug:Log(Object)
05-14 07:21:25.922 12406 12438 I Unity   : Rescue.Unity.Diagnostics.<RunCommand>d__8:MoveNext() (at C:\Users\jwmcg\OneDrive\Documents\AI Projects\Live Envirnments\rescue-grid\Assets\Rescue.Unity\Diagnostics\AndroidWhiteoutCommandBridge.cs:117)
05-14 07:21:25.922 12406 12438 I Unity   : UnityEngine.SetupCoroutine:InvokeMoveNext(IEnumerator, IntPtr) (at \home\bokken\build\output\unity\unity\Runtime\Export\Scripting\Coroutines.cs:17)
05-14 07:21:25.922 12406 12438 I Unity   : 
05-14 07:21:26.151  3032  3977 D ActivityManager: FCA:Reclamation for pid: 30054
05-14 07:21:26.221  3032  4437 V SemStrongRssiRoaming: POLL (Rssi:-57 MinRssi:-49 Guard:0)
05-14 07:21:26.372  3032  4415 I SemWifiServiceDetector: Service det. suspended: T / T / 10935
05-14 07:21:26.480  3032  6735 D SemWifiUsabilityStatsMonitor: onWifiUsabilityStats - seqNum 21907, isSameBssidAndFreq true
05-14 07:21:26.480  4782  4782 I EPDG -- SIM1 [SMARTWIFI]: isProfiling, hash=6285797, started=true
05-14 07:21:26.481  3032  4418 D InsDataManager: onOutageCountUpdate() - Outage Data: 0, LQ : Y. Outage Triggered: false
05-14 07:21:26.481  3032  4418 D SemInsManager: {"bssid": "683a95c52437","rssi": -58.0,"latency": 0.0,"outage_count": 0,"lq_callback_triggered": true,"outage_log": "Unreliable statistics: -58.0 / 3 / 226 / 9 / 1 || 683a95c52437: 0.000 / 0.000 / @ || N N / 0 0 / Y 2.0 / Y X 0 / 176175167 0 || Invalid""Magnetic Sensor Events size": "0""Pressure Sensor Events size": "0"}
05-14 07:21:26.482  4782  4782 I EPDG -- SIM1 [SMARTWIFI]: isWifiRssiLessOrEqualsHandoverThreshold: received rssi is: -58 handover threshold is: -85
05-14 07:21:26.482  4782  4782 I EPDG -- SIM1 [SMARTWIFI]: isProfiling, hash=6285797, started=true
05-14 07:21:26.483  4782  4782 I EPDG -- SIM1 [SMARTWIFI]: Rssi : -58 highrange : -71 lowrange : -80 mIsRssiInHystersis : false
05-14 07:21:26.483  4782  4782 I EPDG -- SIM1 [SMARTWIFI]: Rssi : -58 highrange : -71 lowrange : -80 mIsRssiInHystersis : false
05-14 07:21:26.483  4782  4782 I EPDG -- SIM1 [SMARTWIFI]: isL2WHandoverProfilingRunning: returning: false
05-14 07:21:26.483  4782  4782 I EPDG -- SIM1 [SMARTWIFI]: No need to send L2WHandoverProfiling runnable
05-14 07:21:26.483  4782  4782 I EPDG -- SIM1 [SMARTWIFI]: getHandoverThresholdMet: value is: false
05-14 07:21:26.624  2087 12461 I sensors-hal: handle_sns_client_event:422, [0][1296] gyro_sample_cal(cal_available:1)(3) [ 0.000, 0.000, 0.000] bias[ 0.003,-0.003, 0.001] 486523015132359
05-14 07:21:26.859  2203  2211 E HeatmapThread: ECT Thread time in milliseconds: 1778757686
05-14 07:21:26.863  2203  2211 D HeatmapThread: !@ batteryplugType : 2
05-14 07:21:26.863  2203  2211 D HeatmapThread: !@ batteryLevel : 49  batteryTemperature : 308 
05-14 07:21:26.864  2203  2211 D HeatmapThread: !@ Heatmap currtime: 29645961
05-14 07:21:26.864  2203  2211 D HeatmapThread: !@ Heatmap prevtime: 29645953
05-14 07:21:26.864  2203  2211 D HeatmapThread: !@ Heatmap plugstarttime: 29645897
05-14 07:21:26.864  2203  2211 D HeatmapThread: !@ Heatmap prevv_dsoh_update_time: 29645957
05-14 07:21:26.864  2203  2211 E HeatmapThread: !@ CAM New BSOH: 100
05-14 07:21:26.865  2203  2211 E HeatmapThread: !@ CAM is Working
05-14 07:21:26.943  2144  2176 E BatteryDump: !@new_battery_dump : 3842,-102,375,550,49,309,289,366,309,0,329,366,0,Charging,NO_CHARGING,Normal,Good,USB,1,Normal,0,0,9279,0x8000,0x10010000,0x0,0,0,0000,0000,00000000,0,0,0,0,559,3847,4875,990,0,
05-14 07:21:26.944  2169  2169 I seh_thermal_service: getTemperaturesWithType SehTemperatureType: 3
05-14 07:21:26.945  2144  2144 I sehhealth-service: updateLrpSysfs: write: 331
05-14 07:21:27.046 12734 12734 W screencap: Thread Pool max thread count is 0. Cannot cache binder as linkToDeath cannot be implemented. serviceName: SurfaceFlingerAIDL
05-14 07:21:27.046 12734 12734 W BpBinder: Linking to death on android.gui.ISurfaceComposer but there are no threads (yet?) listening to incoming transactions. See ProcessState::startThreadPool and ProcessState::setThreadPoolMaxThreadCount. Generally you should setup the binder threadpool before other initialization steps.
05-14 07:21:27.047 12734 12734 W screencap: Thread Pool max thread count is 0. Cannot cache binder as linkToDeath cannot be implemented. serviceName: edmnativehelper
05-14 07:21:27.047  3032  7524 I EDMNativeHelperService: isScreenCaptureEnabled
05-14 07:21:27.047  3032  7524 D RestrictionPolicy: isScreenCaptureEnabled : ret=true userId=0
05-14 07:21:27.047 12734 12734 W ProcessState: Extra binder thread started, but 0 threads requested. Do not use *startThreadPool when zero threads are requested.
05-14 07:21:27.047 12734 12734 I SurfaceComposerClient: captureDisplay:Display-4630946315032985731
05-14 07:21:27.058  2210  2210 D TransactionCallbackInvoker: addCallbackHandle:b11d722 SurfaceView[com.defaultcompany.rescuegrid.dev/com.unity3d.player.UnityPlayerGameActivity]@0(BLAST)#25996 is not released yet
05-14 07:21:27.059  2210  2344 I SurfaceFlinger: Capture layer list: 	 Background for b11d722 SurfaceView[com.defaultcompany.rescuegrid.dev/com.unity3d.player.UnityPlayerGameActivity]@0#25997(seamlessTransition:0)
05-14 07:21:27.059  2210  2344 I SurfaceFlinger: Capture layer list: 	 b11d722 SurfaceView[com.defaultcompany.rescuegrid.dev/com.unity3d.player.UnityPlayerGameActivity]@0(BLAST)#25996(seamlessTransition:0)
05-14 07:21:27.059  2210  2344 I SurfaceFlinger: Capture layer list: 	 com.defaultcompany.rescuegrid.dev/com.unity3d.player.UnityPlayerGameActivity$_12406#25991(seamlessTransition:0)
05-14 07:21:27.059  2210  2344 I SurfaceFlinger: Capture layer list: 	 StatusBar$_4556#113(seamlessTransition:0)
05-14 07:21:27.059  2210  2344 I CompositionEngine: [setDisplaySize] size=(1080, 2340)
05-14 07:21:27.060  2210  2344 E HwcComposer: getLuts failed Status(-129, EX_TRANSACTION_FAILED): 'UNKNOWN_TRANSACTION: '
05-14 07:21:27.061  2210  2370 D RenderEngine: [SEC_SF_EFFECTS] drawLayersInternal,1483, Rendering layer ScreenCaptureFillLayer at index 0
05-14 07:21:27.061  2210  2370 D RenderEngine: [SEC_SF_EFFECTS] drawLayersInternal,1483, Rendering layer b11d722 SurfaceView[com.defaultcompany.rescuegrid.dev/com.unity3d.player.UnityPlayerGameActivity]@0(BLAST)#25996 at index 1
05-14 07:21:27.061  2210  2370 D RenderEngine: [SEC_SF_EFFECTS] drawLayersInternal,1483, Rendering layer com.defaultcompany.rescuegrid.dev/com.unity3d.player.UnityPlayerGameActivity$_12406#25991 at index 2
05-14 07:21:27.061  2210  2370 D RenderEngine: [SEC_SF_EFFECTS] drawLayersInternal,1483, Rendering layer StatusBar$_4556#113 at index 3
05-14 07:21:27.118  2087 12453 I sensors-hal: handle_sns_client_event:375, [0][13216] accel_sample [ 0.139,  0.081,  9.863] 486523518798765
05-14 07:21:27.121 12734 12736 I AdrenoUtils: <ReadGpuID:357>: Reading chip ID through GSL
05-14 07:21:27.122 12734 12734 W qdgralloc: Failed to load libubwcp.so
05-14 07:21:27.132  8325 11061 W MediaProvider: isAppCloneUserPair for user 0: false
05-14 07:21:27.146  3032  7524 D SyncManager: userId - 0 auto - true
05-14 07:21:27.147  4191  4252 I MediaSyncer: generation: Generation(added=166851, modified=166853)
05-14 07:21:27.176  3032  4655 I ActivityManager: Changes in 10256 17 to 8, 0 to 128
05-14 07:21:27.176  3032  4655 I ActivityManager: Changes in 10115 19 to 8, 0 to 128
05-14 07:21:27.186 29091 12385 I NetworkScheduler.Stats: (REDACTED) Task %s/%s started execution. cause:%s exec_start_elapsed_seconds: %s
05-14 07:21:27.188 29091 12385 I NetworkScheduler.Stats: (REDACTED) Task %s/%s finished executing. cause:%s result: %s elapsed_millis: %s uptime_millis: %s exec_start_elapsed_seconds: %s
05-14 07:21:27.192  3032  4655 I ActivityManager: Changes in 10256 8 to 10, 128 to 0
05-14 07:21:27.192  3032  4655 I ActivityManager: Changes in 10115 8 to 10, 128 to 0
05-14 07:21:27.194  5401  5514 I RequestManager_FLP: onOpChanged, op=0 / packageName=com.android.vending
05-14 07:21:27.195  4191  4252 I MediaSyncer: loaded: 48ms, Success(maxMediaId=0, maxGenAdded=-9223372036854775808, maxGenModified=166863, count=0)
05-14 07:21:27.198 21355 21355 I Finsky  : [2] Memory trim requested to level 40
05-14 07:21:27.198 21355 21355 I Finsky  : [2] Flushing in-memory image cache
05-14 07:21:27.205  3032  3977 D ActivityManager: FCA:Reclamation for pid: 12688
05-14 07:21:27.309  2077  6139 I vendor.qti.bluetooth@1.1-ibs_handler: ProcessIbsCmd: Received IBS_WAKE_IND: 0xFD
05-14 07:21:27.310  2077  6139 D vendor.qti.bluetooth@1.1-ibs_handler: SerialClockVote: vote for UART CLK ON
05-14 07:21:27.310  2077  6139 D vendor.qti.bluetooth@1.1-wake_lock: Acquire wakelock is acquired 
05-14 07:21:27.310  2077  6139 I vendor.qti.bluetooth@1.1-ibs_handler: ProcessIbsCmd: Writing IBS_WAKE_ACK
05-14 07:21:27.319  4784  6167 I ScanController: onScanResult to scannerId: 6- eventType=0x10, addressType=0, address=XX:XX:XX:XX:97:3F, primaryPhy=1, secondaryPhy=0, advertisingSid=0xff, txPower=127, rssi=-93, periodicAdvInt=0x0
05-14 07:21:27.326 16128 16448 I [-0400]oneconnect[1.8.45.24_01][CORE]: DataConvert.parseBleVd - deviceBle : |name:|deviceType:TV|discoverType:_BLE|services:None|connected:false[TvStatusString]POWER_OFF[TvStatus]-128[TvService]102[TvMirrorChannel]1[TvRegisteredDB][-8, 104, -49, -60, -127, 65][TvYear]2016[TvOcfInfo]0[TvAcmStatus]0[ExTvStatus]0[ExtendedStatus]-1[ModuloSn]-1
05-14 07:21:27.359  2077  6139 I vendor.qti.bluetooth@1.1-ibs_handler: ProcessIbsCmd: Received IBS_SLEEP_IND: 0xFE
05-14 07:21:27.359  2077  6139 D vendor.qti.bluetooth@1.1-ibs_handler: SerialClockVote: vote for UART CLK OFF
05-14 07:21:27.377 21216 21216 I wpa_supplicant: Heartbeat 24464
05-14 07:21:27.456  2077  6139 I vendor.qti.bluetooth@1.1-ibs_handler: ProcessIbsCmd: Received IBS_WAKE_IND: 0xFD
05-14 07:21:27.458  2077  6139 D vendor.qti.bluetooth@1.1-ibs_handler: SerialClockVote: vote for UART CLK ON
05-14 07:21:27.458  2077  6139 I vendor.qti.bluetooth@1.1-ibs_handler: ProcessIbsCmd: Writing IBS_WAKE_ACK
05-14 07:21:27.461  4784  6167 I ScanController: onScanResult to scannerId: 6- eventType=0x10, addressType=0, address=XX:XX:XX:XX:97:3F, primaryPhy=1, secondaryPhy=0, advertisingSid=0xff, txPower=127, rssi=-87, periodicAdvInt=0x0
05-14 07:21:27.464 16128 16448 I [-0400]oneconnect[1.8.45.24_01][CORE]: DataConvert.parseBleVd - deviceBle : |name:|deviceType:TV|discoverType:_BLE|services:None|connected:false[TvStatusString]POWER_OFF[TvStatus]-128[TvService]102[TvMirrorChannel]1[TvRegisteredDB][-8, 104, -49, -60, -127, 65][TvYear]2016[TvOcfInfo]0[TvAcmStatus]0[ExTvStatus]0[ExtendedStatus]-1[ModuloSn]-1
05-14 07:21:27.499  2077  6139 I vendor.qti.bluetooth@1.1-ibs_handler: ProcessIbsCmd: Received IBS_SLEEP_IND: 0xFE
05-14 07:21:27.499  2077  6139 D vendor.qti.bluetooth@1.1-ibs_handler: SerialClockVote: vote for UART CLK OFF
05-14 07:21:27.650  2077  5340 D vendor.qti.bluetooth@1.1-wake_lock: Release wakelock is released 
05-14 07:21:27.651  3032  3844 I ActivityManager: Changes in 10117 19 to 8, 0 to 128
05-14 07:21:27.669 20969 20969 I SCS@AiSearch user 0: (ObserverWorker::AOSP_MP) [main] entering in startWork triggered by [content://media/external/file/1000020934]():  
05-14 07:21:27.669 20969 20969 I SCS@AiSearch user 0: (BaseCollector::AOSP_MP) [main] entering in onChange():  
05-14 07:21:27.670 20969 21908 I SCS@AiSearch user 0: (BaseCollector::AOSP_MP) [AOSP_MP-0] entering in collectChanges():  
05-14 07:21:27.682  3032  7535 D PackageManager: setEnabledSetting : userId = 0 packageName = com.samsung.android.scs cmp = androidx.work.impl.background.systemalarm.RescheduleReceiver newState = 1 callingPackage = com.samsung.android.scs
05-14 07:21:27.682  3032  7535 D ApplicationPolicy: getApplicationStateEnabled : pkg = com.samsung.android.scs userId : 0
05-14 07:21:27.684  3032  7535 D ApplicationPolicy: getApplicationComponentState : pkg = com.samsung.android.scs userId : 0
05-14 07:21:27.762 20969 21908 I SCS@AiSearch user 0: (BaseCollector::AOSP_MP) fetchInternal values : maxSyncId: 1000020907 indexCount: 12725 sourceCount: 12725
05-14 07:21:27.772 20969 21908 I SCS@AiSearch user 0: (IndexManager) [AOSP_MP-0] entering in addIndex():  
05-14 07:21:27.773 20969 21908 I SCS@AiSearch user 0: (BaseCollector::AOSP_MP) fetch: fetching took  58 ms
05-14 07:21:27.773 20969 21908 I SCS@AiSearch user 0: (BaseCollector::AOSP_MP) fetchChanges: applied 0 items
05-14 07:21:27.773 20969 21908 I SCS@AiSearch user 0: (BaseCollector::AOSP_MP) Collect finished. Result: true
05-14 07:21:27.773 20969 21072 I WM-WorkerWrapper: Worker result SUCCESS for Work [ id=675b3a2e-3e6f-4993-aea8-90dda7513551, tags={ com.sec.android.app.myfiles, com.samsung.android.scs.ai.search.data.collector.base.ObserverWorker } ]
05-14 07:21:27.773 20969 21908 I SCS@AiSearch user 0: (BaseCollector::AOSP_MP) enqueue ObserverWorker name: com.sec.android.app.myfiles, policy: APPEND_OR_REPLACE
05-14 07:21:27.776  3032  7535 I ActivityManager: Changes in 10117 8 to 10, 128 to 0
05-14 07:21:27.782 20969 20969 I SCS@AiSearch user 0: (SearchProvider) onTrimMemory(): 40
05-14 07:21:27.787  3032  7535 D PackageManager: setEnabledSetting : userId = 0 packageName = com.samsung.android.scs cmp = androidx.work.impl.background.systemalarm.RescheduleReceiver newState = 1 callingPackage = com.samsung.android.scs
05-14 07:21:27.788  3032  7535 D ApplicationPolicy: getApplicationStateEnabled : pkg = com.samsung.android.scs userId : 0
05-14 07:21:27.788  3032  7535 D ApplicationPolicy: getApplicationComponentState : pkg = com.samsung.android.scs userId : 0
05-14 07:21:27.791 20969 21072 W JobInfo : Requested important-while-foreground flag for job186499 is ignored and takes no effect
05-14 07:21:27.798  1321  1321 D io_stats: !@   8,0 r 21732392 473054500 w 8260255 186336656 d 1158328 276661184 f 268053 901041 iot 4987812 0 th 0 0 0 pt 0 inp 0 0 176176.485
05-14 07:21:27.798  1321  1321 D io_stats: !@ Read_top(KB): rs.media.module(8325) 252 ung.android.scs(20969) 188 screencap(12734) 100
05-14 07:21:27.799  1321  1321 D io_stats: !@ Write_top(KB): .gms.persistent(29091) 40 soft.appmanager(30287) 16 ung.android.scs(20969) 16
05-14 07:21:27.859  2203  2211 E HeatmapThread: ECT Thread time in milliseconds: 1778757687
05-14 07:21:27.862  2203  2211 D HeatmapThread: !@ batteryplugType : 2
05-14 07:21:27.862  2203  2211 D HeatmapThread: !@ batteryLevel : 49  batteryTemperature : 309 
05-14 07:21:27.863  2203  2211 D HeatmapThread: !@ Heatmap currtime: 29645961
05-14 07:21:27.863  2203  2211 D HeatmapThread: !@ Heatmap prevtime: 29645953
05-14 07:21:27.863  2203  2211 D HeatmapThread: !@ Heatmap plugstarttime: 29645897
05-14 07:21:27.863  2203  2211 D HeatmapThread: !@ Heatmap prevv_dsoh_update_time: 29645957
05-14 07:21:27.863  2203  2211 E HeatmapThread: !@ CAM New BSOH: 100
05-14 07:21:27.863  2203  2211 E HeatmapThread: !@ CAM is Working
05-14 07:21:28.106  3032  7535 I ActivityManager: Broadcasting: Intent { act=android.intent.action.MEDIA_SCANNER_SCAN_FILE dat=file:///... flg=0x400000 }
05-14 07:21:28.108  3032  7535 I ActivityManager: Enqueued broadcast Intent { act=android.intent.action.MEDIA_SCANNER_SCAN_FILE dat=file:///... flg=0x400000 }: 0
05-14 07:21:28.111  8325  8325 I MediaServiceV2: Creating work for intent Intent { act=android.intent.action.MEDIA_SCANNER_SCAN_FILE dat=file:///... flg=0x1400010 cmp=com.google.android.providers.media.module/com.android.providers.media.MediaServiceV2 }
05-14 07:21:28.112  8325  8325 I MediaServiceV2: Work enqueued for intent: Intent { act=android.intent.action.MEDIA_SCANNER_SCAN_FILE dat=file:///... flg=0x1400010 cmp=com.google.android.providers.media.module/com.android.providers.media.MediaServiceV2 }
05-14 07:21:28.113  3032  3229 I ActivityManager: Broadcast completed: result=0
05-14 07:21:28.128  8325  8702 W JobInfo : Requested important-while-foreground flag for job7021 is ignored and takes no effect
05-14 07:21:28.128  8325  8702 D WM-SystemJobScheduler: Scheduling work ID cc35af44-f48f-4896-81fa-95925f40db3bJob ID 7021
05-14 07:21:28.132  8325  8702 D WM-GreedyScheduler: Ignoring {WorkSpec: 8b0e26a1-da17-4a7d-8943-fa37401907bb}. Requires device idle.
05-14 07:21:28.132  8325  8702 D WM-GreedyScheduler: Ignoring {WorkSpec: 851dc692-8528-4451-a03e-188ed97a5b4d}. Requires device idle.
05-14 07:21:28.132  8325  8702 D WM-GreedyScheduler: Ignoring {WorkSpec: 00b34183-214c-4ec2-a349-e19f9227b254}. Requires device idle.
05-14 07:21:28.132  8325  8702 D WM-GreedyScheduler: Starting work for cc35af44-f48f-4896-81fa-95925f40db3b
05-14 07:21:28.133  8325  8325 D WM-SystemJobService: onStartJob for WorkGenerationalId(workSpecId=cc35af44-f48f-4896-81fa-95925f40db3b, generation=0)
05-14 07:21:28.133  8325  8711 D WM-Processor: Processor: processing WorkGenerationalId(workSpecId=cc35af44-f48f-4896-81fa-95925f40db3b, generation=0)
05-14 07:21:28.133  8325  8711 D WM-Processor: Work WorkGenerationalId(workSpecId=cc35af44-f48f-4896-81fa-95925f40db3b, generation=0) is already enqueued for processing
05-14 07:21:28.135  8325  8325 D WM-WorkerWrapper: Starting work for com.android.providers.media.MediaServiceV2
05-14 07:21:28.136  8325 12746 I MediaServiceV2: Work initiated for action [ android.intent.action.MEDIA_SCANNER_SCAN_FILE ]
05-14 07:21:28.145  8325 12746 I Kumiho-Kumiho: getPackageName: com.google.android.providers.media.module
05-14 07:21:28.145  8325 12746 I Kumiho-Kumiho: getPackageName: com.google.android.providers.media.module
05-14 07:21:28.155  2087 12450 I sensors-hal: handle_sns_std_sensor_event:409, [SSC_LIGHT] P: 44(44),c:4,b:78,m:13,cl:0,l:44,s:35,l0:8288,l1:32,s0:6500,s1:0,acl:1,opr:0.31,f(r):74,u(bl):100,if:0,wi:2,si:0,po:174(N:0)
05-14 07:21:28.156  8325 12746 I MediaServiceV2: Work ended for action [ android.intent.action.MEDIA_SCANNER_SCAN_FILE ]
05-14 07:21:28.157  3032  7535 D SyncManager: userId - 0 auto - true
05-14 07:21:28.157  8325  8709 I WM-WorkerWrapper: Worker result SUCCESS for Work [ id=cc35af44-f48f-4896-81fa-95925f40db3b, tags={ com.android.providers.media.MediaServiceV2 } ]
05-14 07:21:28.158  4191  4252 I MediaSyncer: generation: Generation(added=166851, modified=166863)
05-14 07:21:28.159  8325  8325 D WM-Processor: Processor cc35af44-f48f-4896-81fa-95925f40db3b executed; reschedule = false
05-14 07:21:28.159  8325  8325 D WM-SystemJobService: cc35af44-f48f-4896-81fa-95925f40db3b executed on JobScheduler
05-14 07:21:28.162  8325  8711 D WM-GreedyScheduler: Cancelling work ID cc35af44-f48f-4896-81fa-95925f40db3b
05-14 07:21:28.170  3032  7524 W JobScheduler: Job didn't exist in JobStore: 30c1f8f {androidx.work.systemjobscheduler} #u0a307/7021 @androidx.work.systemjobscheduler@com.google.android.providers.media.module/androidx.work.impl.background.systemjob.SystemJobService
05-14 07:21:28.170  8325  8325 D WM-SystemJobService: onStopJob for WorkGenerationalId(workSpecId=cc35af44-f48f-4896-81fa-95925f40db3b, generation=0)
05-14 07:21:28.170  8325  8711 D WM-GreedyScheduler: Ignoring {WorkSpec: 8b0e26a1-da17-4a7d-8943-fa37401907bb}. Requires device idle.
05-14 07:21:28.173  8325  8711 D WM-GreedyScheduler: Ignoring {WorkSpec: 851dc692-8528-4451-a03e-188ed97a5b4d}. Requires device idle.
05-14 07:21:28.173  8325  8711 D WM-GreedyScheduler: Ignoring {WorkSpec: 00b34183-214c-4ec2-a349-e19f9227b254}. Requires device idle.
05-14 07:21:28.182 12625 12673 I BaseThreadPoolExecutor: [#CMH#] Task com.samsung.cmh.core.task.MediaContentSyncTask@279282f is submitted
05-14 07:21:28.183  4191  4252 I MediaSyncer: loaded: 25ms, Success(maxMediaId=1000020934, maxGenAdded=166863, maxGenModified=166864, count=1)
05-14 07:21:28.192  8325  8709 D WM-SystemJobScheduler: Scheduling work ID fa22160b-278d-4de3-9320-e075b58cac4aJob ID 7022
05-14 07:21:28.197  5401  5514 I RequestManager_FLP: onOpChanged, op=0 / packageName=com.android.vending
05-14 07:21:28.199 12625 12629 W com.samsung.cmh: userfaultfd: MOVE ioctl seems unsupported: Connection timed out
05-14 07:21:28.199  8325  8709 D WM-GreedyScheduler: Ignoring {WorkSpec: 8b0e26a1-da17-4a7d-8943-fa37401907bb}. Requires device idle.
05-14 07:21:28.199  8325  8709 D WM-GreedyScheduler: Ignoring {WorkSpec: 851dc692-8528-4451-a03e-188ed97a5b4d}. Requires device idle.
05-14 07:21:28.199  8325  8709 D WM-GreedyScheduler: Ignoring {WorkSpec: 00b34183-214c-4ec2-a349-e19f9227b254}. Requires device idle.
05-14 07:21:28.206 12625 12632 I CMHFileObserver: [#CMH#] CMHFileObserver object is GC 
05-14 07:21:28.206  4191  4246 W SefInterface$Companion: This file doesn't have SEF
05-14 07:21:28.220 12625 12747 I MediaContentSyncTask: [#CMH#] No of Row (SEC MP :  1930, Max Id : 2147488711) (CMH : 1929, Max Id : 2147488710) - Time :6
05-14 07:21:28.221  8430  8430 I SDHMS:LOAD: type: LoadsFreqs, value: 69:0:80:899328:3340800:672000:729600:3148800:499200:235:310:231
05-14 07:21:28.232 12625 12747 I MediaContentSyncTask: [#CMH#] Rebuilding contents count 1
05-14 07:21:28.235 12625 12747 I ImageFeatures: [#CMH#] Not support file type 
05-14 07:21:28.247 12625 12747 I MediaContentSyncTask: [#CMH#] Insert ITEM :  1
05-14 07:21:28.247 12625 12747 I BaseThreadPoolExecutor: [#CMH#] afterExecute FutureTask
05-14 07:21:28.247 12625 12747 I ControllerEventHandler: [#CMH#] New Task for wait content sync job 
05-14 07:21:28.247 12625 12747 I BaseThreadPoolExecutor: [#CMH#] Task com.samsung.cmh.core.task.MediaContentSyncTask@279282f is submitted
05-14 07:21:28.263 12625 12747 I MediaContentSyncTask: [#CMH#] No of Row (SEC MP :  1930, Max Id : 2147488711) (CMH : 1930, Max Id : 2147488711) - Time :7
05-14 07:21:28.274 12625 12747 I MediaContentSyncTask: [#CMH#] MP time stamp :  1778757688206, CMH time stamp : 1778757217715
05-14 07:21:28.281 12625 12747 I MediaContentSyncTask: [#CMH#] Update ITEM  :  1
05-14 07:21:28.300 12625 12747 W SQLiteLog: (28) walCheckpoint: eMode(0), mxFrame(105), nBackfill(105), /data/user/0/com.samsung.cmh/databases/cmh.db-wal taking (9) ms
05-14 07:21:28.300 12625 12747 I MediaContentSyncTask: [#CMH#] Update Cursor Count (1=>1), Time: 19 
05-14 07:21:28.302 12625 12747 I MediaContentSyncTask: [#CMH#] Update ITEM :  1
05-14 07:21:28.308 12625 12747 I BaseThreadPoolExecutor: [#CMH#] afterExecute FutureTask
05-14 07:21:28.309 12625 12747 I ControllerEventHandler: [#CMH#] Alive Privacy Ignored Policy Called:  false
05-14 07:21:28.544 12406 12438 I Unity   : SetGameState: isLoading: true, mode: UNKNOWN, label: -4, quality: 2
05-14 07:21:28.572 12406 12438 I Unity   : [AndroidWhiteoutDiagnostics] level=L07 platform=Android quality=2/Medium colorSpace=Gamma graphicsApi=Vulkan graphicsDevice='Adreno (TM) 750' screen=1080x2256 orientation=Portrait cameras=[GameStateViewRoot/BoardStageRoot/BoardContentRoot/Content_04_03_Target_0/Visual/Camera{enabled=False, clear=Skybox, bg=(0.192,0.302,0.475,0), cull=-1, depth=0, near=0.1, far=100, pos=(12.661,11.368,-10.681), rot=(36.09,306.265,346.523)}; Main Camera{enabled=True, clear=Skybox, bg=(0.039,0.043,0.059,0), cull=-1, depth=-1, near=0.3, far=1000, pos=(0,20,-14), rot=(60,0,0)}] canvases=[SettingsMenu/SettingsMenuCanvas{enabled=True, renderMode=ScreenSpaceOverlay, sortingLayer=Default, order=1000}] suspiciousRenderers=[GameStateViewRoot/DockRoot/SharedDockVisualInstance/Visual{enabled=True, type=MeshRenderer, layer=0, sortingLayer=Default, order=0, cast=On, receive=True, bounds=(9.72,1.383,2.853), pos=(0,-0.483,-9.85), material='Dock_Safe_Phase1', shader='Standard', matColor=(1,1,1,1)}; Main Camera/SceneBackground{enabled=True, ty
05-14 07:21:28.576 12406 12438 I Unity   : SetGameState: isLoading: false, mode: UNKNOWN, label: 0, quality: 2
05-14 07:21:28.613 12406 12438 I Unity   : [AndroidWhiteoutCommand] level=L07 diagnosticMove=1 coord=(0,0) groupSize=2 applied=True
05-14 07:21:28.613 12406 12438 I Unity   : UnityEngine.DebugLogHandler:Internal_Log(LogType, LogOption, String, Object)
05-14 07:21:28.613 12406 12438 I Unity   : UnityEngine.DebugLogHandler:LogFormat(LogType, Object, String, Object[])
05-14 07:21:28.613 12406 12438 I Unity   : UnityEngine.Logger:Log(LogType, Object)
05-14 07:21:28.613 12406 12438 I Unity   : UnityEngine.Debug:Log(Object)
05-14 07:21:28.613 12406 12438 I Unity   : Rescue.Unity.Diagnostics.<RunCommand>d__8:MoveNext() (at C:\Users\jwmcg\OneDrive\Documents\AI Projects\Live Envirnments\rescue-grid\Assets\Rescue.Unity\Diagnostics\AndroidWhiteoutCommandBridge.cs:103)
05-14 07:21:28.613 12406 12438 I Unity   : UnityEngine.SetupCoroutine:InvokeMoveNext(IEnumerator, IntPtr) (at \home\bokken\build\output\unity\unity\Runtime\Export\Scripting\Coroutines.cs:17)
05-14 07:21:28.613 12406 12438 I Unity   : 
05-14 07:21:28.616  2087 12461 I sensors-hal: handle_sns_client_event:422, [0][1390] gyro_sample_cal(cal_available:1)(3) [ 0.000, 0.000, 0.000] bias[ 0.003,-0.003, 0.001] 486525007587463
05-14 07:21:28.619 12406 12438 I Unity   : [AndroidWhiteoutDiagnostics] level=L07 platform=Android quality=2/Medium colorSpace=Gamma graphicsApi=Vulkan graphicsDevice='Adreno (TM) 750' screen=1080x2256 orientation=Portrait cameras=[GameStateViewRoot/BoardStageRoot/BoardContentRoot/Content_04_03_Target_0/Visual/Camera{enabled=False, clear=Skybox, bg=(0.192,0.302,0.475,0), cull=-1, depth=0, near=0.1, far=100, pos=(12.661,11.368,-10.681), rot=(36.09,306.265,346.523)}; Main Camera{enabled=True, clear=Skybox, bg=(0.039,0.043,0.059,0), cull=-1, depth=-1, near=0.3, far=1000, pos=(0,20,-14), rot=(60,0,0)}] canvases=[SettingsMenu/SettingsMenuCanvas{enabled=True, renderMode=ScreenSpaceOverlay, sortingLayer=Default, order=1000}] suspiciousRenderers=[GameStateViewRoot/DockRoot/SharedDockVisualInstance/Visual{enabled=True, type=MeshRenderer, layer=0, sortingLayer=Default, order=0, cast=On, receive=True, bounds=(9.72,1.383,2.853), pos=(0,-0.483,-9.85), material='Dock_Safe_Phase1', shader='Standard', matColor=(1,1,1,1)}; Main Camera/SceneBackground{enabled=True, ty
05-14 07:21:28.619 12406 12438 I Unity   : [AndroidWhiteoutCommand] ready level=L07 requestedMoves=1 appliedMoves=1 actionCount=1
05-14 07:21:28.619 12406 12438 I Unity   : UnityEngine.DebugLogHandler:Internal_Log(LogType, LogOption, String, Object)
05-14 07:21:28.619 12406 12438 I Unity   : UnityEngine.DebugLogHandler:LogFormat(LogType, Object, String, Object[])
05-14 07:21:28.619 12406 12438 I Unity   : UnityEngine.Logger:Log(LogType, Object)
05-14 07:21:28.619 12406 12438 I Unity   : UnityEngine.Debug:Log(Object)
05-14 07:21:28.619 12406 12438 I Unity   : Rescue.Unity.Diagnostics.<RunCommand>d__8:MoveNext() (at C:\Users\jwmcg\OneDrive\Documents\AI Projects\Live Envirnments\rescue-grid\Assets\Rescue.Unity\Diagnostics\AndroidWhiteoutCommandBridge.cs:117)
05-14 07:21:28.619 12406 12438 I Unity   : UnityEngine.SetupCoroutine:InvokeMoveNext(IEnumerator, IntPtr) (at \home\bokken\build\output\unity\unity\Runtime\Export\Scripting\Coroutines.cs:17)
05-14 07:21:28.619 12406 12438 I Unity   : 
05-14 07:21:28.663  3032  3844 I ActivityManager: Changes in 10117 19 to 8, 0 to 128
05-14 07:21:28.681 20969 20969 I SCS@AiSearch user 0: (ObserverWorker::AOSP_MP) [main] entering in startWork triggered by [content://media/external/file/1000020934]():  
05-14 07:21:28.681 20969 20969 I SCS@AiSearch user 0: (BaseCollector::AOSP_MP) [main] entering in onChange():  
05-14 07:21:28.682 20969 21908 I SCS@AiSearch user 0: (BaseCollector::AOSP_MP) [AOSP_MP-0] entering in collectChanges():  
05-14 07:21:28.686  3032  7532 D PackageManager: setEnabledSetting : userId = 0 packageName = com.samsung.android.scs cmp = androidx.work.impl.background.systemalarm.RescheduleReceiver newState = 1 callingPackage = com.samsung.android.scs
05-14 07:21:28.687  3032  7532 D ApplicationPolicy: getApplicationStateEnabled : pkg = com.samsung.android.scs userId : 0
05-14 07:21:28.687  3032  7532 D ApplicationPolicy: getApplicationComponentState : pkg = com.samsung.android.scs userId : 0
05-14 07:21:28.713  3032  3844 I JobScheduler.HeavyJobController: com.samsung.android.smartsuggestions/androidx.work.impl.background.systemjob.SystemJobService has heavy job's constraints.
05-14 07:21:28.713  3032  3844 I JobScheduler: HeavyJobController::heavy job upper limit: 600000(1800000|1199969)
05-14 07:21:28.725 20969 20969 I SCS@AiSearch user 0: (ObserverWorker::GALLERY) [main] entering in startWork triggered by [content://secmedia/video/media, content://secmedia/images/media]():  
05-14 07:21:28.726 20969 20969 I SCS@AiSearch user 0: (BaseCollector::GALLERY) [main] entering in onChange():  
05-14 07:21:28.726 20969 21909 I SCS@AiSearch user 0: (BaseCollector::GALLERY) [GALLERY-0] entering in collectChanges():  
05-14 07:21:28.743  3032  4655 D PackageManager: setEnabledSetting : userId = 0 packageName = com.samsung.android.scs cmp = androidx.work.impl.background.systemalarm.RescheduleReceiver newState = 1 callingPackage = com.samsung.android.scs
05-14 07:21:28.744  3032  4655 D ApplicationPolicy: getApplicationStateEnabled : pkg = com.samsung.android.scs userId : 0
05-14 07:21:28.744 28679 30053 I Moneta::RemoteWorker: WorkerStart DATA_OBSERVER [attempt=0, stop reason=NOT_STOPPED], workLog = WorkLog(id=60738a95-09a0-4455-ac33-e9a9b143da10-0, workTag=DATA_OBSERVER, startTime=0, endTime=null, stopTime=null, state=START, retryCount=0, errorCode=-256, tags=[gallery], executorThreadId=null)
05-14 07:21:28.744  3032  4655 D ApplicationPolicy: getApplicationComponentState : pkg = com.samsung.android.scs userId : 0
05-14 07:21:28.744 28679 30053 I Moneta::BuiltInDataObserver: doWork - tag: gallery
05-14 07:21:28.744 28679 30053 I Moneta::BatchDataCollectingWorkerController: execute
05-14 07:21:28.745 28679 30053 I Moneta::BatchDataCollectingWorkerController: enqueueBatchDataCollectingWorker delay:59911254
05-14 07:21:28.746 28679 30053 I Moneta::RealTimeDataCollectingWorkerController: execute. tag(gallery)
05-14 07:21:28.748  8322  8322 I WM-RemoteWorkManagerSer: Binding to RemoteWorkManager
05-14 07:21:28.749 20969 21909 I SCS@AiSearch user 0: (BaseCollector::GALLERY) fetchInternal values : maxSyncId: 2147488710 indexCount: 1929 sourceCount: 1929
05-14 07:21:28.750 28679 30053 I Moneta::RealTimeDataCollectingWorkerController: enqueueRealTimeDataCollectingWorker delay:10000
05-14 07:21:28.751 28679 30053 I Moneta::CoordinatorImpl: enqueueDataObserverWorker tag(gallery)
05-14 07:21:28.751 28679 30053 I Moneta::RemoteWorker: WorkerEnd DATA_OBSERVER (00:00:00.007), workLog = WorkLog(id=60738a95-09a0-4455-ac33-e9a9b143da10-0, workTag=DATA_OBSERVER, startTime=1778757688744, endTime=1778757688751, stopTime=null, state=END, retryCount=0, errorCode=-256, tags=[gallery], executorThreadId=30053)
05-14 07:21:28.754  8322  9870 I WM-WorkerWrapper: Worker result SUCCESS for Work [ id=60738a95-09a0-4455-ac33-e9a9b143da10, tags={ DATA_OBSERVER, MONETA_DATA_PLATFORM_COMMON_TAG, com.samsung.android.moneta.datacollector.builtin.dataobserver.BuiltInDataObserver, gallery } ]
05-14 07:21:28.757 20969 21908 I SCS@AiSearch user 0: (BaseCollector::AOSP_MP) fetchInternal values : maxSyncId: 1000020907 indexCount: 12725 sourceCount: 12725
05-14 07:21:28.759  3032  4655 I ActivityManager: Changes in 5004 15 to 8, 0 to 128
05-14 07:21:28.781 20969 21908 I SCS@AiSearch user 0: (IndexManager) [AOSP_MP-0] entering in addIndex():  
05-14 07:21:28.782 20969 21908 I SCS@AiSearch user 0: (BaseCollector::AOSP_MP) fetch: fetching took  63 ms
05-14 07:21:28.782 20969 21908 I SCS@AiSearch user 0: (BaseCollector::AOSP_MP) fetchChanges: applied 0 items
05-14 07:21:28.782 20969 21908 I SCS@AiSearch user 0: (BaseCollector::AOSP_MP) Collect finished. Result: true
05-14 07:21:28.782 20969 21908 I SCS@AiSearch user 0: (BaseCollector::AOSP_MP) enqueue ObserverWorker name: com.sec.android.app.myfiles, policy: APPEND_OR_REPLACE
05-14 07:21:28.783 20969 21071 I WM-WorkerWrapper: Worker result SUCCESS for Work [ id=4b86461d-d319-44ef-936b-7971a71aec3b, tags={ com.sec.android.app.myfiles, com.samsung.android.scs.ai.search.data.collector.base.ObserverWorker } ]
05-14 07:21:28.790  3032  7532 D PackageManager: setEnabledSetting : userId = 0 packageName = com.samsung.android.scs cmp = androidx.work.impl.background.systemalarm.RescheduleReceiver newState = 1 callingPackage = com.samsung.android.scs
05-14 07:21:28.791  3032  7532 D ApplicationPolicy: getApplicationStateEnabled : pkg = com.samsung.android.scs userId : 0
05-14 07:21:28.791  3032  7532 D ApplicationPolicy: getApplicationComponentState : pkg = com.samsung.android.scs userId : 0
05-14 07:21:28.792 20969 21071 W JobInfo : Requested important-while-foreground flag for job186502 is ignored and takes no effect
05-14 07:21:28.821 20969 21909 E SCS@AiSearch user 0: (FsmDataManager) getAllHits: No hits
05-14 07:21:28.821 20969 21909 I SCS@AiSearch user 0: (IndexManager) [GALLERY-0] entering in addIndex():  
05-14 07:21:28.822 20969 21909 I SCS@AiSearch user 0: (IndexManager) [INSERT] index=[com.google.android.providers.media], size=1
05-14 07:21:28.822 20969 21909 I SCS@AiSearch user 0: (IndexManager) getIndexWriter(): indexName com.google.android.providers.media
05-14 07:21:28.829 20969 21909 I SCS@AiSearch user 0: (IndexManager) [INSERT] Done
05-14 07:21:28.829 20969 21909 I SCS@AiSearch user 0: (IndexSearcherManager) [GALLERY-0] entering in refreshSearcherManager():  refreshSearcherManager for com.google.android.providers.media
05-14 07:21:28.843 20969 21909 I SCS@AiSearch user 0: (IndexSearcherManager) [GALLERY-0] leaving from refreshSearcherManager():  
05-14 07:21:28.843 20969 21909 I SCS@AiSearch user 0: (IndexManager) [GALLERY-0] entering in waitUntilCommitTaskFinished (idx=com.google.android.providers.media)():  
