05-14 07:21:42.655  8325 12870 D CloseableReentrantLock: Successfully released lock com.android.providers.media.photopicker.sync.CloseableReentrantLock@eb1b5ed[Unlocked]. Lock Name = CLOUD_PROVIDER_LOCK. Threads that may be waiting to acquire this lock = []
05-14 07:21:42.656  3032  5690 D SyncManager: userId - 0 auto - true
05-14 07:21:42.656  8325 12870 D PickerNotificationSender: Sending a notification for media update
05-14 07:21:42.657  3032  5690 D SyncManager: userId - 0 auto - true
05-14 07:21:42.657  8325 12870 D PickerNotificationSender: Sending a notification for merged album media update Favorites
05-14 07:21:42.657  8325 12870 D PickerNotificationSender: Sending a notification for album media update Favorites
05-14 07:21:42.657  3032  5690 D SyncManager: userId - 0 auto - true
05-14 07:21:42.657  8325 12870 D PickerNotificationSender: Sending a notification for merged album media update Videos
05-14 07:21:42.657  8325 12870 D PickerNotificationSender: Sending a notification for album media update Videos
05-14 07:21:42.657  3032  5690 D SyncManager: userId - 0 auto - true
05-14 07:21:42.658  8325 12870 D ExternalDbFacade: Token received for queryMedia = 1778757700000|1000020939
05-14 07:21:42.662  8325 12870 D PickerSyncLockManager: Trying to acquire lock com.android.providers.media.photopicker.sync.CloseableReentrantLock@eb1b5ed[Unlocked]. Lock Name = CLOUD_PROVIDER_LOCK. Threads that may be waiting to acquire this lock = [] with timeout.
05-14 07:21:42.662  8325 12870 D CloseableReentrantLock: Successfully acquired lock com.android.providers.media.photopicker.sync.CloseableReentrantLock@eb1b5ed[Locked by thread pool-5-thread-519]. Lock Name = CLOUD_PROVIDER_LOCK. Threads that may be waiting to acquire this lock = []
05-14 07:21:42.662  8325 12870 D PickerSyncController: Clearing next page token for key: local_provider:media_add:resume
05-14 07:21:42.662  8325 12870 D CloseableReentrantLock: Successfully released lock com.android.providers.media.photopicker.sync.CloseableReentrantLock@eb1b5ed[Unlocked]. Lock Name = CLOUD_PROVIDER_LOCK. Threads that may be waiting to acquire this lock = []
05-14 07:21:42.662  8325 12870 D PickerNotificationSender: Sending a notification for media update
05-14 07:21:42.662  3032  5690 D SyncManager: userId - 0 auto - true
05-14 07:21:42.662  8325 12870 D PickerNotificationSender: Sending a notification for merged album media update Favorites
05-14 07:21:42.662  8325 12870 D PickerNotificationSender: Sending a notification for album media update Favorites
05-14 07:21:42.662  3032  5690 D SyncManager: userId - 0 auto - true
05-14 07:21:42.662  8325 12870 D PickerNotificationSender: Sending a notification for merged album media update Videos
05-14 07:21:42.662  8325 12870 D PickerNotificationSender: Sending a notification for album media update Videos
05-14 07:21:42.663  3032  5690 D SyncManager: userId - 0 auto - true
05-14 07:21:42.663  8325 12870 I PickerSyncController: Paged sync successful. QueryArgs: Bundle[{android.provider.extra.PAGE_TOKEN=1778757700000|1000020939, android.provider.extra.SYNC_GENERATION=166900, android.provider.extra.PAGE_SIZE=1000}] Total Rows: 1
05-14 07:21:42.663  8325 12870 I PickerSyncController: Executing SyncRemove. isLocal: true. authority: com.android.providers.media.photopicker
05-14 07:21:42.663  8325 12870 D PickerSyncLockManager: Trying to acquire lock com.android.providers.media.photopicker.sync.CloseableReentrantLock@eb1b5ed[Unlocked]. Lock Name = CLOUD_PROVIDER_LOCK. Threads that may be waiting to acquire this lock = [] with timeout.
05-14 07:21:42.663  8325 12870 D CloseableReentrantLock: Successfully acquired lock com.android.providers.media.photopicker.sync.CloseableReentrantLock@eb1b5ed[Locked by thread pool-5-thread-519]. Lock Name = CLOUD_PROVIDER_LOCK. Threads that may be waiting to acquire this lock = []
05-14 07:21:42.663  8325 12870 D CloseableReentrantLock: Successfully released lock com.android.providers.media.photopicker.sync.CloseableReentrantLock@eb1b5ed[Unlocked]. Lock Name = CLOUD_PROVIDER_LOCK. Threads that may be waiting to acquire this lock = []
05-14 07:21:42.664  8325 12870 D PickerSyncLockManager: Trying to acquire lock com.android.providers.media.photopicker.sync.CloseableReentrantLock@eb1b5ed[Unlocked]. Lock Name = CLOUD_PROVIDER_LOCK. Threads that may be waiting to acquire this lock = [] with timeout.
05-14 07:21:42.664  8325 12870 D CloseableReentrantLock: Successfully acquired lock com.android.providers.media.photopicker.sync.CloseableReentrantLock@eb1b5ed[Locked by thread pool-5-thread-519]. Lock Name = CLOUD_PROVIDER_LOCK. Threads that may be waiting to acquire this lock = []
05-14 07:21:42.664  8325 12870 D PickerSyncController: Clearing next page token for key: local_provider:media_remove:resume
05-14 07:21:42.664  8325 12870 D CloseableReentrantLock: Successfully released lock com.android.providers.media.photopicker.sync.CloseableReentrantLock@eb1b5ed[Unlocked]. Lock Name = CLOUD_PROVIDER_LOCK. Threads that may be waiting to acquire this lock = []
05-14 07:21:42.664  8325 12870 D PickerNotificationSender: Sending a notification for media update
05-14 07:21:42.664  3032  5690 D SyncManager: userId - 0 auto - true
05-14 07:21:42.664  8325 12870 D PickerNotificationSender: Sending a notification for merged album media update Favorites
05-14 07:21:42.664  8325 12870 D PickerNotificationSender: Sending a notification for album media update Favorites
05-14 07:21:42.664  3032  5690 D SyncManager: userId - 0 auto - true
05-14 07:21:42.664  8325 12870 D PickerNotificationSender: Sending a notification for merged album media update Videos
05-14 07:21:42.665  8325 12870 D PickerNotificationSender: Sending a notification for album media update Videos
05-14 07:21:42.665  3032  5690 D SyncManager: userId - 0 auto - true
05-14 07:21:42.665  8325 12870 I PickerSyncController: Paged sync successful. QueryArgs: Bundle[{android.provider.extra.PAGE_TOKEN=1778757700000|1000020939, android.provider.extra.SYNC_GENERATION=166900, android.provider.extra.PAGE_SIZE=1000}] Total Rows: 0
05-14 07:21:42.665  8325 12870 I PickerSyncTracker: Marked sync future complete for work id: 529f2028-53e2-456a-bf3a-822bff6810a8. Future map: {}
05-14 07:21:42.665  8325 12870 I PSyncWorker: Completed picker proactive sync complete from local provider.
05-14 07:21:42.666  8325  8709 I WM-WorkerWrapper: Worker result SUCCESS for Work [ id=529f2028-53e2-456a-bf3a-822bff6810a8, tags={ com.android.providers.media.photopicker.sync.ProactiveSyncWorker } ]
05-14 07:21:42.668  8325  8325 D WM-Processor: Processor 529f2028-53e2-456a-bf3a-822bff6810a8 executed; reschedule = false
05-14 07:21:42.668  8325  8325 D WM-GreedyScheduler: Stopping tracking for WorkGenerationalId(workSpecId=529f2028-53e2-456a-bf3a-822bff6810a8, generation=0)
05-14 07:21:42.670  8325  8709 D WM-GreedyScheduler: Cancelling work ID 529f2028-53e2-456a-bf3a-822bff6810a8
05-14 07:21:42.671  8325  8709 D WM-GreedyScheduler: Ignoring {WorkSpec: 8b0e26a1-da17-4a7d-8943-fa37401907bb}. Requires device idle.
05-14 07:21:42.671  8325  8709 D WM-GreedyScheduler: Ignoring {WorkSpec: 851dc692-8528-4451-a03e-188ed97a5b4d}. Requires device idle.
05-14 07:21:42.671  8325  8709 D WM-GreedyScheduler: Ignoring {WorkSpec: 00b34183-214c-4ec2-a349-e19f9227b254}. Requires device idle.
05-14 07:21:42.671  8325  8709 D WM-BrdcstRcvrCnstrntTrc: BatteryNotLowTracker: unregistering receiver
05-14 07:21:42.859  2203  2211 E HeatmapThread: ECT Thread time in milliseconds: 1778757702
05-14 07:21:42.862  2203  2211 D HeatmapThread: !@ batteryplugType : 2
05-14 07:21:42.862  2203  2211 D HeatmapThread: !@ batteryLevel : 49  batteryTemperature : 309 
05-14 07:21:42.862  2203  2211 D HeatmapThread: !@ Heatmap currtime: 29645961
05-14 07:21:42.862  2203  2211 D HeatmapThread: !@ Heatmap prevtime: 29645953
05-14 07:21:42.862  2203  2211 D HeatmapThread: !@ Heatmap plugstarttime: 29645897
05-14 07:21:42.862  2203  2211 D HeatmapThread: !@ Heatmap prevv_dsoh_update_time: 29645957
05-14 07:21:42.862  2203  2211 E HeatmapThread: !@ CAM New BSOH: 100
05-14 07:21:42.863  2203  2211 E HeatmapThread: !@ CAM is Working
05-14 07:21:42.991  3032  5690 I ActivityManager: Broadcasting: Intent { act=android.intent.action.MEDIA_SCANNER_SCAN_FILE dat=file:///... flg=0x400000 }
05-14 07:21:42.993  3032  5690 I ActivityManager: Enqueued broadcast Intent { act=android.intent.action.MEDIA_SCANNER_SCAN_FILE dat=file:///... flg=0x400000 }: 0
05-14 07:21:42.994  8325  8325 I MediaServiceV2: Creating work for intent Intent { act=android.intent.action.MEDIA_SCANNER_SCAN_FILE dat=file:///... flg=0x1400010 cmp=com.google.android.providers.media.module/com.android.providers.media.MediaServiceV2 }
05-14 07:21:42.995  8325  8325 I MediaServiceV2: Work enqueued for intent: Intent { act=android.intent.action.MEDIA_SCANNER_SCAN_FILE dat=file:///... flg=0x1400010 cmp=com.google.android.providers.media.module/com.android.providers.media.MediaServiceV2 }
05-14 07:21:42.996  3032  3229 I ActivityManager: Broadcast completed: result=0
05-14 07:21:43.005  8325  8624 W JobInfo : Requested important-while-foreground flag for job7033 is ignored and takes no effect
05-14 07:21:43.005  8325  8624 D WM-SystemJobScheduler: Scheduling work ID 0a98018f-b2a6-4251-8173-1d877ffe30f8Job ID 7033
05-14 07:21:43.008  8325  8624 D WM-GreedyScheduler: Ignoring {WorkSpec: 8b0e26a1-da17-4a7d-8943-fa37401907bb}. Requires device idle.
05-14 07:21:43.008  8325  8624 D WM-GreedyScheduler: Ignoring {WorkSpec: 851dc692-8528-4451-a03e-188ed97a5b4d}. Requires device idle.
05-14 07:21:43.008  8325  8624 D WM-GreedyScheduler: Ignoring {WorkSpec: 00b34183-214c-4ec2-a349-e19f9227b254}. Requires device idle.
05-14 07:21:43.008  8325  8624 D WM-GreedyScheduler: Starting work for 0a98018f-b2a6-4251-8173-1d877ffe30f8
05-14 07:21:43.009  8325  8624 D WM-Processor: Processor: processing WorkGenerationalId(workSpecId=0a98018f-b2a6-4251-8173-1d877ffe30f8, generation=0)
05-14 07:21:43.012  8325  8325 D WM-SystemJobService: onStartJob for WorkGenerationalId(workSpecId=0a98018f-b2a6-4251-8173-1d877ffe30f8, generation=0)
05-14 07:21:43.012  8325  8325 D WM-WorkerWrapper: Starting work for com.android.providers.media.MediaServiceV2
05-14 07:21:43.013  8325 12875 I MediaServiceV2: Work initiated for action [ android.intent.action.MEDIA_SCANNER_SCAN_FILE ]
05-14 07:21:43.013  8325  8624 D WM-Processor: Work WorkGenerationalId(workSpecId=0a98018f-b2a6-4251-8173-1d877ffe30f8, generation=0) is already enqueued for processing
05-14 07:21:43.020  8325 12875 I Kumiho-Kumiho: getPackageName: com.google.android.providers.media.module
05-14 07:21:43.021  8325 12875 I Kumiho-Kumiho: getPackageName: com.google.android.providers.media.module
05-14 07:21:43.031  8325 12875 I MediaServiceV2: Work ended for action [ android.intent.action.MEDIA_SCANNER_SCAN_FILE ]
05-14 07:21:43.032  3032  5690 D SyncManager: userId - 0 auto - true
05-14 07:21:43.032  8325  8711 I WM-WorkerWrapper: Worker result SUCCESS for Work [ id=0a98018f-b2a6-4251-8173-1d877ffe30f8, tags={ com.android.providers.media.MediaServiceV2 } ]
05-14 07:21:43.032  4191  4252 I MediaSyncer: generation: Generation(added=166908, modified=166913)
05-14 07:21:43.033  8325  8325 D WM-Processor: Processor 0a98018f-b2a6-4251-8173-1d877ffe30f8 executed; reschedule = false
05-14 07:21:43.034  8325  8325 D WM-SystemJobService: 0a98018f-b2a6-4251-8173-1d877ffe30f8 executed on JobScheduler
05-14 07:21:43.043  8325  8711 D WM-SystemJobScheduler: Scheduling work ID a8fbd6e9-fddd-4446-9761-02c79d2444c5Job ID 7034
05-14 07:21:43.043  8325  8711 D WM-GreedyScheduler: Ignoring {WorkSpec: 8b0e26a1-da17-4a7d-8943-fa37401907bb}. Requires device idle.
05-14 07:21:43.043  8325  8711 D WM-GreedyScheduler: Ignoring {WorkSpec: 851dc692-8528-4451-a03e-188ed97a5b4d}. Requires device idle.
05-14 07:21:43.043  8325  8711 D WM-GreedyScheduler: Ignoring {WorkSpec: 00b34183-214c-4ec2-a349-e19f9227b254}. Requires device idle.
05-14 07:21:43.044  8325  8711 D WM-GreedyScheduler: Cancelling work ID 0a98018f-b2a6-4251-8173-1d877ffe30f8
05-14 07:21:43.044  8325  8711 D WM-GreedyScheduler: Ignoring {WorkSpec: 8b0e26a1-da17-4a7d-8943-fa37401907bb}. Requires device idle.
05-14 07:21:43.044  8325  8711 D WM-GreedyScheduler: Ignoring {WorkSpec: 851dc692-8528-4451-a03e-188ed97a5b4d}. Requires device idle.
05-14 07:21:43.044  8325  8711 D WM-GreedyScheduler: Ignoring {WorkSpec: 00b34183-214c-4ec2-a349-e19f9227b254}. Requires device idle.
05-14 07:21:43.051 12625 12673 I BaseThreadPoolExecutor: [#CMH#] Task com.samsung.cmh.core.task.MediaContentSyncTask@279282f is submitted
05-14 07:21:43.052  4191  4252 I MediaSyncer: loaded: 20ms, Success(maxMediaId=1000020940, maxGenAdded=166913, maxGenModified=166919, count=1)
05-14 07:21:43.062  4191  4244 W SefInterface$Companion: This file doesn't have SEF
05-14 07:21:43.068 12625 12747 I MediaContentSyncTask: [#CMH#] No of Row (SEC MP :  1936, Max Id : 2147488717) (CMH : 1935, Max Id : 2147488716) - Time :5
05-14 07:21:43.077 12625 12747 I MediaContentSyncTask: [#CMH#] Rebuilding contents count 1
05-14 07:21:43.077 12625 12747 I ImageFeatures: [#CMH#] Not support file type 
05-14 07:21:43.080 12625 12747 I MediaContentSyncTask: [#CMH#] Insert ITEM :  1
05-14 07:21:43.080 12625 12747 I BaseThreadPoolExecutor: [#CMH#] afterExecute FutureTask
05-14 07:21:43.080 12625 12747 I ControllerEventHandler: [#CMH#] New Task for wait content sync job 
05-14 07:21:43.080 12625 12747 I BaseThreadPoolExecutor: [#CMH#] Task com.samsung.cmh.core.task.MediaContentSyncTask@279282f is submitted
05-14 07:21:43.099 12625 12747 I MediaContentSyncTask: [#CMH#] No of Row (SEC MP :  1936, Max Id : 2147488717) (CMH : 1936, Max Id : 2147488717) - Time :5
05-14 07:21:43.127  2087 12453 I sensors-hal: handle_sns_client_event:375, [0][20768] accel_sample [ 0.134,  0.081,  9.873] 486539526311838
05-14 07:21:43.136 12625 12747 I MediaContentSyncTask: [#CMH#] MP time stamp :  1778757703062, CMH time stamp : 1778757701131
05-14 07:21:43.142 12625 12747 I MediaContentSyncTask: [#CMH#] Update ITEM  :  1
05-14 07:21:43.143 12625 12747 I MediaContentSyncTask: [#CMH#] Update Cursor Count (1=>1), Time: 1 
05-14 07:21:43.145 12625 12747 I MediaContentSyncTask: [#CMH#] Update ITEM :  1
05-14 07:21:43.149 12625 12747 I BaseThreadPoolExecutor: [#CMH#] afterExecute FutureTask
05-14 07:21:43.149 12625 12747 I ControllerEventHandler: [#CMH#] Alive Privacy Ignored Policy Called:  false
05-14 07:21:43.172  3032  3057 I system_server: Background young concurrent mark compact GC freed 42MB AllocSpace bytes, 127(3032KB) LOS objects, 22% free, 157MB/204MB, paused 1.337ms,6.674ms total 117.416ms
05-14 07:21:43.186 12406 12438 I Unity   : SetGameState: isLoading: true, mode: UNKNOWN, label: -4, quality: 2
05-14 07:21:43.199 12406 12438 I Unity   : [AndroidWhiteoutDiagnostics] level=L09 platform=Android quality=2/Medium colorSpace=Gamma graphicsApi=Vulkan graphicsDevice='Adreno (TM) 750' screen=1080x2256 orientation=Portrait cameras=[GameStateViewRoot/BoardStageRoot/BoardContentRoot/Content_05_01_Target_0/Visual/Camera{enabled=False, clear=Skybox, bg=(0.192,0.302,0.475,0), cull=-1, depth=0, near=0.1, far=100, pos=(8.934,9.927,-10.192), rot=(36.09,306.265,346.523)}; Main Camera{enabled=True, clear=Skybox, bg=(0.039,0.043,0.059,0), cull=-1, depth=-1, near=0.3, far=1000, pos=(0,20,-14), rot=(60,0,0)}; GameStateViewRoot/BoardStageRoot/BoardContentRoot/Content_01_05_Target_1/Visual/Camera{enabled=False, clear=Skybox, bg=(0.192,0.302,0.475,0), cull=-1, depth=0, near=0.1, far=100, pos=(12.637,8.968,-6.615), rot=(36.09,306.265,346.523)}] canvases=[SettingsMenu/SettingsMenuCanvas{enabled=True, renderMode=ScreenSpaceOverlay, sortingLayer=Default, order=1000}] suspiciousRenderers=[GameStateViewRoot/DockRoot/SharedDockVisualInstance/Visual{enabled=True, type=MeshR
05-14 07:21:43.202 12406 12438 I Unity   : SetGameState: isLoading: false, mode: UNKNOWN, label: 0, quality: 2
05-14 07:21:43.213 12406 12438 I Unity   : [AndroidWhiteoutCommand] level=L09 diagnosticMove=1 coord=(0,2) groupSize=2 applied=True
05-14 07:21:43.213 12406 12438 I Unity   : UnityEngine.DebugLogHandler:Internal_Log(LogType, LogOption, String, Object)
05-14 07:21:43.213 12406 12438 I Unity   : UnityEngine.DebugLogHandler:LogFormat(LogType, Object, String, Object[])
05-14 07:21:43.213 12406 12438 I Unity   : UnityEngine.Logger:Log(LogType, Object)
05-14 07:21:43.213 12406 12438 I Unity   : UnityEngine.Debug:Log(Object)
05-14 07:21:43.213 12406 12438 I Unity   : Rescue.Unity.Diagnostics.<RunCommand>d__8:MoveNext() (at C:\Users\jwmcg\OneDrive\Documents\AI Projects\Live Envirnments\rescue-grid\Assets\Rescue.Unity\Diagnostics\AndroidWhiteoutCommandBridge.cs:103)
05-14 07:21:43.213 12406 12438 I Unity   : UnityEngine.SetupCoroutine:InvokeMoveNext(IEnumerator, IntPtr) (at \home\bokken\build\output\unity\unity\Runtime\Export\Scripting\Coroutines.cs:17)
05-14 07:21:43.213 12406 12438 I Unity   : 
05-14 07:21:43.236 12406 12438 I Unity   : [AndroidWhiteoutDiagnostics] level=L09 platform=Android quality=2/Medium colorSpace=Gamma graphicsApi=Vulkan graphicsDevice='Adreno (TM) 750' screen=1080x2256 orientation=Portrait cameras=[GameStateViewRoot/BoardStageRoot/BoardContentRoot/Content_05_01_Target_0/Visual/Camera{enabled=False, clear=Skybox, bg=(0.192,0.302,0.475,0), cull=-1, depth=0, near=0.1, far=100, pos=(8.934,9.927,-10.192), rot=(36.09,306.265,346.523)}; Main Camera{enabled=True, clear=Skybox, bg=(0.039,0.043,0.059,0), cull=-1, depth=-1, near=0.3, far=1000, pos=(0,20,-14), rot=(60,0,0)}; GameStateViewRoot/BoardStageRoot/BoardContentRoot/Content_01_05_Target_1/Visual/Camera{enabled=False, clear=Skybox, bg=(0.192,0.302,0.475,0), cull=-1, depth=0, near=0.1, far=100, pos=(12.637,8.968,-6.615), rot=(36.09,306.265,346.523)}] canvases=[SettingsMenu/SettingsMenuCanvas{enabled=True, renderMode=ScreenSpaceOverlay, sortingLayer=Default, order=1000}] suspiciousRenderers=[GameStateViewRoot/DockRoot/SharedDockVisualInstance/Visual{enabled=True, type=MeshR
05-14 07:21:43.236 12406 12438 I Unity   : [AndroidWhiteoutCommand] ready level=L09 requestedMoves=1 appliedMoves=1 actionCount=1
05-14 07:21:43.236 12406 12438 I Unity   : UnityEngine.DebugLogHandler:Internal_Log(LogType, LogOption, String, Object)
05-14 07:21:43.236 12406 12438 I Unity   : UnityEngine.DebugLogHandler:LogFormat(LogType, Object, String, Object[])
05-14 07:21:43.236 12406 12438 I Unity   : UnityEngine.Logger:Log(LogType, Object)
05-14 07:21:43.236 12406 12438 I Unity   : UnityEngine.Debug:Log(Object)
05-14 07:21:43.236 12406 12438 I Unity   : Rescue.Unity.Diagnostics.<RunCommand>d__8:MoveNext() (at C:\Users\jwmcg\OneDrive\Documents\AI Projects\Live Envirnments\rescue-grid\Assets\Rescue.Unity\Diagnostics\AndroidWhiteoutCommandBridge.cs:117)
05-14 07:21:43.236 12406 12438 I Unity   : UnityEngine.SetupCoroutine:InvokeMoveNext(IEnumerator, IntPtr) (at \home\bokken\build\output\unity\unity\Runtime\Export\Scripting\Coroutines.cs:17)
05-14 07:21:43.236 12406 12438 I Unity   : 
05-14 07:21:43.546 20969 20969 I SCS@AiSearch user 0: (ObserverWorker::AOSP_MP) [main] entering in startWork triggered by [content://media/external/file/1000020940]():  
05-14 07:21:43.547 20969 20969 I SCS@AiSearch user 0: (BaseCollector::AOSP_MP) [main] entering in onChange():  
05-14 07:21:43.548 20969 21908 I SCS@AiSearch user 0: (BaseCollector::AOSP_MP) [AOSP_MP-0] entering in collectChanges():  
05-14 07:21:43.550  3032  7534 D PackageManager: setEnabledSetting : userId = 0 packageName = com.samsung.android.scs cmp = androidx.work.impl.background.systemalarm.RescheduleReceiver newState = 1 callingPackage = com.samsung.android.scs
05-14 07:21:43.551  3032  7534 D ApplicationPolicy: getApplicationStateEnabled : pkg = com.samsung.android.scs userId : 0
05-14 07:21:43.552  3032  7534 D ApplicationPolicy: getApplicationComponentState : pkg = com.samsung.android.scs userId : 0
05-14 07:21:43.616 12625 12673 I BaseThreadPoolExecutor: [#CMH#] Task com.samsung.cmh.core.task.MediaContentSyncTask@279282f is submitted
05-14 07:21:43.624 20969 21908 I SCS@AiSearch user 0: (BaseCollector::AOSP_MP) fetchInternal values : maxSyncId: 1000020907 indexCount: 12725 sourceCount: 12725
05-14 07:21:43.631 12625 12747 I MediaContentSyncTask: [#CMH#] No of Row (SEC MP :  1936, Max Id : 2147488717) (CMH : 1936, Max Id : 2147488717) - Time :5
05-14 07:21:43.641 20969 21908 I SCS@AiSearch user 0: (IndexManager) [AOSP_MP-0] entering in addIndex():  
05-14 07:21:43.643 20969 21908 I SCS@AiSearch user 0: (BaseCollector::AOSP_MP) fetch: fetching took  52 ms
05-14 07:21:43.643 20969 21908 I SCS@AiSearch user 0: (BaseCollector::AOSP_MP) fetchChanges: applied 0 items
05-14 07:21:43.643 20969 21908 I SCS@AiSearch user 0: (BaseCollector::AOSP_MP) Collect finished. Result: true
05-14 07:21:43.644 20969 21908 I SCS@AiSearch user 0: (BaseCollector::AOSP_MP) enqueue ObserverWorker name: com.sec.android.app.myfiles, policy: APPEND_OR_REPLACE
05-14 07:21:43.644 20969 21072 I WM-WorkerWrapper: Worker result SUCCESS for Work [ id=67e06caf-ed7c-42fe-b6bf-4f5fc8557897, tags={ com.sec.android.app.myfiles, com.samsung.android.scs.ai.search.data.collector.base.ObserverWorker } ]
05-14 07:21:43.653 12625 12747 I MediaContentSyncTask: [#CMH#] MP time stamp :  1778757703062, CMH time stamp : 1778757703062
05-14 07:21:43.653 12625 12747 I MediaContentSyncTask: [#CMH#] Update ITEM :  0
05-14 07:21:43.658 12625 12747 I BaseThreadPoolExecutor: [#CMH#] afterExecute FutureTask
05-14 07:21:43.658 12625 12747 I ControllerEventHandler: [#CMH#] Alive Privacy Ignored Policy Called:  false
05-14 07:21:43.663  3032  5690 D PackageManager: setEnabledSetting : userId = 0 packageName = com.samsung.android.scs cmp = androidx.work.impl.background.systemalarm.RescheduleReceiver newState = 1 callingPackage = com.samsung.android.scs
05-14 07:21:43.664  3032  5690 D ApplicationPolicy: getApplicationStateEnabled : pkg = com.samsung.android.scs userId : 0
05-14 07:21:43.664  3032  5690 D ApplicationPolicy: getApplicationComponentState : pkg = com.samsung.android.scs userId : 0
05-14 07:21:43.667 20969 21072 W JobInfo : Requested important-while-foreground flag for job186526 is ignored and takes no effect
05-14 07:21:43.746 12881 12881 W screencap: Thread Pool max thread count is 0. Cannot cache binder as linkToDeath cannot be implemented. serviceName: SurfaceFlingerAIDL
05-14 07:21:43.746 12881 12881 W BpBinder: Linking to death on android.gui.ISurfaceComposer but there are no threads (yet?) listening to incoming transactions. See ProcessState::startThreadPool and ProcessState::setThreadPoolMaxThreadCount. Generally you should setup the binder threadpool before other initialization steps.
05-14 07:21:43.747 12881 12881 W screencap: Thread Pool max thread count is 0. Cannot cache binder as linkToDeath cannot be implemented. serviceName: edmnativehelper
05-14 07:21:43.747  3032  5690 I EDMNativeHelperService: isScreenCaptureEnabled
05-14 07:21:43.747  3032  5690 D RestrictionPolicy: isScreenCaptureEnabled : ret=true userId=0
05-14 07:21:43.747 12881 12881 W ProcessState: Extra binder thread started, but 0 threads requested. Do not use *startThreadPool when zero threads are requested.
05-14 07:21:43.747 12881 12881 I SurfaceComposerClient: captureDisplay:Display-4630946315032985731
05-14 07:21:43.750  2210  2960 I SurfaceFlinger: Capture layer list: 	 Background for b11d722 SurfaceView[com.defaultcompany.rescuegrid.dev/com.unity3d.player.UnityPlayerGameActivity]@0#25997(seamlessTransition:0)
05-14 07:21:43.750  2210  2960 I SurfaceFlinger: Capture layer list: 	 b11d722 SurfaceView[com.defaultcompany.rescuegrid.dev/com.unity3d.player.UnityPlayerGameActivity]@0(BLAST)#25996(seamlessTransition:0)
05-14 07:21:43.750  2210  2960 I SurfaceFlinger: Capture layer list: 	 com.defaultcompany.rescuegrid.dev/com.unity3d.player.UnityPlayerGameActivity$_12406#25991(seamlessTransition:0)
05-14 07:21:43.750  2210  2960 I SurfaceFlinger: Capture layer list: 	 StatusBar$_4556#113(seamlessTransition:0)
05-14 07:21:43.751  2210  2960 I CompositionEngine: [setDisplaySize] size=(1080, 2340)
05-14 07:21:43.751  2210  2960 E HwcComposer: getLuts failed Status(-129, EX_TRANSACTION_FAILED): 'UNKNOWN_TRANSACTION: '
05-14 07:21:43.751  2210  2370 D RenderEngine: [SEC_SF_EFFECTS] drawLayersInternal,1483, Rendering layer ScreenCaptureFillLayer at index 0
05-14 07:21:43.751  2210  2370 D RenderEngine: [SEC_SF_EFFECTS] drawLayersInternal,1483, Rendering layer b11d722 SurfaceView[com.defaultcompany.rescuegrid.dev/com.unity3d.player.UnityPlayerGameActivity]@0(BLAST)#25996 at index 1
05-14 07:21:43.751  2210  2370 D RenderEngine: [SEC_SF_EFFECTS] drawLayersInternal,1483, Rendering layer com.defaultcompany.rescuegrid.dev/com.unity3d.player.UnityPlayerGameActivity$_12406#25991 at index 2
05-14 07:21:43.751  2210  2370 D RenderEngine: [SEC_SF_EFFECTS] drawLayersInternal,1483, Rendering layer StatusBar$_4556#113 at index 3
05-14 07:21:43.794 12881 12883 I AdrenoUtils: <ReadGpuID:357>: Reading chip ID through GSL
05-14 07:21:43.795 12881 12881 W qdgralloc: Failed to load libubwcp.so
05-14 07:21:43.798  8325 28274 W MediaProvider: isAppCloneUserPair for user 0: false
05-14 07:21:43.802  3032  5690 D SyncManager: userId - 0 auto - true
05-14 07:21:43.806  4191  4252 I MediaSyncer: generation: Generation(added=166913, modified=166919)
05-14 07:21:43.814  1321  1321 D io_stats: !@   8,0 r 21733296 473066936 w 8261440 186373196 d 1158370 276891348 f 268058 901057 iot 4988688 0 th 0 0 0 pt 0 inp 0 14 176192.501
05-14 07:21:43.814  1321  1321 D io_stats: !@ Read_top(KB): providers.media(4191) 256 rs.media.module(8325) 192 com.samsung.cmh(12625) 44
05-14 07:21:43.815  1321  1321 D io_stats: !@ Write_top(KB): kworker/u16:3(11756) 9904 ung.android.scs(20969) 1176 rs.media.module(8325) 596
05-14 07:21:43.816  4191  4252 I MediaSyncer: loaded: 10ms, Success(maxMediaId=0, maxGenAdded=-9223372036854775808, maxGenModified=166922, count=0)
05-14 07:21:43.859  2203  2211 E HeatmapThread: ECT Thread time in milliseconds: 1778757703
05-14 07:21:43.861  2203  2211 D HeatmapThread: !@ batteryplugType : 2
05-14 07:21:43.861  2203  2211 D HeatmapThread: !@ batteryLevel : 49  batteryTemperature : 309 
05-14 07:21:43.861  2203  2211 D HeatmapThread: !@ Heatmap currtime: 29645961
05-14 07:21:43.861  2203  2211 D HeatmapThread: !@ Heatmap prevtime: 29645953
05-14 07:21:43.862  2203  2211 D HeatmapThread: !@ Heatmap plugstarttime: 29645897
05-14 07:21:43.862  2203  2211 D HeatmapThread: !@ Heatmap prevv_dsoh_update_time: 29645957
05-14 07:21:43.862  2203  2211 E HeatmapThread: !@ CAM New BSOH: 100
05-14 07:21:43.862  2203  2211 E HeatmapThread: !@ CAM is Working
05-14 07:21:43.901  2210  2210 I SurfaceFlinger: SFWD update time=176192588424401
05-14 07:21:44.099  3032  3406 D BatteryExternalStatsWorker: update stats : procstate-change (10)
05-14 07:21:44.100  3032  3406 D BatteryExternalStatsWorker: Fetch WiFi data
05-14 07:21:44.100  3032  3406 D BatteryExternalStatsWorker: Update Rail Energy data
05-14 07:21:44.114  2476  2476 I CNSS    : /sys/wifi/max_chipset_log_size doesn't exist
05-14 07:21:44.116  3032  3406 D BatteryExternalStatsWorker: mStats lock released
05-14 07:21:44.127  3032  3406 D BatteryExternalStatsWorker: Update wifi state
05-14 07:21:44.127  3032  3406 D BatteryExternalStatsWorker: done updateExternalStatsLocked
05-14 07:21:44.237  3032  4437 V SemStrongRssiRoaming: POLL (Rssi:-58 MinRssi:-49 Guard:0)
05-14 07:21:44.328 20969 20969 I SCS@AiSearch user 0: (ObserverWorker::AOSP_MP) [main] entering in startWork triggered by [content://media/external/file/1000020941]():  
05-14 07:21:44.328 20969 20969 I SCS@AiSearch user 0: (BaseCollector::AOSP_MP) [main] entering in onChange():  
05-14 07:21:44.329 20969 21908 I SCS@AiSearch user 0: (BaseCollector::AOSP_MP) [AOSP_MP-0] entering in collectChanges():  
05-14 07:21:44.331  3032  5690 D PackageManager: setEnabledSetting : userId = 0 packageName = com.samsung.android.scs cmp = androidx.work.impl.background.systemalarm.RescheduleReceiver newState = 1 callingPackage = com.samsung.android.scs
05-14 07:21:44.331  3032  5690 D ApplicationPolicy: getApplicationStateEnabled : pkg = com.samsung.android.scs userId : 0
05-14 07:21:44.331  3032  5690 D ApplicationPolicy: getApplicationComponentState : pkg = com.samsung.android.scs userId : 0
05-14 07:21:44.337  2077  6139 I vendor.qti.bluetooth@1.1-ibs_handler: ProcessIbsCmd: Received IBS_WAKE_IND: 0xFD
05-14 07:21:44.337  2077  6139 D vendor.qti.bluetooth@1.1-ibs_handler: SerialClockVote: vote for UART CLK ON
05-14 07:21:44.337  2077  6139 D vendor.qti.bluetooth@1.1-wake_lock: Acquire wakelock is acquired 
05-14 07:21:44.337  2077  6139 I vendor.qti.bluetooth@1.1-ibs_handler: ProcessIbsCmd: Writing IBS_WAKE_ACK
05-14 07:21:44.345  4784  6167 I ScanController: onScanResult to scannerId: 6- eventType=0x10, addressType=0, address=XX:XX:XX:XX:97:3F, primaryPhy=1, secondaryPhy=0, advertisingSid=0xff, txPower=127, rssi=-88, periodicAdvInt=0x0
05-14 07:21:44.347 16128 16448 I [-0400]oneconnect[1.8.45.24_01][CORE]: DataConvert.parseBleVd - deviceBle : |name:|deviceType:TV|discoverType:_BLE|services:None|connected:false[TvStatusString]POWER_OFF[TvStatus]-128[TvService]102[TvMirrorChannel]1[TvRegisteredDB][-8, 104, -49, -60, -127, 65][TvYear]2016[TvOcfInfo]0[TvAcmStatus]0[ExTvStatus]0[ExtendedStatus]-1[ModuloSn]-1
05-14 07:21:44.396  2077  6139 I vendor.qti.bluetooth@1.1-ibs_handler: ProcessIbsCmd: Received IBS_SLEEP_IND: 0xFE
05-14 07:21:44.396  2077  6139 D vendor.qti.bluetooth@1.1-ibs_handler: SerialClockVote: vote for UART CLK OFF
05-14 07:21:44.398  3032  4415 I SemWifiServiceDetector: Service det. resumed: T / T / 10935
05-14 07:21:44.420 20969 21908 I SCS@AiSearch user 0: (BaseCollector::AOSP_MP) fetchInternal values : maxSyncId: 1000020907 indexCount: 12725 sourceCount: 12725
05-14 07:21:44.426 20969 21908 I SCS@AiSearch user 0: (IndexManager) [AOSP_MP-0] entering in addIndex():  
05-14 07:21:44.427 20969 21908 I SCS@AiSearch user 0: (BaseCollector::AOSP_MP) fetch: fetching took  63 ms
05-14 07:21:44.427 20969 21908 I SCS@AiSearch user 0: (BaseCollector::AOSP_MP) fetchChanges: applied 0 items
05-14 07:21:44.427 20969 21908 I SCS@AiSearch user 0: (BaseCollector::AOSP_MP) Collect finished. Result: true
05-14 07:21:44.427 20969 21908 I SCS@AiSearch user 0: (BaseCollector::AOSP_MP) enqueue ObserverWorker name: com.sec.android.app.myfiles, policy: APPEND_OR_REPLACE
05-14 07:21:44.428 20969 21070 I WM-WorkerWrapper: Worker result SUCCESS for Work [ id=7e653cf7-0ad2-4f10-b353-48d34cc69e9a, tags={ com.sec.android.app.myfiles, com.samsung.android.scs.ai.search.data.collector.base.ObserverWorker } ]
05-14 07:21:44.431  3032  7534 D PackageManager: setEnabledSetting : userId = 0 packageName = com.samsung.android.scs cmp = androidx.work.impl.background.systemalarm.RescheduleReceiver newState = 1 callingPackage = com.samsung.android.scs
05-14 07:21:44.431  3032  7534 D ApplicationPolicy: getApplicationStateEnabled : pkg = com.samsung.android.scs userId : 0
05-14 07:21:44.431  3032  7534 D ApplicationPolicy: getApplicationComponentState : pkg = com.samsung.android.scs userId : 0
05-14 07:21:44.432 20969 21070 W JobInfo : Requested important-while-foreground flag for job186528 is ignored and takes no effect
05-14 07:21:44.432  3032 13021 I AppSearchIcing: icing-search-engine.cc:2486: Persisting data to disk with mode 3
05-14 07:21:44.438  3032  3844 I JobScheduler.HeavyJobController: com.samsung.android.smartsuggestions/androidx.work.impl.background.systemjob.SystemJobService has heavy job's constraints.
05-14 07:21:44.438  3032  3844 I JobScheduler: HeavyJobController::heavy job upper limit: 600000(1800000|1199779)
05-14 07:21:44.442  3032 13021 I AppSearchIcing: icing-search-engine.cc:2501: PersistToDisk completed.
05-14 07:21:44.451 28679 30053 I Moneta::RemoteWorker: WorkerStart DATA_OBSERVER [attempt=0, stop reason=NOT_STOPPED], workLog = WorkLog(id=32e560da-5347-47ba-9026-fa7fa9d99e06-0, workTag=DATA_OBSERVER, startTime=0, endTime=null, stopTime=null, state=START, retryCount=0, errorCode=-256, tags=[gallery], executorThreadId=null)
05-14 07:21:44.451 28679 30053 I Moneta::BuiltInDataObserver: doWork - tag: gallery
05-14 07:21:44.451 28679 30053 I Moneta::BatchDataCollectingWorkerController: execute
05-14 07:21:44.451 28679 30053 I Moneta::BatchDataCollectingWorkerController: enqueueBatchDataCollectingWorker delay:59895548
05-14 07:21:44.452 28679 30053 I Moneta::RealTimeDataCollectingWorkerController: execute. tag(gallery)
05-14 07:21:44.452 28679 30053 I Moneta::RealTimeDataCollectingWorkerController: enqueueRealTimeDataCollectingWorker delay:10000
05-14 07:21:44.454 28679 30053 I Moneta::CoordinatorImpl: enqueueDataObserverWorker tag(gallery)
05-14 07:21:44.455 28679 30053 I Moneta::RemoteWorker: WorkerEnd DATA_OBSERVER (00:00:00.004), workLog = WorkLog(id=32e560da-5347-47ba-9026-fa7fa9d99e06-0, workTag=DATA_OBSERVER, startTime=1778757704451, endTime=1778757704455, stopTime=null, state=END, retryCount=0, errorCode=-256, tags=[gallery], executorThreadId=30053)
05-14 07:21:44.466  8322  9877 I WM-WorkerWrapper: Worker result SUCCESS for Work [ id=32e560da-5347-47ba-9026-fa7fa9d99e06, tags={ DATA_OBSERVER, MONETA_DATA_PLATFORM_COMMON_TAG, com.samsung.android.moneta.datacollector.builtin.dataobserver.BuiltInDataObserver, gallery } ]
05-14 07:21:44.536  8325  8325 D WM-DelayedWorkTracker: Scheduling work a8fbd6e9-fddd-4446-9761-02c79d2444c5
05-14 07:21:44.536  8325  8325 D WM-GreedyScheduler: Starting tracking for a8fbd6e9-fddd-4446-9761-02c79d2444c5
05-14 07:21:44.537  8325  8711 D WM-ConstraintTracker: BatteryNotLowTracker: initial state = true
05-14 07:21:44.537  8325  8711 D WM-BrdcstRcvrCnstrntTrc: BatteryNotLowTracker: registering receiver
05-14 07:21:44.537  8325  8711 D WM-GreedyScheduler: Constraints met: Scheduling work ID WorkGenerationalId(workSpecId=a8fbd6e9-fddd-4446-9761-02c79d2444c5, generation=0)
05-14 07:21:44.538  8325  8711 D WM-Processor: Processor: processing WorkGenerationalId(workSpecId=a8fbd6e9-fddd-4446-9761-02c79d2444c5, generation=0)
05-14 07:21:44.540  8325  8325 D WM-WorkerWrapper: Starting work for com.android.providers.media.photopicker.sync.ProactiveSyncWorker
05-14 07:21:44.540  8325 12889 I PSyncWorker: Starting proactive picker sync from sync source: 1
05-14 07:21:44.540  8325 12889 I PickerSyncTracker: Created new sync future java.util.concurrent.CompletableFuture@b0bc46[Not completed, 1 dependents]. Future map: {a8fbd6e9-fddd-4446-9761-02c79d2444c5=java.util.concurrent.CompletableFuture@b0bc46[Not completed, 1 dependents]}
05-14 07:21:44.541  8325 12889 D PickerSyncController: syncAllMediaFromProvider() LOCAL, auth=com.android.providers.media.photopicker, retry=true
05-14 07:21:44.541  8325 12889 D PickerSyncController: getSyncRequestParams() LOCAL, auth=com.android.providers.media.photopicker
05-14 07:21:44.546  2077  5340 D vendor.qti.bluetooth@1.1-wake_lock: Release wakelock is released 
05-14 07:21:44.554  8325 12889 D PickerSyncController:    Latest ID/Gen=5d3e9361a8bc47d0:external_primary/166918
05-14 07:21:44.554  8325 12889 D PickerSyncController:    Cached ID/Gen=5d3e9361a8bc47d0:external_primary/166909
05-14 07:21:44.555  8325 12889 D PickerSyncController:    RESULT=SyncRequestParams{type=MEDIA_INCREMENTAL, gen=166909, latest=Bundle[{last_media_sync_generation=166918, media_collection_id=5d3e9361a8bc47d0:external_primary}], pageSize=1000}
05-14 07:21:44.555  8325 12889 I PickerSyncController: Executing SyncAdd. isLocal: true. authority: com.android.providers.media.photopicker
05-14 07:21:44.555  8325 12889 D PickerSyncLockManager: Trying to acquire lock com.android.providers.media.photopicker.sync.CloseableReentrantLock@eb1b5ed[Unlocked]. Lock Name = CLOUD_PROVIDER_LOCK. Threads that may be waiting to acquire this lock = [] with timeout.
05-14 07:21:44.555  8325 12889 D CloseableReentrantLock: Successfully acquired lock com.android.providers.media.photopicker.sync.CloseableReentrantLock@eb1b5ed[Locked by thread pool-5-thread-521]. Lock Name = CLOUD_PROVIDER_LOCK. Threads that may be waiting to acquire this lock = []
05-14 07:21:44.555  8325 12889 D CloseableReentrantLock: Successfully released lock com.android.providers.media.photopicker.sync.CloseableReentrantLock@eb1b5ed[Unlocked]. Lock Name = CLOUD_PROVIDER_LOCK. Threads that may be waiting to acquire this lock = []
05-14 07:21:44.555  8325 12889 D ExternalDbFacade: Token received for queryMedia = null
05-14 07:21:44.571  8325 12889 D PickerSyncLockManager: Trying to acquire lock com.android.providers.media.photopicker.sync.CloseableReentrantLock@eb1b5ed[Unlocked]. Lock Name = CLOUD_PROVIDER_LOCK. Threads that may be waiting to acquire this lock = [] with timeout.
05-14 07:21:44.571  8325 12889 D CloseableReentrantLock: Successfully acquired lock com.android.providers.media.photopicker.sync.CloseableReentrantLock@eb1b5ed[Locked by thread pool-5-thread-521]. Lock Name = CLOUD_PROVIDER_LOCK. Threads that may be waiting to acquire this lock = []
05-14 07:21:44.571  8325 12889 D PickerSyncController: Saving next page token: 1778757702000|1000020940 for key: local_provider:media_add:resume
05-14 07:21:44.571  8325 12889 D CloseableReentrantLock: Successfully released lock com.android.providers.media.photopicker.sync.CloseableReentrantLock@eb1b5ed[Unlocked]. Lock Name = CLOUD_PROVIDER_LOCK. Threads that may be waiting to acquire this lock = []
05-14 07:21:44.571  3032  7534 D SyncManager: userId - 0 auto - true
05-14 07:21:44.572  8325 12889 D PickerNotificationSender: Sending a notification for media update
05-14 07:21:44.572  3032  7534 D SyncManager: userId - 0 auto - true
05-14 07:21:44.572  8325 12889 D PickerNotificationSender: Sending a notification for merged album media update Favorites
05-14 07:21:44.572  8325 12889 D PickerNotificationSender: Sending a notification for album media update Favorites
05-14 07:21:44.572  3032  7534 D SyncManager: userId - 0 auto - true
05-14 07:21:44.573  8325 12889 D PickerNotificationSender: Sending a notification for merged album media update Videos
05-14 07:21:44.573  8325 12889 D PickerNotificationSender: Sending a notification for album media update Videos
05-14 07:21:44.573  3032  7534 D SyncManager: userId - 0 auto - true
05-14 07:21:44.573  8325 12889 D ExternalDbFacade: Token received for queryMedia = 1778757702000|1000020940
05-14 07:21:44.577  8325 12889 D PickerSyncLockManager: Trying to acquire lock com.android.providers.media.photopicker.sync.CloseableReentrantLock@eb1b5ed[Unlocked]. Lock Name = CLOUD_PROVIDER_LOCK. Threads that may be waiting to acquire this lock = [] with timeout.
05-14 07:21:44.577  8325 12889 D CloseableReentrantLock: Successfully acquired lock com.android.providers.media.photopicker.sync.CloseableReentrantLock@eb1b5ed[Locked by thread pool-5-thread-521]. Lock Name = CLOUD_PROVIDER_LOCK. Threads that may be waiting to acquire this lock = []
05-14 07:21:44.577  8325 12889 D PickerSyncController: Clearing next page token for key: local_provider:media_add:resume
05-14 07:21:44.577  8325 12889 D CloseableReentrantLock: Successfully released lock com.android.providers.media.photopicker.sync.CloseableReentrantLock@eb1b5ed[Unlocked]. Lock Name = CLOUD_PROVIDER_LOCK. Threads that may be waiting to acquire this lock = []
05-14 07:21:44.577  8325 12889 D PickerNotificationSender: Sending a notification for media update
05-14 07:21:44.578  3032  7534 D SyncManager: userId - 0 auto - true
05-14 07:21:44.579  8325 12889 D PickerNotificationSender: Sending a notification for merged album media update Favorites
05-14 07:21:44.579  8325 12889 D PickerNotificationSender: Sending a notification for album media update Favorites
05-14 07:21:44.579  3032  7534 D SyncManager: userId - 0 auto - true
05-14 07:21:44.579  8325 12889 D PickerNotificationSender: Sending a notification for merged album media update Videos
05-14 07:21:44.579  8325 12889 D PickerNotificationSender: Sending a notification for album media update Videos
05-14 07:21:44.579  3032  7534 D SyncManager: userId - 0 auto - true
05-14 07:21:44.580  8325 12889 I PickerSyncController: Paged sync successful. QueryArgs: Bundle[{android.provider.extra.PAGE_TOKEN=1778757702000|1000020940, android.provider.extra.SYNC_GENERATION=166909, android.provider.extra.PAGE_SIZE=1000}] Total Rows: 1
05-14 07:21:44.580  8325 12889 I PickerSyncController: Executing SyncRemove. isLocal: true. authority: com.android.providers.media.photopicker
05-14 07:21:44.580  8325 12889 D PickerSyncLockManager: Trying to acquire lock com.android.providers.media.photopicker.sync.CloseableReentrantLock@eb1b5ed[Unlocked]. Lock Name = CLOUD_PROVIDER_LOCK. Threads that may be waiting to acquire this lock = [] with timeout.
05-14 07:21:44.580  8325 12889 D CloseableReentrantLock: Successfully acquired lock com.android.providers.media.photopicker.sync.CloseableReentrantLock@eb1b5ed[Locked by thread pool-5-thread-521]. Lock Name = CLOUD_PROVIDER_LOCK. Threads that may be waiting to acquire this lock = []
05-14 07:21:44.580  8325 12889 D CloseableReentrantLock: Successfully released lock com.android.providers.media.photopicker.sync.CloseableReentrantLock@eb1b5ed[Unlocked]. Lock Name = CLOUD_PROVIDER_LOCK. Threads that may be waiting to acquire this lock = []
05-14 07:21:44.581  8325 12889 D PickerSyncLockManager: Trying to acquire lock com.android.providers.media.photopicker.sync.CloseableReentrantLock@eb1b5ed[Unlocked]. Lock Name = CLOUD_PROVIDER_LOCK. Threads that may be waiting to acquire this lock = [] with timeout.
05-14 07:21:44.581  8325 12889 D CloseableReentrantLock: Successfully acquired lock com.android.providers.media.photopicker.sync.CloseableReentrantLock@eb1b5ed[Locked by thread pool-5-thread-521]. Lock Name = CLOUD_PROVIDER_LOCK. Threads that may be waiting to acquire this lock = []
05-14 07:21:44.581  8325 12889 D PickerSyncController: Clearing next page token for key: local_provider:media_remove:resume
05-14 07:21:44.581  8325 12889 D CloseableReentrantLock: Successfully released lock com.android.providers.media.photopicker.sync.CloseableReentrantLock@eb1b5ed[Unlocked]. Lock Name = CLOUD_PROVIDER_LOCK. Threads that may be waiting to acquire this lock = []
05-14 07:21:44.581  8325 12889 D PickerNotificationSender: Sending a notification for media update
05-14 07:21:44.581  3032  7534 D SyncManager: userId - 0 auto - true
05-14 07:21:44.581  8325 12889 D PickerNotificationSender: Sending a notification for merged album media update Favorites
05-14 07:21:44.581  8325 12889 D PickerNotificationSender: Sending a notification for album media update Favorites
05-14 07:21:44.582  3032  7534 D SyncManager: userId - 0 auto - true
05-14 07:21:44.582  8325 12889 D PickerNotificationSender: Sending a notification for merged album media update Videos
05-14 07:21:44.582  8325 12889 D PickerNotificationSender: Sending a notification for album media update Videos
05-14 07:21:44.582  3032  7534 D SyncManager: userId - 0 auto - true
05-14 07:21:44.582  8325 12889 I PickerSyncController: Paged sync successful. QueryArgs: Bundle[{android.provider.extra.PAGE_TOKEN=1778757702000|1000020940, android.provider.extra.SYNC_GENERATION=166909, android.provider.extra.PAGE_SIZE=1000}] Total Rows: 0
05-14 07:21:44.582  8325 12889 I PickerSyncTracker: Marked sync future complete for work id: a8fbd6e9-fddd-4446-9761-02c79d2444c5. Future map: {}
05-14 07:21:44.582  8325 12889 I PSyncWorker: Completed picker proactive sync complete from local provider.
05-14 07:21:44.583  8325  8711 I WM-WorkerWrapper: Worker result SUCCESS for Work [ id=a8fbd6e9-fddd-4446-9761-02c79d2444c5, tags={ com.android.providers.media.photopicker.sync.ProactiveSyncWorker } ]
05-14 07:21:44.584  8325  8325 D WM-Processor: Processor a8fbd6e9-fddd-4446-9761-02c79d2444c5 executed; reschedule = false
05-14 07:21:44.584  8325  8325 D WM-GreedyScheduler: Stopping tracking for WorkGenerationalId(workSpecId=a8fbd6e9-fddd-4446-9761-02c79d2444c5, generation=0)
05-14 07:21:44.586  8325  8709 D WM-GreedyScheduler: Cancelling work ID a8fbd6e9-fddd-4446-9761-02c79d2444c5
05-14 07:21:44.587  8325  8709 D WM-GreedyScheduler: Ignoring {WorkSpec: 8b0e26a1-da17-4a7d-8943-fa37401907bb}. Requires device idle.
05-14 07:21:44.587  8325  8709 D WM-GreedyScheduler: Ignoring {WorkSpec: 851dc692-8528-4451-a03e-188ed97a5b4d}. Requires device idle.
05-14 07:21:44.587  8325  8709 D WM-GreedyScheduler: Ignoring {WorkSpec: 00b34183-214c-4ec2-a349-e19f9227b254}. Requires device idle.
05-14 07:21:44.587  8325  8709 D WM-BrdcstRcvrCnstrntTrc: BatteryNotLowTracker: unregistering receiver
05-14 07:21:44.610 12126 12260 I LPAPSH  : STOP SmpInitializer: com.samsung.euicc.push.SmpInitializer$1@53fa1db                                [at com.samsung.euicc.push.SmpInitializer$1.run(SmpInitializer$1.java:90)]
05-14 07:21:44.610 12126 12260 I LPAPSH  : quitSafely                                                                                          [at com.samsung.euicc.push.SmpInitializer$1.run(SmpInitializer$1.java:104)]
05-14 07:21:44.619  2087 12461 I sensors-hal: handle_sns_client_event:422, [0][2145] gyro_sample_cal(cal_available:1)(3) [-0.001, 0.000, 0.001] bias[ 0.003,-0.003, 0.001] 486541010874181
05-14 07:21:44.647  3032  6735 D SemWifiUsabilityStatsMonitor: onWifiUsabilityStats - seqNum 21913, isSameBssidAndFreq true
05-14 07:21:44.649  3032  4418 D InsDataManager: onOutageCountUpdate() - Outage Data: 0, LQ : Y. Outage Triggered: false
05-14 07:21:44.651  3032  4418 D SemInsManager: {"bssid": "683a95c52437","rssi": -56.0,"latency": 0.0,"outage_count": 0,"lq_callback_triggered": true,"outage_log": "Unreliable statistics: -56.0 / 7 / 287 / 10 / 1 || 683a95c52437: 0.000 / 0.000 / @ || N N / 0 0 / Y 2.0 / Y X 0 / 176193335 0 || Invalid""Magnetic Sensor Events size": "0""Pressure Sensor Events size": "0"}
05-14 07:21:44.654  4782  4782 I EPDG -- SIM1 [SMARTWIFI]: isProfiling, hash=6285797, started=true
05-14 07:21:44.654  4782  4782 I EPDG -- SIM1 [SMARTWIFI]: isWifiRssiLessOrEqualsHandoverThreshold: received rssi is: -56 handover threshold is: -85
05-14 07:21:44.654  4782  4782 I EPDG -- SIM1 [SMARTWIFI]: isProfiling, hash=6285797, started=true
05-14 07:21:44.655  4782  4782 I EPDG -- SIM1 [SMARTWIFI]: Rssi : -56 highrange : -71 lowrange : -80 mIsRssiInHystersis : false
05-14 07:21:44.656  4782  4782 I EPDG -- SIM1 [SMARTWIFI]: Rssi : -56 highrange : -71 lowrange : -80 mIsRssiInHystersis : false
05-14 07:21:44.656  4782  4782 I EPDG -- SIM1 [SMARTWIFI]: isL2WHandoverProfilingRunning: returning: false
05-14 07:21:44.656  4782  4782 I EPDG -- SIM1 [SMARTWIFI]: No need to send L2WHandoverProfiling runnable
05-14 07:21:44.656  4782  4782 I EPDG -- SIM1 [SMARTWIFI]: getHandoverThresholdMet: value is: false
05-14 07:21:44.741  4536  4750 D EuiccConnector: handleMessage: E msg.what=3
05-14 07:21:44.741  4536  4750 D EuiccConnector: processMsg: ConnectedState
05-14 07:21:44.742 12126 12126 I SLPASVC : From Client: DisconnectRequest (-1146534185, com.samsung.euicc)                                     [at com.samsung.euicc.lpaService.worker.RxHandler.preProcessRequest(RxHandler.java:281)]
05-14 07:21:44.742 12126 12126 E SLPASVC : disconnect key: -1146534185                                                                         [at com.samsung.euicc.lpaService.worker.RxHandler.preProcessRequest(RxHandler.java:298)]
05-14 07:21:44.742 12126 12126 I SLPASVC : 1348482573 : connected!!                                                                            [at com.samsung.euicc.lpaService.worker.RxHandler.isConnected(RxHandler.java:496)]
05-14 07:21:44.742 12126 12126 I SLPASVC : To Client: DisconnectResponse                                                                       [at com.samsung.euicc.lpaService.worker.RxHandler.sendToClient(RxHandler.java:397)]
05-14 07:21:44.744 12126 12195 I LpaConnector: LpaConnectedState::exit()                                                                           [at com.samsung.euicc.internal.lib.lpa.LpaConnector$LpaConnectedState.exit(LpaConnector$LpaConnectedState.java:390)]
05-14 07:21:44.745 12126 12126 I SLPASVC : EuiccServiceImpl.onUnbind()                                                                         [at com.samsung.euicc.service.EuiccServiceImpl.onUnbind(EuiccServiceImpl.java:203)]
05-14 07:21:44.745 12126 12126 I SLPASVC : To Service : DisconnectRequest                                                                      [at com.samsung.euicc.service.EuiccServiceImpl.sendToService(EuiccServiceImpl.java:162)]
05-14 07:21:44.750 12126 12126 I SLPASVC : From Client: DisconnectRequest (1348482573, com.samsung.euicc)                                      [at com.samsung.euicc.lpaService.worker.RxHandler.preProcessRequest(RxHandler.java:281)]
05-14 07:21:44.751 12126 12126 E SLPASVC : disconnect key: 1348482573                                                                          [at com.samsung.euicc.lpaService.worker.RxHandler.preProcessRequest(RxHandler.java:298)]
05-14 07:21:44.751  4536  4750 D EuiccConnector: transitionTo: destState=AvailableState
05-14 07:21:44.751  4536  4750 D EuiccConnector: handleMessage: new destination call exit/enter
05-14 07:21:44.751  4536  4750 D EuiccConnector: setupTempStateStackWithStatesToEnter: X mTempStateStackCount=2,curStateInfo: null
05-14 07:21:44.751  4536  4750 D EuiccConnector: invokeExitMethods: ConnectedState
05-14 07:21:44.751  4536  4750 D EuiccConnector: invokeExitMethods: DisconnectedState
05-14 07:21:44.751  4536  4750 D EuiccConnector: moveTempStackToStateStack: i=1,j=0
05-14 07:21:44.751  4536  4750 D EuiccConnector: moveTempStackToStateStack: i=0,j=1
05-14 07:21:44.751  4536  4750 D EuiccConnector: moveTempStackToStateStack: X mStateStackTop=1,startingIndex=0,Top=AvailableState
05-14 07:21:44.751  4536  4750 D EuiccConnector: invokeEnterMethods: UnavailableState
