05-14 07:13:02.750  8325 11117 D CloseableReentrantLock: Successfully released lock com.android.providers.media.photopicker.sync.CloseableReentrantLock@eb1b5ed[Unlocked]. Lock Name = CLOUD_PROVIDER_LOCK. Threads that may be waiting to acquire this lock = []
05-14 07:13:02.750  8325 11117 D PickerNotificationSender: Sending a notification for media update
05-14 07:13:02.750  3032  7531 D SyncManager: userId - 0 auto - true
05-14 07:13:02.750  8325 11117 D PickerNotificationSender: Sending a notification for merged album media update Favorites
05-14 07:13:02.750  8325 11117 D PickerNotificationSender: Sending a notification for album media update Favorites
05-14 07:13:02.750  3032  7531 D SyncManager: userId - 0 auto - true
05-14 07:13:02.751  8325 11117 D PickerNotificationSender: Sending a notification for merged album media update Videos
05-14 07:13:02.751  8325 11117 D PickerNotificationSender: Sending a notification for album media update Videos
05-14 07:13:02.751  3032  7531 D SyncManager: userId - 0 auto - true
05-14 07:13:02.751  8325 11117 I PickerSyncController: Paged sync successful. QueryArgs: Bundle[{android.provider.extra.PAGE_TOKEN=1778757181000|1000020918, android.provider.extra.SYNC_GENERATION=166709, android.provider.extra.PAGE_SIZE=1000}] Total Rows: 1
05-14 07:13:02.751  8325 11117 I PickerSyncController: Executing SyncRemove. isLocal: true. authority: com.android.providers.media.photopicker
05-14 07:13:02.751  8325 11117 D PickerSyncLockManager: Trying to acquire lock com.android.providers.media.photopicker.sync.CloseableReentrantLock@eb1b5ed[Unlocked]. Lock Name = CLOUD_PROVIDER_LOCK. Threads that may be waiting to acquire this lock = [] with timeout.
05-14 07:13:02.751 11115 11115 W screencap: Thread Pool max thread count is 0. Cannot cache binder as linkToDeath cannot be implemented. serviceName: SurfaceFlingerAIDL
05-14 07:13:02.751  8325 11117 D CloseableReentrantLock: Successfully acquired lock com.android.providers.media.photopicker.sync.CloseableReentrantLock@eb1b5ed[Locked by thread pool-5-thread-487]. Lock Name = CLOUD_PROVIDER_LOCK. Threads that may be waiting to acquire this lock = []
05-14 07:13:02.751  8325 11117 D CloseableReentrantLock: Successfully released lock com.android.providers.media.photopicker.sync.CloseableReentrantLock@eb1b5ed[Unlocked]. Lock Name = CLOUD_PROVIDER_LOCK. Threads that may be waiting to acquire this lock = []
05-14 07:13:02.751 11115 11115 W BpBinder: Linking to death on android.gui.ISurfaceComposer but there are no threads (yet?) listening to incoming transactions. See ProcessState::startThreadPool and ProcessState::setThreadPoolMaxThreadCount. Generally you should setup the binder threadpool before other initialization steps.
05-14 07:13:02.752 11115 11115 W screencap: Thread Pool max thread count is 0. Cannot cache binder as linkToDeath cannot be implemented. serviceName: edmnativehelper
05-14 07:13:02.752  3032  7531 I EDMNativeHelperService: isScreenCaptureEnabled
05-14 07:13:02.752  3032  7531 D RestrictionPolicy: isScreenCaptureEnabled : ret=true userId=0
05-14 07:13:02.752 11115 11115 W ProcessState: Extra binder thread started, but 0 threads requested. Do not use *startThreadPool when zero threads are requested.
05-14 07:13:02.752 11115 11115 I SurfaceComposerClient: captureDisplay:Display-4630946315032985731
05-14 07:13:02.752  8325 11117 D PickerSyncLockManager: Trying to acquire lock com.android.providers.media.photopicker.sync.CloseableReentrantLock@eb1b5ed[Unlocked]. Lock Name = CLOUD_PROVIDER_LOCK. Threads that may be waiting to acquire this lock = [] with timeout.
05-14 07:13:02.752  8325 11117 D CloseableReentrantLock: Successfully acquired lock com.android.providers.media.photopicker.sync.CloseableReentrantLock@eb1b5ed[Locked by thread pool-5-thread-487]. Lock Name = CLOUD_PROVIDER_LOCK. Threads that may be waiting to acquire this lock = []
05-14 07:13:02.752  8325 11117 D PickerSyncController: Clearing next page token for key: local_provider:media_remove:resume
05-14 07:13:02.752  8325 11117 D CloseableReentrantLock: Successfully released lock com.android.providers.media.photopicker.sync.CloseableReentrantLock@eb1b5ed[Unlocked]. Lock Name = CLOUD_PROVIDER_LOCK. Threads that may be waiting to acquire this lock = []
05-14 07:13:02.752  8325 11117 D PickerNotificationSender: Sending a notification for media update
05-14 07:13:02.752  3032  7531 D SyncManager: userId - 0 auto - true
05-14 07:13:02.753  8325 11117 D PickerNotificationSender: Sending a notification for merged album media update Favorites
05-14 07:13:02.753  8325 11117 D PickerNotificationSender: Sending a notification for album media update Favorites
05-14 07:13:02.753  3032  7531 D SyncManager: userId - 0 auto - true
05-14 07:13:02.753  8325 11117 D PickerNotificationSender: Sending a notification for merged album media update Videos
05-14 07:13:02.753  8325 11117 D PickerNotificationSender: Sending a notification for album media update Videos
05-14 07:13:02.753  2210  2345 I SurfaceFlinger: Capture layer list: 	 Background for 3b7d796 SurfaceView[com.defaultcompany.rescuegrid.dev/com.unity3d.player.UnityPlayerGameActivity]@0#25954(seamlessTransition:0)
05-14 07:13:02.753  2210  2345 I SurfaceFlinger: Capture layer list: 	 3b7d796 SurfaceView[com.defaultcompany.rescuegrid.dev/com.unity3d.player.UnityPlayerGameActivity]@0(BLAST)#25953(seamlessTransition:0)
05-14 07:13:02.753  2210  2345 I SurfaceFlinger: Capture layer list: 	 com.defaultcompany.rescuegrid.dev/com.unity3d.player.UnityPlayerGameActivity$_10606#25948(seamlessTransition:0)
05-14 07:13:02.753  2210  2345 I SurfaceFlinger: Capture layer list: 	 StatusBar$_4556#113(seamlessTransition:0)
05-14 07:13:02.753  2210  2345 I CompositionEngine: [setDisplaySize] size=(1080, 2340)
05-14 07:13:02.753  3032  7531 D SyncManager: userId - 0 auto - true
05-14 07:13:02.753  2210  2345 E HwcComposer: getLuts failed Status(-129, EX_TRANSACTION_FAILED): 'UNKNOWN_TRANSACTION: '
05-14 07:13:02.754  8325 11117 I PickerSyncController: Paged sync successful. QueryArgs: Bundle[{android.provider.extra.PAGE_TOKEN=1778757181000|1000020918, android.provider.extra.SYNC_GENERATION=166709, android.provider.extra.PAGE_SIZE=1000}] Total Rows: 0
05-14 07:13:02.754  8325 11117 I PickerSyncTracker: Marked sync future complete for work id: 983bd057-978a-40e0-9e9b-d45fff051a49. Future map: {}
05-14 07:13:02.754  8325 11117 I PSyncWorker: Completed picker proactive sync complete from local provider.
05-14 07:13:02.754  2210  2370 D RenderEngine: [SEC_SF_EFFECTS] drawLayersInternal,1483, Rendering layer ScreenCaptureFillLayer at index 0
05-14 07:13:02.754  2210  2370 D RenderEngine: [SEC_SF_EFFECTS] drawLayersInternal,1483, Rendering layer 3b7d796 SurfaceView[com.defaultcompany.rescuegrid.dev/com.unity3d.player.UnityPlayerGameActivity]@0(BLAST)#25953 at index 1
05-14 07:13:02.755  2210  2370 D RenderEngine: [SEC_SF_EFFECTS] drawLayersInternal,1483, Rendering layer com.defaultcompany.rescuegrid.dev/com.unity3d.player.UnityPlayerGameActivity$_10606#25948 at index 2
05-14 07:13:02.755  2210  2370 D RenderEngine: [SEC_SF_EFFECTS] drawLayersInternal,1483, Rendering layer StatusBar$_4556#113 at index 3
05-14 07:13:02.755  8325  8702 I WM-WorkerWrapper: Worker result SUCCESS for Work [ id=983bd057-978a-40e0-9e9b-d45fff051a49, tags={ com.android.providers.media.photopicker.sync.ProactiveSyncWorker } ]
05-14 07:13:02.756  8325  8325 D WM-Processor: Processor 983bd057-978a-40e0-9e9b-d45fff051a49 executed; reschedule = false
05-14 07:13:02.756  8325  8325 D WM-GreedyScheduler: Stopping tracking for WorkGenerationalId(workSpecId=983bd057-978a-40e0-9e9b-d45fff051a49, generation=0)
05-14 07:13:02.761  8325  8709 D WM-GreedyScheduler: Cancelling work ID 983bd057-978a-40e0-9e9b-d45fff051a49
05-14 07:13:02.762  8325  8709 D WM-GreedyScheduler: Ignoring {WorkSpec: 8b0e26a1-da17-4a7d-8943-fa37401907bb}. Requires device idle.
05-14 07:13:02.762  8325  8709 D WM-GreedyScheduler: Ignoring {WorkSpec: 851dc692-8528-4451-a03e-188ed97a5b4d}. Requires device idle.
05-14 07:13:02.762  8325  8709 D WM-GreedyScheduler: Ignoring {WorkSpec: 00b34183-214c-4ec2-a349-e19f9227b254}. Requires device idle.
05-14 07:13:02.762  8325  8709 D WM-BrdcstRcvrCnstrntTrc: BatteryNotLowTracker: unregistering receiver
05-14 07:13:02.802 11115 11118 I AdrenoUtils: <ReadGpuID:357>: Reading chip ID through GSL
05-14 07:13:02.803 11115 11115 W qdgralloc: Failed to load libubwcp.so
05-14 07:13:02.805  8325  8640 W MediaProvider: isAppCloneUserPair for user 0: false
05-14 07:13:02.817  3032  7531 D SyncManager: userId - 0 auto - true
05-14 07:13:02.818  4191  4252 I MediaSyncer: generation: Generation(added=166717, modified=166718)
05-14 07:13:02.828  4191  4252 I MediaSyncer: loaded: 10ms, Success(maxMediaId=0, maxGenAdded=-9223372036854775808, maxGenModified=166726, count=0)
05-14 07:13:02.859  2203  2211 E HeatmapThread: ECT Thread time in milliseconds: 1778757182
05-14 07:13:02.861  2203  2211 D HeatmapThread: !@ batteryplugType : 2
05-14 07:13:02.862  2203  2211 D HeatmapThread: !@ batteryLevel : 49  batteryTemperature : 300 
05-14 07:13:02.862  2203  2211 D HeatmapThread: !@ Heatmap currtime: 29645953
05-14 07:13:02.862  2203  2211 D HeatmapThread: !@ Heatmap prevtime: 29645923
05-14 07:13:02.862  2203  2211 D HeatmapThread: !@ Heatmap plugstarttime: 29645897
05-14 07:13:02.862  2203  2211 D HeatmapThread: !@ Heatmap prevv_dsoh_update_time: 29643986
05-14 07:13:02.862  2203  2211 E HeatmapThread: !@ CAM New BSOH: 100
05-14 07:13:02.893  5401  5514 I RequestManager_FLP: onOpChanged, op=0 / packageName=com.android.vending
05-14 07:13:02.908 26390 26390 D BoundBrokerSvc: onUnbind: Intent { act=com.google.android.gms.common.BIND_SHARED_PREFS xflg=0x4 pkg=com.google.android.gms }
05-14 07:13:02.911  3032  7531 D ActivityManager: sync unfroze 21664 com.skms.android.agent:remote for 5
05-14 07:13:02.917 21355 21355 I Finsky  : [2] Memory trim requested to level 40
05-14 07:13:02.917 21355 21355 I Finsky  : [2] Flushing in-memory image cache
05-14 07:13:03.327 20969 20969 I SCS@AiSearch user 0: (ObserverWorker::AOSP_MP) [main] entering in startWork triggered by [content://media/external/file/1000020919]():  
05-14 07:13:03.328 20969 20969 I SCS@AiSearch user 0: (BaseCollector::AOSP_MP) [main] entering in onChange():  
05-14 07:13:03.328 20969 21908 I SCS@AiSearch user 0: (BaseCollector::AOSP_MP) [AOSP_MP-0] entering in collectChanges():  
05-14 07:13:03.343  3032  5109 D PackageManager: setEnabledSetting : userId = 0 packageName = com.samsung.android.scs cmp = androidx.work.impl.background.systemalarm.RescheduleReceiver newState = 1 callingPackage = com.samsung.android.scs
05-14 07:13:03.343  3032  5109 D ApplicationPolicy: getApplicationStateEnabled : pkg = com.samsung.android.scs userId : 0
05-14 07:13:03.344  3032  5109 D ApplicationPolicy: getApplicationComponentState : pkg = com.samsung.android.scs userId : 0
05-14 07:13:03.366 20969 21908 I SCS@AiSearch user 0: (BaseCollector::AOSP_MP) fetchInternal values : maxSyncId: 1000020907 indexCount: 12725 sourceCount: 12725
05-14 07:13:03.371 20969 21908 I SCS@AiSearch user 0: (IndexManager) [AOSP_MP-0] entering in addIndex():  
05-14 07:13:03.372 20969 21908 I SCS@AiSearch user 0: (BaseCollector::AOSP_MP) fetch: fetching took  24 ms
05-14 07:13:03.372 20969 21908 I SCS@AiSearch user 0: (BaseCollector::AOSP_MP) fetchChanges: applied 0 items
05-14 07:13:03.372 20969 21908 I SCS@AiSearch user 0: (BaseCollector::AOSP_MP) Collect finished. Result: true
05-14 07:13:03.372 20969 21908 I SCS@AiSearch user 0: (BaseCollector::AOSP_MP) enqueue ObserverWorker name: com.sec.android.app.myfiles, policy: APPEND_OR_REPLACE
05-14 07:13:03.372 20969 21070 I WM-WorkerWrapper: Worker result SUCCESS for Work [ id=03c7434d-bafa-43bb-93d0-a0c3426e07e7, tags={ com.sec.android.app.myfiles, com.samsung.android.scs.ai.search.data.collector.base.ObserverWorker } ]
05-14 07:13:03.375  3032  5018 D PackageManager: setEnabledSetting : userId = 0 packageName = com.samsung.android.scs cmp = androidx.work.impl.background.systemalarm.RescheduleReceiver newState = 1 callingPackage = com.samsung.android.scs
05-14 07:13:03.375  3032  5018 D ApplicationPolicy: getApplicationStateEnabled : pkg = com.samsung.android.scs userId : 0
05-14 07:13:03.375  3032  5018 D ApplicationPolicy: getApplicationComponentState : pkg = com.samsung.android.scs userId : 0
05-14 07:13:03.376 20969 21070 W JobInfo : Requested important-while-foreground flag for job186432 is ignored and takes no effect
05-14 07:13:03.408  1321  1321 D io_stats: !@   8,0 r 21688235 472521044 w 8244241 185573688 d 1155250 276506776 f 267532 899840 iot 4977748 0 th 0 0 0 pt 0 inp 0 0 175672.095
05-14 07:13:03.408  1321  1321 D io_stats: !@ Read_top(KB): t_app_installer(342) 396 kworker/u16:2(31545) 256 rs.media.module(8325) 128
05-14 07:13:03.408  1321  1321 D io_stats: !@ Write_top(KB): ung.android.scs(20969) 620 rs.media.module(8325) 292 com.samsung.cmh(10818) 228
05-14 07:13:03.600  3032  5018 I ActivityManager: Broadcasting: Intent { act=android.intent.action.MEDIA_SCANNER_SCAN_FILE dat=file:///... flg=0x400000 }
05-14 07:13:03.601  3032  5018 I ActivityManager: Enqueued broadcast Intent { act=android.intent.action.MEDIA_SCANNER_SCAN_FILE dat=file:///... flg=0x400000 }: 0
05-14 07:13:03.603  8325  8325 I MediaServiceV2: Creating work for intent Intent { act=android.intent.action.MEDIA_SCANNER_SCAN_FILE dat=file:///... flg=0x1400010 cmp=com.google.android.providers.media.module/com.android.providers.media.MediaServiceV2 }
05-14 07:13:03.604  8325  8325 I MediaServiceV2: Work enqueued for intent: Intent { act=android.intent.action.MEDIA_SCANNER_SCAN_FILE dat=file:///... flg=0x1400010 cmp=com.google.android.providers.media.module/com.android.providers.media.MediaServiceV2 }
05-14 07:13:03.605  3032  3229 I ActivityManager: Broadcast completed: result=0
05-14 07:13:03.614  8325  8711 W JobInfo : Requested important-while-foreground flag for job6989 is ignored and takes no effect
05-14 07:13:03.614  8325  8711 D WM-SystemJobScheduler: Scheduling work ID 6fe49b8b-2cf0-454c-93c1-2705dc74fe04Job ID 6989
05-14 07:13:03.618  8325  8711 D WM-GreedyScheduler: Ignoring {WorkSpec: 8b0e26a1-da17-4a7d-8943-fa37401907bb}. Requires device idle.
05-14 07:13:03.618  8325  8711 D WM-GreedyScheduler: Ignoring {WorkSpec: 851dc692-8528-4451-a03e-188ed97a5b4d}. Requires device idle.
05-14 07:13:03.618  8325  8711 D WM-GreedyScheduler: Ignoring {WorkSpec: 00b34183-214c-4ec2-a349-e19f9227b254}. Requires device idle.
05-14 07:13:03.618  8325  8711 D WM-GreedyScheduler: Starting work for 6fe49b8b-2cf0-454c-93c1-2705dc74fe04
05-14 07:13:03.618  8325  8711 D WM-Processor: Processor: processing WorkGenerationalId(workSpecId=6fe49b8b-2cf0-454c-93c1-2705dc74fe04, generation=0)
05-14 07:13:03.619  8325  8325 D WM-SystemJobService: onStartJob for WorkGenerationalId(workSpecId=6fe49b8b-2cf0-454c-93c1-2705dc74fe04, generation=0)
05-14 07:13:03.620  2087 10666 I sensors-hal: handle_sns_client_event:422, [0][2815] gyro_sample_cal(cal_available:1)(3) [ 0.000, 0.000, 0.000] bias[ 0.003,-0.003, 0.002] 486020011964541
05-14 07:13:03.622  8325  8325 D WM-WorkerWrapper: Starting work for com.android.providers.media.MediaServiceV2
05-14 07:13:03.623  8325 11124 I MediaServiceV2: Work initiated for action [ android.intent.action.MEDIA_SCANNER_SCAN_FILE ]
05-14 07:13:03.623  8325  8702 D WM-Processor: Work WorkGenerationalId(workSpecId=6fe49b8b-2cf0-454c-93c1-2705dc74fe04, generation=0) is already enqueued for processing
05-14 07:13:03.624 10818 10855 I BaseThreadPoolExecutor: [#CMH#] Task com.samsung.cmh.core.task.MediaContentSyncTask@d772d72 is submitted
05-14 07:13:03.632  8325 11124 I Kumiho-Kumiho: getPackageName: com.google.android.providers.media.module
05-14 07:13:03.632  8325 11124 I Kumiho-Kumiho: getPackageName: com.google.android.providers.media.module
05-14 07:13:03.636  8325 11124 I MediaServiceV2: Work ended for action [ android.intent.action.MEDIA_SCANNER_SCAN_FILE ]
05-14 07:13:03.637  3032  5018 D SyncManager: userId - 0 auto - true
05-14 07:13:03.637 10818 10941 I MediaContentSyncTask: [#CMH#] No of Row (SEC MP :  1914, Max Id : 2147488695) (CMH : 1914, Max Id : 2147488695) - Time :2
05-14 07:13:03.638  4191  4252 I MediaSyncer: generation: Generation(added=166717, modified=166726)
05-14 07:13:03.638  8325  8702 I WM-WorkerWrapper: Worker result SUCCESS for Work [ id=6fe49b8b-2cf0-454c-93c1-2705dc74fe04, tags={ com.android.providers.media.MediaServiceV2 } ]
05-14 07:13:03.639  8325  8325 D WM-Processor: Processor 6fe49b8b-2cf0-454c-93c1-2705dc74fe04 executed; reschedule = false
05-14 07:13:03.639  8325  8325 D WM-SystemJobService: 6fe49b8b-2cf0-454c-93c1-2705dc74fe04 executed on JobScheduler
05-14 07:13:03.642  8325  8624 D WM-GreedyScheduler: Cancelling work ID 6fe49b8b-2cf0-454c-93c1-2705dc74fe04
05-14 07:13:03.645  8325  8624 D WM-GreedyScheduler: Ignoring {WorkSpec: 8b0e26a1-da17-4a7d-8943-fa37401907bb}. Requires device idle.
05-14 07:13:03.645  8325  8624 D WM-GreedyScheduler: Ignoring {WorkSpec: 851dc692-8528-4451-a03e-188ed97a5b4d}. Requires device idle.
05-14 07:13:03.645  8325  8624 D WM-GreedyScheduler: Ignoring {WorkSpec: 00b34183-214c-4ec2-a349-e19f9227b254}. Requires device idle.
05-14 07:13:03.650 10818 10941 I MediaContentSyncTask: [#CMH#] MP time stamp :  1778757181213, CMH time stamp : 1778757181213
05-14 07:13:03.650 10818 10941 I MediaContentSyncTask: [#CMH#] Update ITEM :  0
05-14 07:13:03.654 10818 10941 I BaseThreadPoolExecutor: [#CMH#] afterExecute FutureTask
05-14 07:13:03.654 10818 10941 I ControllerEventHandler: [#CMH#] Alive Privacy Ignored Policy Called:  false
05-14 07:13:03.658  8325  8624 D WM-SystemJobScheduler: Scheduling work ID c35c5f8d-9d12-4a71-aa37-a97ebd12bf80Job ID 6990
05-14 07:13:03.660  8325  8624 D WM-GreedyScheduler: Ignoring {WorkSpec: 8b0e26a1-da17-4a7d-8943-fa37401907bb}. Requires device idle.
05-14 07:13:03.660  8325  8624 D WM-GreedyScheduler: Ignoring {WorkSpec: 851dc692-8528-4451-a03e-188ed97a5b4d}. Requires device idle.
05-14 07:13:03.660  8325  8624 D WM-GreedyScheduler: Ignoring {WorkSpec: 00b34183-214c-4ec2-a349-e19f9227b254}. Requires device idle.
05-14 07:13:03.669  4191  4252 I MediaSyncer: loaded: 30ms, Success(maxMediaId=1000020919, maxGenAdded=166726, maxGenModified=166727, count=1)
05-14 07:13:03.669 10818 10855 I BaseThreadPoolExecutor: [#CMH#] Task com.samsung.cmh.core.task.MediaContentSyncTask@d772d72 is submitted
05-14 07:13:03.684  4191  4246 W SefInterface$Companion: This file doesn't have SEF
05-14 07:13:03.695 10818 10941 I MediaContentSyncTask: [#CMH#] No of Row (SEC MP :  1915, Max Id : 2147488696) (CMH : 1914, Max Id : 2147488695) - Time :10
05-14 07:13:03.704 10818 10941 I MediaContentSyncTask: [#CMH#] Rebuilding contents count 1
05-14 07:13:03.708 10818 10941 I ImageFeatures: [#CMH#] Not support file type 
05-14 07:13:03.712 10818 10941 I MediaContentSyncTask: [#CMH#] Insert ITEM :  1
05-14 07:13:03.712 10818 10941 I BaseThreadPoolExecutor: [#CMH#] afterExecute FutureTask
05-14 07:13:03.712 10818 10941 I ControllerEventHandler: [#CMH#] New Task for wait content sync job 
05-14 07:13:03.712 10818 10941 I BaseThreadPoolExecutor: [#CMH#] Task com.samsung.cmh.core.task.MediaContentSyncTask@d772d72 is submitted
05-14 07:13:03.738 10818 10941 I MediaContentSyncTask: [#CMH#] No of Row (SEC MP :  1915, Max Id : 2147488696) (CMH : 1915, Max Id : 2147488696) - Time :11
05-14 07:13:03.768 10818 10941 I MediaContentSyncTask: [#CMH#] MP time stamp :  1778757183684, CMH time stamp : 1778757181213
05-14 07:13:03.786 10818 10941 I MediaContentSyncTask: [#CMH#] Update ITEM  :  1
05-14 07:13:03.788 10818 10941 I MediaContentSyncTask: [#CMH#] Update Cursor Count (1=>1), Time: 2 
05-14 07:13:03.792 10818 10941 I MediaContentSyncTask: [#CMH#] Update ITEM :  1
05-14 07:13:03.798 10818 10941 I BaseThreadPoolExecutor: [#CMH#] afterExecute FutureTask
05-14 07:13:03.798 10818 10941 I ControllerEventHandler: [#CMH#] Alive Privacy Ignored Policy Called:  false
05-14 07:13:03.845 10606 10640 I Unity   : SetGameState: isLoading: true, mode: UNKNOWN, label: -4, quality: 2
05-14 07:13:03.859  2203  2211 E HeatmapThread: ECT Thread time in milliseconds: 1778757183
05-14 07:13:03.862  2203  2211 D HeatmapThread: !@ batteryplugType : 2
05-14 07:13:03.862  2203  2211 D HeatmapThread: !@ batteryLevel : 49  batteryTemperature : 300 
05-14 07:13:03.862  2203  2211 D HeatmapThread: !@ Heatmap currtime: 29645953
05-14 07:13:03.862  2203  2211 D HeatmapThread: !@ Heatmap prevtime: 29645923
05-14 07:13:03.862  2203  2211 D HeatmapThread: !@ Heatmap plugstarttime: 29645897
05-14 07:13:03.862  2203  2211 D HeatmapThread: !@ Heatmap prevv_dsoh_update_time: 29643986
05-14 07:13:03.862  2203  2211 E HeatmapThread: !@ CAM New BSOH: 100
05-14 07:13:03.870 10606 10640 I Unity   : [AndroidWhiteoutDiagnostics] level=L09 platform=Android quality=2/Medium colorSpace=Gamma graphicsApi=Vulkan graphicsDevice='Adreno (TM) 750' screen=1080x2256 orientation=Portrait cameras=[Main Camera{enabled=True, clear=Skybox, bg=(0.039,0.043,0.059,0), cull=-1, depth=-1, near=0.3, far=1000, pos=(0,20,-14), rot=(60,0,0)}; GameStateViewRoot/BoardStageRoot/BoardContentRoot/Content_05_01_Target_0/Visual/Camera{enabled=False, clear=Skybox, bg=(0.192,0.302,0.475,0), cull=-1, depth=0, near=0.1, far=100, pos=(8.934,9.927,-10.192), rot=(36.09,306.265,346.523)}; GameStateViewRoot/BoardStageRoot/BoardContentRoot/Content_01_05_Target_1/Visual/Camera{enabled=False, clear=Skybox, bg=(0.192,0.302,0.475,0), cull=-1, depth=0, near=0.1, far=100, pos=(12.637,8.968,-6.615), rot=(36.09,306.265,346.523)}] canvases=[SettingsMenu/SettingsMenuCanvas{enabled=True, renderMode=ScreenSpaceOverlay, sortingLayer=Default, order=1000}] suspiciousRenderers=[GameStateViewRoot/DockRoot/SharedDockVisualInstance/Visual{enabled=True, type=MeshR
05-14 07:13:03.874 10606 10640 I Unity   : SetGameState: isLoading: false, mode: UNKNOWN, label: 0, quality: 2
05-14 07:13:03.890 10606 10640 I Unity   : [AndroidWhiteoutCommand] level=L09 diagnosticMove=1 coord=(0,2) groupSize=2 applied=True
05-14 07:13:03.890 10606 10640 I Unity   : UnityEngine.DebugLogHandler:Internal_Log(LogType, LogOption, String, Object)
05-14 07:13:03.890 10606 10640 I Unity   : UnityEngine.DebugLogHandler:LogFormat(LogType, Object, String, Object[])
05-14 07:13:03.890 10606 10640 I Unity   : UnityEngine.Logger:Log(LogType, Object)
05-14 07:13:03.890 10606 10640 I Unity   : UnityEngine.Debug:Log(Object)
05-14 07:13:03.890 10606 10640 I Unity   : Rescue.Unity.Diagnostics.<RunCommand>d__8:MoveNext() (at C:\Users\jwmcg\OneDrive\Documents\AI Projects\Live Envirnments\rescue-grid\Assets\Rescue.Unity\Diagnostics\AndroidWhiteoutCommandBridge.cs:103)
05-14 07:13:03.890 10606 10640 I Unity   : UnityEngine.SetupCoroutine:InvokeMoveNext(IEnumerator, IntPtr) (at \home\bokken\build\output\unity\unity\Runtime\Export\Scripting\Coroutines.cs:17)
05-14 07:13:03.890 10606 10640 I Unity   : 
05-14 07:13:03.896 10606 10640 I Unity   : [AndroidWhiteoutDiagnostics] level=L09 platform=Android quality=2/Medium colorSpace=Gamma graphicsApi=Vulkan graphicsDevice='Adreno (TM) 750' screen=1080x2256 orientation=Portrait cameras=[Main Camera{enabled=True, clear=Skybox, bg=(0.039,0.043,0.059,0), cull=-1, depth=-1, near=0.3, far=1000, pos=(0,20,-14), rot=(60,0,0)}; GameStateViewRoot/BoardStageRoot/BoardContentRoot/Content_05_01_Target_0/Visual/Camera{enabled=False, clear=Skybox, bg=(0.192,0.302,0.475,0), cull=-1, depth=0, near=0.1, far=100, pos=(8.934,9.927,-10.192), rot=(36.09,306.265,346.523)}; GameStateViewRoot/BoardStageRoot/BoardContentRoot/Content_01_05_Target_1/Visual/Camera{enabled=False, clear=Skybox, bg=(0.192,0.302,0.475,0), cull=-1, depth=0, near=0.1, far=100, pos=(12.637,8.968,-6.615), rot=(36.09,306.265,346.523)}] canvases=[SettingsMenu/SettingsMenuCanvas{enabled=True, renderMode=ScreenSpaceOverlay, sortingLayer=Default, order=1000}] suspiciousRenderers=[GameStateViewRoot/DockRoot/SharedDockVisualInstance/Visual{enabled=True, type=MeshR
05-14 07:13:03.896 10606 10640 I Unity   : [AndroidWhiteoutCommand] ready level=L09 requestedMoves=1 appliedMoves=1 actionCount=1
05-14 07:13:03.896 10606 10640 I Unity   : UnityEngine.DebugLogHandler:Internal_Log(LogType, LogOption, String, Object)
05-14 07:13:03.896 10606 10640 I Unity   : UnityEngine.DebugLogHandler:LogFormat(LogType, Object, String, Object[])
05-14 07:13:03.896 10606 10640 I Unity   : UnityEngine.Logger:Log(LogType, Object)
05-14 07:13:03.896 10606 10640 I Unity   : UnityEngine.Debug:Log(Object)
05-14 07:13:03.896 10606 10640 I Unity   : Rescue.Unity.Diagnostics.<RunCommand>d__8:MoveNext() (at C:\Users\jwmcg\OneDrive\Documents\AI Projects\Live Envirnments\rescue-grid\Assets\Rescue.Unity\Diagnostics\AndroidWhiteoutCommandBridge.cs:117)
05-14 07:13:03.896 10606 10640 I Unity   : UnityEngine.SetupCoroutine:InvokeMoveNext(IEnumerator, IntPtr) (at \home\bokken\build\output\unity\unity\Runtime\Export\Scripting\Coroutines.cs:17)
05-14 07:13:03.896 10606 10640 I Unity   : 
05-14 07:13:03.910  2087 10657 I sensors-hal: handle_sns_client_event:375, [0][28288] accel_sample [ 0.144,  0.086,  9.858] 486020310021625
05-14 07:13:03.938  3032 10848 I AfterimageCompensationService: AfcThread mLuminance : 109 , AfpcPeriodCount : 48 , rotation : 0 , AOD : false
05-14 07:13:03.940  3032 10848 I SurfaceComposerClient: captureDisplay:Display-4630946315032985731
05-14 07:13:03.946  2210  2821 I SurfaceFlinger: Capture layer list: 	 Background for 3b7d796 SurfaceView[com.defaultcompany.rescuegrid.dev/com.unity3d.player.UnityPlayerGameActivity]@0#25954(seamlessTransition:0)
05-14 07:13:03.946  2210  2821 I SurfaceFlinger: Capture layer list: 	 3b7d796 SurfaceView[com.defaultcompany.rescuegrid.dev/com.unity3d.player.UnityPlayerGameActivity]@0(BLAST)#25953(seamlessTransition:0)
05-14 07:13:03.946  2210  2821 I SurfaceFlinger: Capture layer list: 	 com.defaultcompany.rescuegrid.dev/com.unity3d.player.UnityPlayerGameActivity$_10606#25948(seamlessTransition:0)
05-14 07:13:03.946  2210  2821 I SurfaceFlinger: Capture layer list: 	 StatusBar$_4556#113(seamlessTransition:0)
05-14 07:13:03.946  2210  2821 I CompositionEngine: [setDisplaySize] size=(1080, 2340)
05-14 07:13:03.947  2210  2821 E HwcComposer: getLuts failed Status(-129, EX_TRANSACTION_FAILED): 'UNKNOWN_TRANSACTION: '
05-14 07:13:03.948  2210  2370 D RenderEngine: [SEC_SF_EFFECTS] drawLayersInternal,1483, Rendering layer ScreenCaptureFillLayer at index 0
05-14 07:13:03.948  2210  2370 D RenderEngine: [SEC_SF_EFFECTS] drawLayersInternal,1483, Rendering layer 3b7d796 SurfaceView[com.defaultcompany.rescuegrid.dev/com.unity3d.player.UnityPlayerGameActivity]@0(BLAST)#25953 at index 1
05-14 07:13:03.949  2210  2370 D RenderEngine: [SEC_SF_EFFECTS] drawLayersInternal,1483, Rendering layer com.defaultcompany.rescuegrid.dev/com.unity3d.player.UnityPlayerGameActivity$_10606#25948 at index 2
05-14 07:13:03.949  2210  2370 D RenderEngine: [SEC_SF_EFFECTS] drawLayersInternal,1483, Rendering layer StatusBar$_4556#113 at index 3
05-14 07:13:03.980  3032 10848 D system_server: mAFPC_Read - w = 1080, h = 2340, s = 8, f = 4, s_size = 10183680, luminance = 109, count = 48, captureOrientation = 0
05-14 07:13:03.991  3032  4437 V SemStrongRssiRoaming: POLL (Rssi:-59 MinRssi:-49 Guard:0)
05-14 07:13:04.151 20969 20969 I SCS@AiSearch user 0: (ObserverWorker::AOSP_MP) [main] entering in startWork triggered by [content://media/external/file/1000020919]():  
05-14 07:13:04.152 20969 20969 I SCS@AiSearch user 0: (BaseCollector::AOSP_MP) [main] entering in onChange():  
05-14 07:13:04.152 20969 21908 I SCS@AiSearch user 0: (BaseCollector::AOSP_MP) [AOSP_MP-0] entering in collectChanges():  
05-14 07:13:04.155  3032  3063 D PackageManager: setEnabledSetting : userId = 0 packageName = com.samsung.android.scs cmp = androidx.work.impl.background.systemalarm.RescheduleReceiver newState = 1 callingPackage = com.samsung.android.scs
05-14 07:13:04.155  3032  3063 D ApplicationPolicy: getApplicationStateEnabled : pkg = com.samsung.android.scs userId : 0
05-14 07:13:04.156  3032  3063 D ApplicationPolicy: getApplicationComponentState : pkg = com.samsung.android.scs userId : 0
05-14 07:13:04.252 20969 21908 I SCS@AiSearch user 0: (BaseCollector::AOSP_MP) fetchInternal values : maxSyncId: 1000020907 indexCount: 12725 sourceCount: 12725
05-14 07:13:04.276 20969 21908 I SCS@AiSearch user 0: (IndexManager) [AOSP_MP-0] entering in addIndex():  
05-14 07:13:04.278 20969 21908 I SCS@AiSearch user 0: (BaseCollector::AOSP_MP) fetch: fetching took  75 ms
05-14 07:13:04.278 20969 21908 I SCS@AiSearch user 0: (BaseCollector::AOSP_MP) fetchChanges: applied 0 items
05-14 07:13:04.278 20969 21908 I SCS@AiSearch user 0: (BaseCollector::AOSP_MP) Collect finished. Result: true
05-14 07:13:04.279 20969 21908 I SCS@AiSearch user 0: (BaseCollector::AOSP_MP) enqueue ObserverWorker name: com.sec.android.app.myfiles, policy: APPEND_OR_REPLACE
05-14 07:13:04.279 20969 21071 I WM-WorkerWrapper: Worker result SUCCESS for Work [ id=335b93b5-4673-4909-b79c-9ae01b109372, tags={ com.sec.android.app.myfiles, com.samsung.android.scs.ai.search.data.collector.base.ObserverWorker } ]
05-14 07:13:04.288  3032  5018 D PackageManager: setEnabledSetting : userId = 0 packageName = com.samsung.android.scs cmp = androidx.work.impl.background.systemalarm.RescheduleReceiver newState = 1 callingPackage = com.samsung.android.scs
05-14 07:13:04.289  3032  5018 D ApplicationPolicy: getApplicationStateEnabled : pkg = com.samsung.android.scs userId : 0
05-14 07:13:04.290  3032  5018 D ApplicationPolicy: getApplicationComponentState : pkg = com.samsung.android.scs userId : 0
05-14 07:13:04.292 20969 21071 W JobInfo : Requested important-while-foreground flag for job186434 is ignored and takes no effect
05-14 07:13:04.300  3032  3844 I JobScheduler.HeavyJobController: com.samsung.android.smartsuggestions/androidx.work.impl.background.systemjob.SystemJobService has heavy job's constraints.
05-14 07:13:04.300  3032  3844 I JobScheduler: HeavyJobController::heavy job upper limit: 600000(1800000|1800000)
05-14 07:13:04.320 28679 31611 I Moneta::RemoteWorker: WorkerStart DATA_OBSERVER [attempt=0, stop reason=NOT_STOPPED], workLog = WorkLog(id=d5880ee2-d96d-476d-a830-97e845561ca6-0, workTag=DATA_OBSERVER, startTime=0, endTime=null, stopTime=null, state=START, retryCount=0, errorCode=-256, tags=[gallery], executorThreadId=null)
05-14 07:13:04.320 28679 31611 I Moneta::BuiltInDataObserver: doWork - tag: gallery
05-14 07:13:04.320 28679 31611 I Moneta::BatchDataCollectingWorkerController: execute
05-14 07:13:04.321 28679 31611 I Moneta::BatchDataCollectingWorkerController: enqueueBatchDataCollectingWorker delay:60415678
05-14 07:13:04.321 28679 31611 I Moneta::RealTimeDataCollectingWorkerController: execute. tag(gallery)
05-14 07:13:04.321 28679 31611 I Moneta::RealTimeDataCollectingWorkerController: enqueueRealTimeDataCollectingWorker delay:10000
05-14 07:13:04.323 28679 31611 I Moneta::CoordinatorImpl: enqueueDataObserverWorker tag(gallery)
05-14 07:13:04.323 28679 31611 I Moneta::RemoteWorker: WorkerEnd DATA_OBSERVER (00:00:00.003), workLog = WorkLog(id=d5880ee2-d96d-476d-a830-97e845561ca6-0, workTag=DATA_OBSERVER, startTime=1778757184320, endTime=1778757184323, stopTime=null, state=END, retryCount=0, errorCode=-256, tags=[gallery], executorThreadId=31611)
05-14 07:13:04.342  8322  9876 I WM-WorkerWrapper: Worker result SUCCESS for Work [ id=d5880ee2-d96d-476d-a830-97e845561ca6, tags={ DATA_OBSERVER, MONETA_DATA_PLATFORM_COMMON_TAG, com.samsung.android.moneta.datacollector.builtin.dataobserver.BuiltInDataObserver, gallery } ]
05-14 07:13:04.342  3032 11132 D WifiConnectivityMonitor.DnsThread:  [|216] [] [] []
05-14 07:13:04.346  3032  4450 D WifiConnectivityMonitor.NetworkStatsAnalyzer: DNS resultType : 0, responseTime : 216
05-14 07:13:04.347  3032  4446 D OpenNetworkQos[4.00]: updateBssidLatestDnsResultType - result: 0
05-14 07:13:04.347  3032  4446 D OpenNetworkQos[4.00]: updateBssidNoInternet: mBssidNoInternet = false
05-14 07:13:04.347  3032  4446 D OpenNetworkQos[4.00]: getOpenNetworkQosNoInternetStatus: false
05-14 07:13:04.347  3032  4446 D OpenNetworkQos[4.00]: getOpenNetworkQosScores: 26 26 20 
05-14 07:13:04.347  3032  4446 D KNOX_MDM_SettingsProvider: isChangeAllowed() : name = wifi_wcm_qos_sharing_score_summary
05-14 07:13:04.347  3032  4446 I WifiProfileShare: network QoS data was changed (internet), updateQoSData networkType: true, qosData: false
05-14 07:13:04.348  3032  5473 V WifiProfileShare.Caster: checkAndGetShareData - device locked
05-14 07:13:04.370  2077  6139 I vendor.qti.bluetooth@1.1-ibs_handler: ProcessIbsCmd: Received IBS_WAKE_IND: 0xFD
05-14 07:13:04.370  2077  6139 D vendor.qti.bluetooth@1.1-ibs_handler: SerialClockVote: vote for UART CLK ON
05-14 07:13:04.370  2077  6139 D vendor.qti.bluetooth@1.1-wake_lock: Acquire wakelock is acquired 
05-14 07:13:04.370  2077  6139 I vendor.qti.bluetooth@1.1-ibs_handler: ProcessIbsCmd: Writing IBS_WAKE_ACK
05-14 07:13:04.380  4784  6167 I ScanController: onScanResult to scannerId: 5- eventType=0x10, addressType=0, address=XX:XX:XX:XX:97:3F, primaryPhy=1, secondaryPhy=0, advertisingSid=0xff, txPower=127, rssi=-90, periodicAdvInt=0x0
05-14 07:13:04.384 16128 16448 I [-0400]oneconnect[1.8.45.24_01][CORE]: DataConvert.parseBleVd - deviceBle : |name:|deviceType:TV|discoverType:_BLE|services:None|connected:false[TvStatusString]POWER_OFF[TvStatus]-128[TvService]102[TvMirrorChannel]1[TvRegisteredDB][-8, 104, -49, -60, -127, 65][TvYear]2016[TvOcfInfo]0[TvAcmStatus]0[ExTvStatus]0[ExtendedStatus]-1[ModuloSn]-1
05-14 07:13:04.399  3032  6735 D SemWifiUsabilityStatsMonitor: onWifiUsabilityStats - seqNum 21819, isSameBssidAndFreq true
05-14 07:13:04.399  4782  4782 I EPDG -- SIM1 [SMARTWIFI]: isProfiling, hash=6285797, started=true
05-14 07:13:04.401  3032  4417 I SemWifiLinkQualityMonitor: Link stat: 548 / 173 / 5.88 (47) / 52 / -59.0 || 100.0 : 52.00 / B (B) || 683a95c52437: 7.552 / 1.059 / N || N N / 0 0 / Y 2.0 / Y X 0 / 175673087 0 || Invalid
05-14 07:13:04.401  4782  4782 I EPDG -- SIM1 [SMARTWIFI]: isWifiRssiLessOrEqualsHandoverThreshold: received rssi is: -59 handover threshold is: -85
05-14 07:13:04.401  4782  4782 I EPDG -- SIM1 [SMARTWIFI]: isProfiling, hash=6285797, started=true
05-14 07:13:04.403  3032  4418 D InsDataManager: onOutageCountUpdate() - Outage Data: 0, LQ : Y. Outage Triggered: false
05-14 07:13:04.403  3032  4418 D SemInsManager: {"bssid": "683a95c52437","rssi": -59.0,"latency": 7.551684923076922,"outage_count": 0,"lq_callback_triggered": true,"outage_log": "Link stat: 548 / 173 / 5.88 (47) / 52 / -59.0 || 100.0 : 52.00 / B (B) || 683a95c52437: 7.552 / 1.059 / N || N N / 0 0 / Y 2.0 / Y X 0 / 175673087 0 || Invalid""Magnetic Sensor Events size": "0""Pressure Sensor Events size": "0"}
05-14 07:13:04.403  4782  4782 I EPDG -- SIM1 [SMARTWIFI]: Rssi : -59 highrange : -71 lowrange : -80 mIsRssiInHystersis : false
05-14 07:13:04.404  4782  4782 I EPDG -- SIM1 [SMARTWIFI]: Rssi : -59 highrange : -71 lowrange : -80 mIsRssiInHystersis : false
05-14 07:13:04.404  4782  4782 I EPDG -- SIM1 [SMARTWIFI]: isL2WHandoverProfilingRunning: returning: false
05-14 07:13:04.404  4782  4782 I EPDG -- SIM1 [SMARTWIFI]: No need to send L2WHandoverProfiling runnable
05-14 07:13:04.404  4782  4782 I EPDG -- SIM1 [SMARTWIFI]: getHandoverThresholdMet: value is: false
05-14 07:13:04.417  2077  6139 I vendor.qti.bluetooth@1.1-ibs_handler: ProcessIbsCmd: Received IBS_SLEEP_IND: 0xFE
05-14 07:13:04.418  2077  6139 D vendor.qti.bluetooth@1.1-ibs_handler: SerialClockVote: vote for UART CLK OFF
05-14 07:13:04.568  2077  5340 D vendor.qti.bluetooth@1.1-wake_lock: Release wakelock is released 
05-14 07:13:04.618  3032  3986 D ActivityManager: Received BROADCAST intent 0xc440249 Key{broadcastIntent pkg=android intent=act=com.android.server.audio.action.CHECK_MUSIC_ACTIVE xflg=0x4 flags=0x4000000 u=0} requestCode=1 sent=0 from uid 1000
05-14 07:13:04.625  3032  3391 D ActivityManager: sync unfroze 24126 com.android.settings for 10
05-14 07:13:04.629  3032  3406 D BatteryExternalStatsWorker: update stats : procstate-change (10)
05-14 07:13:04.630  3032  3406 D BatteryExternalStatsWorker: Fetch WiFi data
05-14 07:13:04.630  3032  3391 D ActivityManager: sync unfroze 30054 com.samsung.android.forest for 10
05-14 07:13:04.630  3032  3406 D BatteryExternalStatsWorker: Update Rail Energy data
05-14 07:13:04.632  3032  3391 D ActivityManager: sync unfroze 20352 com.samsung.android.fmm for 10
05-14 07:13:04.634  3032  3391 D ActivityManager: sync unfroze 23128 com.samsung.android.provider.filterprovider for 10
05-14 07:13:04.637  3032  3391 D ActivityManager: sync unfroze 29712 com.android.keychain for 10
05-14 07:13:04.639  3032  3391 D ActivityManager: sync unfroze 30111 com.samsung.android.smartswitchassistant for 10
05-14 07:13:04.642  3032  3391 D ActivityManager: sync unfroze 25454 com.samsung.sait.sohservice for 10
05-14 07:13:04.643  3032  3391 D ActivityManager: sync unfroze 31718 com.samsung.android.sm.provider for 10
05-14 07:13:04.644  3032  3391 D ActivityManager: sync unfroze 31695 com.samsung.android.lool for 10
05-14 07:13:04.645  3032  3406 D BatteryExternalStatsWorker: mStats lock released
05-14 07:13:04.645  3032  3391 D ActivityManager: sync unfroze 25296 com.samsung.android.dqagent for 10
05-14 07:13:04.646  3032  3391 D ActivityManager: sync unfroze 28530 com.samsung.android.biometrics.app.setting for 10
05-14 07:13:04.647  3032  3391 D ActivityManager: sync unfroze 27870 com.sec.android.Cdfs for 10
05-14 07:13:04.649  3032  3391 D ActivityManager: sync unfroze 26506 com.samsung.SMT for 10
05-14 07:13:04.650  3032  3391 D ActivityManager: sync unfroze 24828 com.android.setupwizard for 10
05-14 07:13:04.661  3032  3406 D BatteryExternalStatsWorker: Update wifi state
05-14 07:13:04.661  3032  3406 D BatteryExternalStatsWorker: done updateExternalStatsLocked
05-14 07:13:04.824  8430  8430 I SDHMS:LOAD: type: LoadsFreqs, value: 62:0:69:1655424:3340800:672000:912384:3148800:499200:343:629:231
05-14 07:13:04.824 28679  8255 I Moneta::BuiltInDataObserverWorkerController: execute. tag(gallery)
05-14 07:13:04.826 28679  8255 I Moneta::BuiltInDataObserverWorkerController: enqueueBuiltInDataObserverWorker tag(gallery) delay:3000
05-14 07:13:04.859  2203  2211 E HeatmapThread: ECT Thread time in milliseconds: 1778757184
05-14 07:13:04.862  2203  2211 D HeatmapThread: !@ batteryplugType : 2
05-14 07:13:04.862  2203  2211 D HeatmapThread: !@ batteryLevel : 49  batteryTemperature : 300 
05-14 07:13:04.862  2203  2211 D HeatmapThread: !@ Heatmap currtime: 29645953
05-14 07:13:04.863  2203  2211 D HeatmapThread: !@ Heatmap prevtime: 29645923
05-14 07:13:04.863  2203  2211 D HeatmapThread: !@ Heatmap plugstarttime: 29645897
05-14 07:13:04.863  2203  2211 D HeatmapThread: !@ Heatmap prevv_dsoh_update_time: 29643986
05-14 07:13:04.863  2203  2211 E HeatmapThread: !@ CAM New BSOH: 100
05-14 07:13:05.012  4719 21222 D IpClient/wlan0: addressUpdated: 2601:c2:1b01:faf0:64cd:3dff:fe7c:c487/64 on ifindex 45 flags 0x00000100 scope 0
05-14 07:13:05.012  4719 21222 D IpClient/wlan0: addressUpdated: 2601:c2:1b01:faf0:70e6:9536:bc73:1c12/64 on ifindex 45 flags 0x00000001 scope 0
05-14 07:13:05.013  4719 21222 W AlarmManager: Unrecognized alarm listener com.android.networkstack.android.net.ip.IpClientLinkObserver$Dhcp6PdPreferredPrefixAlarmListener@b1aaabc
05-14 07:13:05.014  4782  4782 I EPDG -- SIM0 [EpdgIntfCont]: sendInterfaceMessage, not mobile, ignore
05-14 07:13:05.014  4719 21222 D ApfFilter: (wlan0): Ignoring RA RA fe80::be9b:68ff:fe3a:95c4 -> ff02::1 180s 2601:c2:1b01:faf0::/64 300s/300s DNS 180s 2001:558:feed::1 2001:558:feed::2 RIO 180s ::/0  which matches RA fe80::be9b:68ff:fe3a:95c4 -> ff02::1 180s 2601:c2:1b01:faf0::/64 300s/300s DNS 180s 2001:558:feed::1 2001:558:feed::2 RIO 180s ::/0 
05-14 07:13:05.014  4782  4782 I EPDG -- SIM1 [EpdgIntfCont]: sendInterfaceMessage, not mobile, ignore
05-14 07:13:05.018  4782  4782 I EPDG -- SIM0 [EpdgIntfCont]: sendInterfaceMessage, not mobile, ignore
05-14 07:13:05.019  4782  4782 I EPDG -- SIM1 [EpdgIntfCont]: sendInterfaceMessage, not mobile, ignore
05-14 07:13:05.123 11138 11138 W screencap: Thread Pool max thread count is 0. Cannot cache binder as linkToDeath cannot be implemented. serviceName: SurfaceFlingerAIDL
05-14 07:13:05.123 11138 11138 W BpBinder: Linking to death on android.gui.ISurfaceComposer but there are no threads (yet?) listening to incoming transactions. See ProcessState::startThreadPool and ProcessState::setThreadPoolMaxThreadCount. Generally you should setup the binder threadpool before other initialization steps.
05-14 07:13:05.123 11138 11138 W screencap: Thread Pool max thread count is 0. Cannot cache binder as linkToDeath cannot be implemented. serviceName: edmnativehelper
05-14 07:13:05.123  3032  5018 I EDMNativeHelperService: isScreenCaptureEnabled
05-14 07:13:05.123  3032  5018 D RestrictionPolicy: isScreenCaptureEnabled : ret=true userId=0
05-14 07:13:05.123 11138 11138 W ProcessState: Extra binder thread started, but 0 threads requested. Do not use *startThreadPool when zero threads are requested.
05-14 07:13:05.123 11138 11138 I SurfaceComposerClient: captureDisplay:Display-4630946315032985731
05-14 07:13:05.126  2210  2821 I SurfaceFlinger: Capture layer list: 	 Background for 3b7d796 SurfaceView[com.defaultcompany.rescuegrid.dev/com.unity3d.player.UnityPlayerGameActivity]@0#25954(seamlessTransition:0)
05-14 07:13:05.126  2210  2821 I SurfaceFlinger: Capture layer list: 	 3b7d796 SurfaceView[com.defaultcompany.rescuegrid.dev/com.unity3d.player.UnityPlayerGameActivity]@0(BLAST)#25953(seamlessTransition:0)
05-14 07:13:05.126  2210  2821 I SurfaceFlinger: Capture layer list: 	 com.defaultcompany.rescuegrid.dev/com.unity3d.player.UnityPlayerGameActivity$_10606#25948(seamlessTransition:0)
05-14 07:13:05.126  2210  2821 I SurfaceFlinger: Capture layer list: 	 StatusBar$_4556#113(seamlessTransition:0)
05-14 07:13:05.126  2210  2821 I CompositionEngine: [setDisplaySize] size=(1080, 2340)
05-14 07:13:05.127  2210  2821 E HwcComposer: getLuts failed Status(-129, EX_TRANSACTION_FAILED): 'UNKNOWN_TRANSACTION: '
05-14 07:13:05.127  2210  2370 D RenderEngine: [SEC_SF_EFFECTS] drawLayersInternal,1483, Rendering layer ScreenCaptureFillLayer at index 0
05-14 07:13:05.127  2210  2370 D RenderEngine: [SEC_SF_EFFECTS] drawLayersInternal,1483, Rendering layer 3b7d796 SurfaceView[com.defaultcompany.rescuegrid.dev/com.unity3d.player.UnityPlayerGameActivity]@0(BLAST)#25953 at index 1
05-14 07:13:05.128  2210  2370 D RenderEngine: [SEC_SF_EFFECTS] drawLayersInternal,1483, Rendering layer com.defaultcompany.rescuegrid.dev/com.unity3d.player.UnityPlayerGameActivity$_10606#25948 at index 2
05-14 07:13:05.128  2210  2370 D RenderEngine: [SEC_SF_EFFECTS] drawLayersInternal,1483, Rendering layer StatusBar$_4556#113 at index 3
05-14 07:13:05.146  8325  8325 D WM-DelayedWorkTracker: Scheduling work c35c5f8d-9d12-4a71-aa37-a97ebd12bf80
05-14 07:13:05.146  8325  8325 D WM-GreedyScheduler: Starting tracking for c35c5f8d-9d12-4a71-aa37-a97ebd12bf80
05-14 07:13:05.147  8325  8624 D WM-ConstraintTracker: BatteryNotLowTracker: initial state = true
05-14 07:13:05.147  8325  8624 D WM-BrdcstRcvrCnstrntTrc: BatteryNotLowTracker: registering receiver
05-14 07:13:05.149  8325  8624 D WM-GreedyScheduler: Constraints met: Scheduling work ID WorkGenerationalId(workSpecId=c35c5f8d-9d12-4a71-aa37-a97ebd12bf80, generation=0)
05-14 07:13:05.150  8325  8624 D WM-Processor: Processor: processing WorkGenerationalId(workSpecId=c35c5f8d-9d12-4a71-aa37-a97ebd12bf80, generation=0)
05-14 07:13:05.153  8325  8325 D WM-WorkerWrapper: Starting work for com.android.providers.media.photopicker.sync.ProactiveSyncWorker
05-14 07:13:05.155  8325 11143 I PSyncWorker: Starting proactive picker sync from sync source: 1
05-14 07:13:05.155  8325 11143 I PickerSyncTracker: Created new sync future java.util.concurrent.CompletableFuture@153710c[Not completed, 1 dependents]. Future map: {c35c5f8d-9d12-4a71-aa37-a97ebd12bf80=java.util.concurrent.CompletableFuture@153710c[Not completed, 1 dependents]}
05-14 07:13:05.157  8325 11143 D PickerSyncController: syncAllMediaFromProvider() LOCAL, auth=com.android.providers.media.photopicker, retry=true
05-14 07:13:05.157  8325 11143 D PickerSyncController: getSyncRequestParams() LOCAL, auth=com.android.providers.media.photopicker
05-14 07:13:05.170  8325 11143 D PickerSyncController:    Latest ID/Gen=5d3e9361a8bc47d0:external_primary/166727
05-14 07:13:05.170  8325 11143 D PickerSyncController:    Cached ID/Gen=5d3e9361a8bc47d0:external_primary/166718
05-14 07:13:05.170  8325 11143 D PickerSyncController:    RESULT=SyncRequestParams{type=MEDIA_INCREMENTAL, gen=166718, latest=Bundle[{last_media_sync_generation=166727, media_collection_id=5d3e9361a8bc47d0:external_primary}], pageSize=1000}
05-14 07:13:05.171  8325 11143 I PickerSyncController: Executing SyncAdd. isLocal: true. authority: com.android.providers.media.photopicker
05-14 07:13:05.171  8325 11143 D PickerSyncLockManager: Trying to acquire lock com.android.providers.media.photopicker.sync.CloseableReentrantLock@eb1b5ed[Unlocked]. Lock Name = CLOUD_PROVIDER_LOCK. Threads that may be waiting to acquire this lock = [] with timeout.
05-14 07:13:05.171  8325 11143 D CloseableReentrantLock: Successfully acquired lock com.android.providers.media.photopicker.sync.CloseableReentrantLock@eb1b5ed[Locked by thread pool-5-thread-489]. Lock Name = CLOUD_PROVIDER_LOCK. Threads that may be waiting to acquire this lock = []
05-14 07:13:05.171  8325 11143 D CloseableReentrantLock: Successfully released lock com.android.providers.media.photopicker.sync.CloseableReentrantLock@eb1b5ed[Unlocked]. Lock Name = CLOUD_PROVIDER_LOCK. Threads that may be waiting to acquire this lock = []
05-14 07:13:05.171  8325 11143 D ExternalDbFacade: Token received for queryMedia = null
05-14 07:13:05.180 11138 11142 I AdrenoUtils: <ReadGpuID:357>: Reading chip ID through GSL
05-14 07:13:05.181 11138 11138 W qdgralloc: Failed to load libubwcp.so
05-14 07:13:05.184  8325  8816 W MediaProvider: isAppCloneUserPair for user 0: false
05-14 07:13:05.188  3032  5018 D SyncManager: userId - 0 auto - true
05-14 07:13:05.188  4191  4252 I MediaSyncer: generation: Generation(added=166726, modified=166727)
05-14 07:13:05.195  8325 11143 D PickerSyncLockManager: Trying to acquire lock com.android.providers.media.photopicker.sync.CloseableReentrantLock@eb1b5ed[Unlocked]. Lock Name = CLOUD_PROVIDER_LOCK. Threads that may be waiting to acquire this lock = [] with timeout.
05-14 07:13:05.195  8325 11143 D CloseableReentrantLock: Successfully acquired lock com.android.providers.media.photopicker.sync.CloseableReentrantLock@eb1b5ed[Locked by thread pool-5-thread-489]. Lock Name = CLOUD_PROVIDER_LOCK. Threads that may be waiting to acquire this lock = []
05-14 07:13:05.195  8325 11143 D PickerSyncController: Saving next page token: 1778757183000|1000020919 for key: local_provider:media_add:resume
05-14 07:13:05.196  8325 11143 D CloseableReentrantLock: Successfully released lock com.android.providers.media.photopicker.sync.CloseableReentrantLock@eb1b5ed[Unlocked]. Lock Name = CLOUD_PROVIDER_LOCK. Threads that may be waiting to acquire this lock = []
05-14 07:13:05.196  3032  7526 D SyncManager: userId - 0 auto - true
05-14 07:13:05.196  8325 11143 D PickerNotificationSender: Sending a notification for media update
05-14 07:13:05.199  3032  7526 D SyncManager: userId - 0 auto - true
05-14 07:13:05.200  8325 11143 D PickerNotificationSender: Sending a notification for merged album media update Favorites
05-14 07:13:05.200  8325 11143 D PickerNotificationSender: Sending a notification for album media update Favorites
05-14 07:13:05.201  3032  7526 D SyncManager: userId - 0 auto - true
05-14 07:13:05.201  8325 11143 D PickerNotificationSender: Sending a notification for merged album media update Videos
05-14 07:13:05.201  8325 11143 D PickerNotificationSender: Sending a notification for album media update Videos
05-14 07:13:05.201  3032  7526 D SyncManager: userId - 0 auto - true
05-14 07:13:05.201  8325 11143 D ExternalDbFacade: Token received for queryMedia = 1778757183000|1000020919
05-14 07:13:05.206  8325 11143 D PickerSyncLockManager: Trying to acquire lock com.android.providers.media.photopicker.sync.CloseableReentrantLock@eb1b5ed[Unlocked]. Lock Name = CLOUD_PROVIDER_LOCK. Threads that may be waiting to acquire this lock = [] with timeout.
05-14 07:13:05.206  8325 11143 D CloseableReentrantLock: Successfully acquired lock com.android.providers.media.photopicker.sync.CloseableReentrantLock@eb1b5ed[Locked by thread pool-5-thread-489]. Lock Name = CLOUD_PROVIDER_LOCK. Threads that may be waiting to acquire this lock = []
05-14 07:13:05.206  8325 11143 D PickerSyncController: Clearing next page token for key: local_provider:media_add:resume
05-14 07:13:05.206  8325 11143 D CloseableReentrantLock: Successfully released lock com.android.providers.media.photopicker.sync.CloseableReentrantLock@eb1b5ed[Unlocked]. Lock Name = CLOUD_PROVIDER_LOCK. Threads that may be waiting to acquire this lock = []
05-14 07:13:05.206  8325 11143 D PickerNotificationSender: Sending a notification for media update
05-14 07:13:05.207  3032  7526 D SyncManager: userId - 0 auto - true
05-14 07:13:05.207  8325 11143 D PickerNotificationSender: Sending a notification for merged album media update Favorites
05-14 07:13:05.207  8325 11143 D PickerNotificationSender: Sending a notification for album media update Favorites
05-14 07:13:05.207  3032  7526 D SyncManager: userId - 0 auto - true
05-14 07:13:05.207  8325 11143 D PickerNotificationSender: Sending a notification for merged album media update Videos
05-14 07:13:05.207  8325 11143 D PickerNotificationSender: Sending a notification for album media update Videos
