05-14 07:12:56.115 28679 30053 I Moneta::BatchDataCollectingWorkerController: enqueueBatchDataCollectingWorker delay:60423884
05-14 07:12:56.115 28679 30053 I Moneta::RealTimeDataCollectingWorkerController: execute. tag(gallery)
05-14 07:12:56.115 28679 30053 I Moneta::RealTimeDataCollectingWorkerController: enqueueRealTimeDataCollectingWorker delay:10000
05-14 07:12:56.116 28679 30053 I Moneta::CoordinatorImpl: enqueueDataObserverWorker tag(gallery)
05-14 07:12:56.116 28679 30053 I Moneta::RemoteWorker: WorkerEnd DATA_OBSERVER (00:00:00.002), workLog = WorkLog(id=d4eaf0da-0109-4d37-ad2f-2bb96b403d7e-0, workTag=DATA_OBSERVER, startTime=1778757176114, endTime=1778757176116, stopTime=null, state=END, retryCount=0, errorCode=-256, tags=[gallery], executorThreadId=30053)
05-14 07:12:56.122  8322  9877 I WM-WorkerWrapper: Worker result SUCCESS for Work [ id=d4eaf0da-0109-4d37-ad2f-2bb96b403d7e, tags={ DATA_OBSERVER, MONETA_DATA_PLATFORM_COMMON_TAG, com.samsung.android.moneta.datacollector.builtin.dataobserver.BuiltInDataObserver, gallery } ]
05-14 07:12:56.167 20969 21908 I SCS@AiSearch user 0: (BaseCollector::AOSP_MP) fetchInternal values : maxSyncId: 1000020907 indexCount: 12725 sourceCount: 12725
05-14 07:12:56.179 20969 21908 I SCS@AiSearch user 0: (IndexManager) [AOSP_MP-0] entering in addIndex():  
05-14 07:12:56.181 20969 21908 I SCS@AiSearch user 0: (BaseCollector::AOSP_MP) fetch: fetching took  66 ms
05-14 07:12:56.181 20969 21908 I SCS@AiSearch user 0: (BaseCollector::AOSP_MP) fetchChanges: applied 0 items
05-14 07:12:56.181 20969 21908 I SCS@AiSearch user 0: (BaseCollector::AOSP_MP) Collect finished. Result: true
05-14 07:12:56.182 20969 21908 I SCS@AiSearch user 0: (BaseCollector::AOSP_MP) enqueue ObserverWorker name: com.sec.android.app.myfiles, policy: APPEND_OR_REPLACE
05-14 07:12:56.183 20969 21070 I WM-WorkerWrapper: Worker result SUCCESS for Work [ id=448c47d2-c6c1-4893-aa3f-bb6e63ac7bf1, tags={ com.sec.android.app.myfiles, com.samsung.android.scs.ai.search.data.collector.base.ObserverWorker } ]
05-14 07:12:56.192  3032  5018 D PackageManager: setEnabledSetting : userId = 0 packageName = com.samsung.android.scs cmp = androidx.work.impl.background.systemalarm.RescheduleReceiver newState = 1 callingPackage = com.samsung.android.scs
05-14 07:12:56.192  3032  5018 D ApplicationPolicy: getApplicationStateEnabled : pkg = com.samsung.android.scs userId : 0
05-14 07:12:56.192  3032  5018 D ApplicationPolicy: getApplicationComponentState : pkg = com.samsung.android.scs userId : 0
05-14 07:12:56.194 20969 21070 W JobInfo : Requested important-while-foreground flag for job186422 is ignored and takes no effect
05-14 07:12:56.620 28679 10789 I Moneta::BuiltInDataObserverWorkerController: execute. tag(gallery)
05-14 07:12:56.622 28679 10789 I Moneta::BuiltInDataObserverWorkerController: enqueueBuiltInDataObserverWorker tag(gallery) delay:3000
05-14 07:12:56.644  2077  6139 I vendor.qti.bluetooth@1.1-ibs_handler: ProcessIbsCmd: Received IBS_WAKE_IND: 0xFD
05-14 07:12:56.644  2077  6139 D vendor.qti.bluetooth@1.1-ibs_handler: SerialClockVote: vote for UART CLK ON
05-14 07:12:56.644  2077  6139 D vendor.qti.bluetooth@1.1-wake_lock: Acquire wakelock is acquired 
05-14 07:12:56.644  2077  6139 I vendor.qti.bluetooth@1.1-ibs_handler: ProcessIbsCmd: Writing IBS_WAKE_ACK
05-14 07:12:56.654  4784  6167 I ScanController: onScanResult to scannerId: 5- eventType=0x10, addressType=0, address=XX:XX:XX:XX:97:3F, primaryPhy=1, secondaryPhy=0, advertisingSid=0xff, txPower=127, rssi=-82, periodicAdvInt=0x0
05-14 07:12:56.657  3032  3977 D ActivityManager: freezing 21664 com.skms.android.agent:remote
05-14 07:12:56.659 16128 16448 I [-0400]oneconnect[1.8.45.24_01][CORE]: DataConvert.parseBleVd - deviceBle : |name:|deviceType:TV|discoverType:_BLE|services:None|connected:false[TvStatusString]POWER_OFF[TvStatus]-128[TvService]102[TvMirrorChannel]1[TvRegisteredDB][-8, 104, -49, -60, -127, 65][TvYear]2016[TvOcfInfo]0[TvAcmStatus]0[ExTvStatus]0[ExtendedStatus]-1[ModuloSn]-1
05-14 07:12:56.692  2077  6139 I vendor.qti.bluetooth@1.1-ibs_handler: ProcessIbsCmd: Received IBS_SLEEP_IND: 0xFE
05-14 07:12:56.692  2077  6139 D vendor.qti.bluetooth@1.1-ibs_handler: SerialClockVote: vote for UART CLK OFF
05-14 07:12:56.755  2087  8142 I sensors-hal: handle_sns_client_event:190, auto_rotation_debug_2 mode,255, type,1,0 acc,0.134,0.086,9.858, ar,0, ver,14, pedo,1,e,1,i,3
05-14 07:12:56.842  2077  5340 D vendor.qti.bluetooth@1.1-wake_lock: Release wakelock is released 
05-14 07:12:56.859  2203  2211 E HeatmapThread: ECT Thread time in milliseconds: 1778757176
05-14 07:12:56.862  2203  2211 D HeatmapThread: !@ batteryplugType : 2
05-14 07:12:56.862  2203  2211 D HeatmapThread: !@ batteryLevel : 49  batteryTemperature : 299 
05-14 07:12:56.862  2203  2211 D HeatmapThread: !@ Heatmap currtime: 29645952
05-14 07:12:56.862  2203  2211 D HeatmapThread: !@ Heatmap prevtime: 29645923
05-14 07:12:56.862  2203  2211 D HeatmapThread: !@ Heatmap plugstarttime: 29645897
05-14 07:12:56.863  2203  2211 D HeatmapThread: !@ Heatmap prevv_dsoh_update_time: 29643986
05-14 07:12:56.863  2203  2211 E HeatmapThread: !@ CAM New BSOH: 100
05-14 07:12:56.961 16360 16604 I TapTracker: 1.3) Sensor update info : 05/14_07:12:56, 0.144 , 0.077, 9.863
05-14 07:12:57.069  8325  8325 D WM-DelayedWorkTracker: Scheduling work 68b36982-9373-4c2c-80c9-77292348a333
05-14 07:12:57.071  8325  8325 D WM-GreedyScheduler: Starting tracking for 68b36982-9373-4c2c-80c9-77292348a333
05-14 07:12:57.073  8325  8702 D WM-ConstraintTracker: BatteryNotLowTracker: initial state = true
05-14 07:12:57.073  8325  8702 D WM-BrdcstRcvrCnstrntTrc: BatteryNotLowTracker: registering receiver
05-14 07:12:57.075  8325  8624 D WM-GreedyScheduler: Constraints met: Scheduling work ID WorkGenerationalId(workSpecId=68b36982-9373-4c2c-80c9-77292348a333, generation=0)
05-14 07:12:57.079  8325  8624 D WM-Processor: Processor: processing WorkGenerationalId(workSpecId=68b36982-9373-4c2c-80c9-77292348a333, generation=0)
05-14 07:12:57.082  2087 10648 I sensors-hal: handle_sns_std_sensor_event:409, [SSC_LIGHT] P: 45(45),c:4,b:78,m:13,cl:0,l:45,s:35,l0:8416,l1:32,s0:6500,s1:0,acl:1,opr:0.31,f(r):74,u(bl):100,if:0,wi:2,si:0,po:172(N:0)
05-14 07:12:57.085  8325  8325 D WM-WorkerWrapper: Starting work for com.android.providers.media.photopicker.sync.ProactiveSyncWorker
05-14 07:12:57.087  8325 11068 I PSyncWorker: Starting proactive picker sync from sync source: 1
05-14 07:12:57.087  8325 11068 I PickerSyncTracker: Created new sync future java.util.concurrent.CompletableFuture@4eb0526[Not completed, 1 dependents]. Future map: {68b36982-9373-4c2c-80c9-77292348a333=java.util.concurrent.CompletableFuture@4eb0526[Not completed, 1 dependents]}
05-14 07:12:57.088  8325 11068 D PickerSyncController: syncAllMediaFromProvider() LOCAL, auth=com.android.providers.media.photopicker, retry=true
05-14 07:12:57.088  8325 11068 D PickerSyncController: getSyncRequestParams() LOCAL, auth=com.android.providers.media.photopicker
05-14 07:12:57.116  8325 11068 D PickerSyncController:    Latest ID/Gen=5d3e9361a8bc47d0:external_primary/166700
05-14 07:12:57.116  8325 11068 D PickerSyncController:    Cached ID/Gen=5d3e9361a8bc47d0:external_primary/166691
05-14 07:12:57.116  8325 11068 D PickerSyncController:    RESULT=SyncRequestParams{type=MEDIA_INCREMENTAL, gen=166691, latest=Bundle[{last_media_sync_generation=166700, media_collection_id=5d3e9361a8bc47d0:external_primary}], pageSize=1000}
05-14 07:12:57.117  8325 11068 I PickerSyncController: Executing SyncAdd. isLocal: true. authority: com.android.providers.media.photopicker
05-14 07:12:57.117  8325 11068 D PickerSyncLockManager: Trying to acquire lock com.android.providers.media.photopicker.sync.CloseableReentrantLock@eb1b5ed[Unlocked]. Lock Name = CLOUD_PROVIDER_LOCK. Threads that may be waiting to acquire this lock = [] with timeout.
05-14 07:12:57.117  8325 11068 D CloseableReentrantLock: Successfully acquired lock com.android.providers.media.photopicker.sync.CloseableReentrantLock@eb1b5ed[Locked by thread pool-5-thread-483]. Lock Name = CLOUD_PROVIDER_LOCK. Threads that may be waiting to acquire this lock = []
05-14 07:12:57.117  8325 11068 D CloseableReentrantLock: Successfully released lock com.android.providers.media.photopicker.sync.CloseableReentrantLock@eb1b5ed[Unlocked]. Lock Name = CLOUD_PROVIDER_LOCK. Threads that may be waiting to acquire this lock = []
05-14 07:12:57.118  8325 11068 D ExternalDbFacade: Token received for queryMedia = null
05-14 07:12:57.139  8325 11068 D PickerSyncLockManager: Trying to acquire lock com.android.providers.media.photopicker.sync.CloseableReentrantLock@eb1b5ed[Unlocked]. Lock Name = CLOUD_PROVIDER_LOCK. Threads that may be waiting to acquire this lock = [] with timeout.
05-14 07:12:57.139  8325 11068 D CloseableReentrantLock: Successfully acquired lock com.android.providers.media.photopicker.sync.CloseableReentrantLock@eb1b5ed[Locked by thread pool-5-thread-483]. Lock Name = CLOUD_PROVIDER_LOCK. Threads that may be waiting to acquire this lock = []
05-14 07:12:57.139  8325 11068 D PickerSyncController: Saving next page token: 1778757175000|1000020916 for key: local_provider:media_add:resume
05-14 07:12:57.139  8325 11068 D CloseableReentrantLock: Successfully released lock com.android.providers.media.photopicker.sync.CloseableReentrantLock@eb1b5ed[Unlocked]. Lock Name = CLOUD_PROVIDER_LOCK. Threads that may be waiting to acquire this lock = []
05-14 07:12:57.141  3032  3829 D SyncManager: userId - 0 auto - true
05-14 07:12:57.141  8325 11068 D PickerNotificationSender: Sending a notification for media update
05-14 07:12:57.142  3032  3829 D SyncManager: userId - 0 auto - true
05-14 07:12:57.143  8325 11068 D PickerNotificationSender: Sending a notification for merged album media update Favorites
05-14 07:12:57.143  8325 11068 D PickerNotificationSender: Sending a notification for album media update Favorites
05-14 07:12:57.143  3032  3829 D SyncManager: userId - 0 auto - true
05-14 07:12:57.144  8325 11068 D PickerNotificationSender: Sending a notification for merged album media update Videos
05-14 07:12:57.145  8325 11068 D PickerNotificationSender: Sending a notification for album media update Videos
05-14 07:12:57.146  3032  3829 D SyncManager: userId - 0 auto - true
05-14 07:12:57.147  8325 11068 D ExternalDbFacade: Token received for queryMedia = 1778757175000|1000020916
05-14 07:12:57.167  8325 11068 D PickerSyncLockManager: Trying to acquire lock com.android.providers.media.photopicker.sync.CloseableReentrantLock@eb1b5ed[Unlocked]. Lock Name = CLOUD_PROVIDER_LOCK. Threads that may be waiting to acquire this lock = [] with timeout.
05-14 07:12:57.167  8325 11068 D CloseableReentrantLock: Successfully acquired lock com.android.providers.media.photopicker.sync.CloseableReentrantLock@eb1b5ed[Locked by thread pool-5-thread-483]. Lock Name = CLOUD_PROVIDER_LOCK. Threads that may be waiting to acquire this lock = []
05-14 07:12:57.167  8325 11068 D PickerSyncController: Clearing next page token for key: local_provider:media_add:resume
05-14 07:12:57.167  8325 11068 D CloseableReentrantLock: Successfully released lock com.android.providers.media.photopicker.sync.CloseableReentrantLock@eb1b5ed[Unlocked]. Lock Name = CLOUD_PROVIDER_LOCK. Threads that may be waiting to acquire this lock = []
05-14 07:12:57.167  8325 11068 D PickerNotificationSender: Sending a notification for media update
05-14 07:12:57.169  3032  3829 D SyncManager: userId - 0 auto - true
05-14 07:12:57.169  8325 11068 D PickerNotificationSender: Sending a notification for merged album media update Favorites
05-14 07:12:57.169  8325 11068 D PickerNotificationSender: Sending a notification for album media update Favorites
05-14 07:12:57.170  3032  3829 D SyncManager: userId - 0 auto - true
05-14 07:12:57.171  8325 11068 D PickerNotificationSender: Sending a notification for merged album media update Videos
05-14 07:12:57.171  8325 11068 D PickerNotificationSender: Sending a notification for album media update Videos
05-14 07:12:57.171  3032  3829 D SyncManager: userId - 0 auto - true
05-14 07:12:57.172  8325 11068 I PickerSyncController: Paged sync successful. QueryArgs: Bundle[{android.provider.extra.PAGE_TOKEN=1778757175000|1000020916, android.provider.extra.SYNC_GENERATION=166691, android.provider.extra.PAGE_SIZE=1000}] Total Rows: 1
05-14 07:12:57.173  8325 11068 I PickerSyncController: Executing SyncRemove. isLocal: true. authority: com.android.providers.media.photopicker
05-14 07:12:57.173  8325 11068 D PickerSyncLockManager: Trying to acquire lock com.android.providers.media.photopicker.sync.CloseableReentrantLock@eb1b5ed[Unlocked]. Lock Name = CLOUD_PROVIDER_LOCK. Threads that may be waiting to acquire this lock = [] with timeout.
05-14 07:12:57.173  8325 11068 D CloseableReentrantLock: Successfully acquired lock com.android.providers.media.photopicker.sync.CloseableReentrantLock@eb1b5ed[Locked by thread pool-5-thread-483]. Lock Name = CLOUD_PROVIDER_LOCK. Threads that may be waiting to acquire this lock = []
05-14 07:12:57.173  8325 11068 D CloseableReentrantLock: Successfully released lock com.android.providers.media.photopicker.sync.CloseableReentrantLock@eb1b5ed[Unlocked]. Lock Name = CLOUD_PROVIDER_LOCK. Threads that may be waiting to acquire this lock = []
05-14 07:12:57.175  8325 11068 D PickerSyncLockManager: Trying to acquire lock com.android.providers.media.photopicker.sync.CloseableReentrantLock@eb1b5ed[Unlocked]. Lock Name = CLOUD_PROVIDER_LOCK. Threads that may be waiting to acquire this lock = [] with timeout.
05-14 07:12:57.176  8325 11068 D CloseableReentrantLock: Successfully acquired lock com.android.providers.media.photopicker.sync.CloseableReentrantLock@eb1b5ed[Locked by thread pool-5-thread-483]. Lock Name = CLOUD_PROVIDER_LOCK. Threads that may be waiting to acquire this lock = []
05-14 07:12:57.176  8325 11068 D PickerSyncController: Clearing next page token for key: local_provider:media_remove:resume
05-14 07:12:57.176  8325 11068 D CloseableReentrantLock: Successfully released lock com.android.providers.media.photopicker.sync.CloseableReentrantLock@eb1b5ed[Unlocked]. Lock Name = CLOUD_PROVIDER_LOCK. Threads that may be waiting to acquire this lock = []
05-14 07:12:57.176  8325 11068 D PickerNotificationSender: Sending a notification for media update
05-14 07:12:57.177  3032  3829 D SyncManager: userId - 0 auto - true
05-14 07:12:57.178  8325 11068 D PickerNotificationSender: Sending a notification for merged album media update Favorites
05-14 07:12:57.178  8325 11068 D PickerNotificationSender: Sending a notification for album media update Favorites
05-14 07:12:57.179  3032  3829 D SyncManager: userId - 0 auto - true
05-14 07:12:57.179  8325 11068 D PickerNotificationSender: Sending a notification for merged album media update Videos
05-14 07:12:57.179  8325 11068 D PickerNotificationSender: Sending a notification for album media update Videos
05-14 07:12:57.180  3032  3829 D SyncManager: userId - 0 auto - true
05-14 07:12:57.181  8325 11068 I PickerSyncController: Paged sync successful. QueryArgs: Bundle[{android.provider.extra.PAGE_TOKEN=1778757175000|1000020916, android.provider.extra.SYNC_GENERATION=166691, android.provider.extra.PAGE_SIZE=1000}] Total Rows: 0
05-14 07:12:57.182  8325 11068 I PickerSyncTracker: Marked sync future complete for work id: 68b36982-9373-4c2c-80c9-77292348a333. Future map: {}
05-14 07:12:57.182  8325 11068 I PSyncWorker: Completed picker proactive sync complete from local provider.
05-14 07:12:57.185  8325  8709 I WM-WorkerWrapper: Worker result SUCCESS for Work [ id=68b36982-9373-4c2c-80c9-77292348a333, tags={ com.android.providers.media.photopicker.sync.ProactiveSyncWorker } ]
05-14 07:12:57.187  8325  8325 D WM-Processor: Processor 68b36982-9373-4c2c-80c9-77292348a333 executed; reschedule = false
05-14 07:12:57.188  8325  8325 D WM-GreedyScheduler: Stopping tracking for WorkGenerationalId(workSpecId=68b36982-9373-4c2c-80c9-77292348a333, generation=0)
05-14 07:12:57.192  8325  8709 D WM-GreedyScheduler: Cancelling work ID 68b36982-9373-4c2c-80c9-77292348a333
05-14 07:12:57.193  8325  8709 D WM-GreedyScheduler: Ignoring {WorkSpec: 8b0e26a1-da17-4a7d-8943-fa37401907bb}. Requires device idle.
05-14 07:12:57.193  8325  8709 D WM-GreedyScheduler: Ignoring {WorkSpec: 851dc692-8528-4451-a03e-188ed97a5b4d}. Requires device idle.
05-14 07:12:57.194  8325  8709 D WM-GreedyScheduler: Ignoring {WorkSpec: 00b34183-214c-4ec2-a349-e19f9227b254}. Requires device idle.
05-14 07:12:57.194  8325  8709 D WM-BrdcstRcvrCnstrntTrc: BatteryNotLowTracker: unregistering receiver
05-14 07:12:57.249 21216 21216 I wpa_supplicant: Heartbeat 24413
05-14 07:12:57.403  1321  1321 D io_stats: !@   8,0 r 21688159 472520232 w 8243908 185551712 d 1155250 276506776 f 267528 899838 iot 4977500 0 th 0 0 0 pt 0 inp 0 0 175666.090
05-14 07:12:57.491 11069 11069 W screencap: Thread Pool max thread count is 0. Cannot cache binder as linkToDeath cannot be implemented. serviceName: SurfaceFlingerAIDL
05-14 07:12:57.491 11069 11069 W BpBinder: Linking to death on android.gui.ISurfaceComposer but there are no threads (yet?) listening to incoming transactions. See ProcessState::startThreadPool and ProcessState::setThreadPoolMaxThreadCount. Generally you should setup the binder threadpool before other initialization steps.
05-14 07:12:57.492 11069 11069 W screencap: Thread Pool max thread count is 0. Cannot cache binder as linkToDeath cannot be implemented. serviceName: edmnativehelper
05-14 07:12:57.492  3032  3829 I EDMNativeHelperService: isScreenCaptureEnabled
05-14 07:12:57.492  3032  3829 D RestrictionPolicy: isScreenCaptureEnabled : ret=true userId=0
05-14 07:12:57.492 11069 11069 W ProcessState: Extra binder thread started, but 0 threads requested. Do not use *startThreadPool when zero threads are requested.
05-14 07:12:57.492 11069 11069 I SurfaceComposerClient: captureDisplay:Display-4630946315032985731
05-14 07:12:57.496  2210  2344 I SurfaceFlinger: Capture layer list: 	 Background for 3b7d796 SurfaceView[com.defaultcompany.rescuegrid.dev/com.unity3d.player.UnityPlayerGameActivity]@0#25954(seamlessTransition:0)
05-14 07:12:57.496  2210  2344 I SurfaceFlinger: Capture layer list: 	 3b7d796 SurfaceView[com.defaultcompany.rescuegrid.dev/com.unity3d.player.UnityPlayerGameActivity]@0(BLAST)#25953(seamlessTransition:0)
05-14 07:12:57.496  2210  2344 I SurfaceFlinger: Capture layer list: 	 com.defaultcompany.rescuegrid.dev/com.unity3d.player.UnityPlayerGameActivity$_10606#25948(seamlessTransition:0)
05-14 07:12:57.496  2210  2344 I SurfaceFlinger: Capture layer list: 	 StatusBar$_4556#113(seamlessTransition:0)
05-14 07:12:57.496  2210  2344 I CompositionEngine: [setDisplaySize] size=(1080, 2340)
05-14 07:12:57.499  2210  2344 E HwcComposer: getLuts failed Status(-129, EX_TRANSACTION_FAILED): 'UNKNOWN_TRANSACTION: '
05-14 07:12:57.499  2210  2210 D TransactionCallbackInvoker: addCallbackHandle:3b7d796 SurfaceView[com.defaultcompany.rescuegrid.dev/com.unity3d.player.UnityPlayerGameActivity]@0(BLAST)#25953 is not released yet
05-14 07:12:57.499  2210  2370 D RenderEngine: [SEC_SF_EFFECTS] drawLayersInternal,1483, Rendering layer ScreenCaptureFillLayer at index 0
05-14 07:12:57.499  2210  2370 D RenderEngine: [SEC_SF_EFFECTS] drawLayersInternal,1483, Rendering layer 3b7d796 SurfaceView[com.defaultcompany.rescuegrid.dev/com.unity3d.player.UnityPlayerGameActivity]@0(BLAST)#25953 at index 1
05-14 07:12:57.500  2210  2370 D RenderEngine: [SEC_SF_EFFECTS] drawLayersInternal,1483, Rendering layer com.defaultcompany.rescuegrid.dev/com.unity3d.player.UnityPlayerGameActivity$_10606#25948 at index 2
05-14 07:12:57.500  2210  2370 D RenderEngine: [SEC_SF_EFFECTS] drawLayersInternal,1483, Rendering layer StatusBar$_4556#113 at index 3
05-14 07:12:57.558 11069 11071 I AdrenoUtils: <ReadGpuID:357>: Reading chip ID through GSL
05-14 07:12:57.559 11069 11069 W qdgralloc: Failed to load libubwcp.so
05-14 07:12:57.562  8325  8813 W MediaProvider: isAppCloneUserPair for user 0: false
05-14 07:12:57.573  3032  3829 D SyncManager: userId - 0 auto - true
05-14 07:12:57.574  4191  4252 I MediaSyncer: generation: Generation(added=166699, modified=166700)
05-14 07:12:57.594  4191  4252 I MediaSyncer: loaded: 20ms, Success(maxMediaId=0, maxGenAdded=-9223372036854775808, maxGenModified=166708, count=0)
05-14 07:12:57.622  2087 10666 I sensors-hal: handle_sns_client_event:422, [0][2532] gyro_sample_cal(cal_available:1)(3) [ 0.000,-0.000, 0.000] bias[ 0.003,-0.003, 0.002] 486014013523864
05-14 07:12:57.779 10818 10855 I BaseThreadPoolExecutor: [#CMH#] Task com.samsung.cmh.core.task.MediaContentSyncTask@d772d72 is submitted
05-14 07:12:57.821 10818 10941 I MediaContentSyncTask: [#CMH#] No of Row (SEC MP :  1912, Max Id : 2147488693) (CMH : 1912, Max Id : 2147488693) - Time :12
05-14 07:12:57.858 10818 10941 I MediaContentSyncTask: [#CMH#] MP time stamp :  1778757175589, CMH time stamp : 1778757175589
05-14 07:12:57.858 10818 10941 I MediaContentSyncTask: [#CMH#] Update ITEM :  0
05-14 07:12:57.859  2203  2211 E HeatmapThread: ECT Thread time in milliseconds: 1778757177
05-14 07:12:57.862  2203  2211 D HeatmapThread: !@ batteryplugType : 2
05-14 07:12:57.862  2203  2211 D HeatmapThread: !@ batteryLevel : 49  batteryTemperature : 299 
05-14 07:12:57.862  2203  2211 D HeatmapThread: !@ Heatmap currtime: 29645952
05-14 07:12:57.862  2203  2211 D HeatmapThread: !@ Heatmap prevtime: 29645923
05-14 07:12:57.862  2203  2211 D HeatmapThread: !@ Heatmap plugstarttime: 29645897
05-14 07:12:57.862  2203  2211 D HeatmapThread: !@ Heatmap prevv_dsoh_update_time: 29643986
05-14 07:12:57.862  2203  2211 E HeatmapThread: !@ CAM New BSOH: 100
05-14 07:12:57.866  8430  9501 I SDHMS:x : SIOP:: AP:370 BAT:299 USB:283 CHG:376 PA:366 WIFI:338 CF:317 BLK:0 SUBBAT:0 LRPTHM:314 SKIN:330 SKINF:315 SKINB:330 LRP2:330 LRF2:315 LRB2:330 AP2:330 CHG2:324 WIFI2:330 RCV2:304 SPK2:282 FCAM:283 UPSPK:312 DNSPK:283 VAP02:361 VWIFI:323 AMB2:239 AVGCUR:-332 AVGSYS:769 POWER:-1276
05-14 07:12:57.867 10818 10941 I BaseThreadPoolExecutor: [#CMH#] afterExecute FutureTask
05-14 07:12:57.868 10818 10941 I ControllerEventHandler: [#CMH#] Alive Privacy Ignored Policy Called:  false
05-14 07:12:57.906  2087 10657 I sensors-hal: handle_sns_client_event:375, [0][25456] accel_sample [ 0.139,  0.096,  9.882] 486014307340271
05-14 07:12:57.985  3032  4437 V SemStrongRssiRoaming: POLL (Rssi:-59 MinRssi:-49 Guard:0)
05-14 07:12:58.066  3032  5109 E BatteryStatsService: Invalid uid for waking network packet: -1
05-14 07:12:58.095 20969 20969 I SCS@AiSearch user 0: (ObserverWorker::AOSP_MP) [main] entering in startWork triggered by [content://media/external/file/1000020917]():  
05-14 07:12:58.095 20969 20969 I SCS@AiSearch user 0: (BaseCollector::AOSP_MP) [main] entering in onChange():  
05-14 07:12:58.096 20969 21908 I SCS@AiSearch user 0: (BaseCollector::AOSP_MP) [AOSP_MP-0] entering in collectChanges():  
05-14 07:12:58.099  3032  5109 D PackageManager: setEnabledSetting : userId = 0 packageName = com.samsung.android.scs cmp = androidx.work.impl.background.systemalarm.RescheduleReceiver newState = 1 callingPackage = com.samsung.android.scs
05-14 07:12:58.099  3032  5109 D ApplicationPolicy: getApplicationStateEnabled : pkg = com.samsung.android.scs userId : 0
05-14 07:12:58.099  3032  5109 D ApplicationPolicy: getApplicationComponentState : pkg = com.samsung.android.scs userId : 0
05-14 07:12:58.191 20969 21908 I SCS@AiSearch user 0: (BaseCollector::AOSP_MP) fetchInternal values : maxSyncId: 1000020907 indexCount: 12725 sourceCount: 12725
05-14 07:12:58.219 20969 21908 I SCS@AiSearch user 0: (IndexManager) [AOSP_MP-0] entering in addIndex():  
05-14 07:12:58.221 20969 21908 I SCS@AiSearch user 0: (BaseCollector::AOSP_MP) fetch: fetching took  81 ms
05-14 07:12:58.221 20969 21908 I SCS@AiSearch user 0: (BaseCollector::AOSP_MP) fetchChanges: applied 0 items
05-14 07:12:58.221 20969 21908 I SCS@AiSearch user 0: (BaseCollector::AOSP_MP) Collect finished. Result: true
05-14 07:12:58.222 20969 21908 I SCS@AiSearch user 0: (BaseCollector::AOSP_MP) enqueue ObserverWorker name: com.sec.android.app.myfiles, policy: APPEND_OR_REPLACE
05-14 07:12:58.222 20969 21058 I WM-WorkerWrapper: Worker result SUCCESS for Work [ id=becb72f9-69de-42ac-89a5-c0b07d5c0ebe, tags={ com.sec.android.app.myfiles, com.samsung.android.scs.ai.search.data.collector.base.ObserverWorker } ]
05-14 07:12:58.230  3032  3829 D PackageManager: setEnabledSetting : userId = 0 packageName = com.samsung.android.scs cmp = androidx.work.impl.background.systemalarm.RescheduleReceiver newState = 1 callingPackage = com.samsung.android.scs
05-14 07:12:58.230  3032  3829 D ApplicationPolicy: getApplicationStateEnabled : pkg = com.samsung.android.scs userId : 0
05-14 07:12:58.231  3032  3829 D ApplicationPolicy: getApplicationComponentState : pkg = com.samsung.android.scs userId : 0
05-14 07:12:58.234 20969 21058 W JobInfo : Requested important-while-foreground flag for job186424 is ignored and takes no effect
05-14 07:12:58.293  2144  2176 E BatteryDump: !@new_battery_dump : 3750,-122,375,550,49,300,283,377,300,0,326,377,0,Charging,NO_CHARGING,Normal,Good,USB,1,Normal,0,0,9281,0x8000,0x10010000,0x0,0,0,0000,0000,00000000,0,0,0,0,559,3850,4899,990,0,
05-14 07:12:58.298  3032  3829 D BatteryService: [processValuesLocked]batteryLevel:49 ,LastbatteryLevel:49 ,mPlugType:2 ,batteryStatus:2
05-14 07:12:58.298  3032  3829 D BatteryService: [countBatteryChangedConditions]mBatteryChangedConditionCounts:[59, 5, 1, 570, 58, 273, 340, 0, 0, 63, 56, 0, 4, 0, 0, 42, 166, 58, 0, 0, 0, 19]
05-14 07:12:58.298  3032  3829 D BatteryService: Sending ACTION_BATTERY_CHANGED: level:49, status:2, health:2, remain:23859, ac:false, usb:true, wireless:false, pogo:false, misc:0x10010000, charge_type:2, charger_type:0, voltage:3750, temperature:300, online:4, charging_status:0, cycle_count:0, current_avg:-323, ps:false, hvc:false, current_event:0x8000, mcc:0, mcv:0, cc:2438878, present:true, scale:100, technology:Li-ion, protection:0
05-14 07:12:58.299  3032  3829 D [SS]BattUtils: [readNode]path:/efs/FactoryApp/bsoh ,value:100.00
05-14 07:12:58.303  2169  2169 I seh_thermal_service: getTemperaturesWithType SehTemperatureType: 3
05-14 07:12:58.303  2144  2144 I sehhealth-service: updateLrpSysfs: write: 330
05-14 07:12:58.304  4556  4556 I AODBatteryManager: updateBatteryData: ACTION_BATTERY_CHANGED: true, isSleepModeChanged:false ,isRemainingTimeChanged: false, isUSBRestriction: false
05-14 07:12:58.304  4556  4556 I AODBatteryManager: saveBatteryData : AOD BatteryData [mBatteryLevel=49, mBatteryStatus=CHARGING, mBatteryPlugType=USB, mBatteryPlugged=true, mRemainingChargeTime=23859000, mBatteryChargingType=8, mBatteryChargerType=NORMAL, mBatteryOnline=USB, mBatterySwellingMode=NONE, mBatteryProtectMode=false, mBatteryProtectModeType=0, mSleepChargingEvent=null, mSleepChargingEventFinishTime=null, mBatteryHealth=2, mIsDirectPowerMode=false, mIsUsbRestriction=false]
05-14 07:12:58.304  4556  4556 I PowerUI : mBootCompleted = true |  mFullyConnected = true
05-14 07:12:58.304  4556  4556 I PowerUI : BATTERY_HEALTH_CHECK / batteryHealth : 2 / wirelessOverheat : false
05-14 07:12:58.304  4556  4556 D PowerUI : Skip charging animation - by Plug reason
05-14 07:12:58.304  4556  4556 D PowerUI : Skip charging sound & vibrate - by Plug reason
05-14 07:12:58.304  4556  4556 D PowerUI : oldMisalign : false, curMisalign : false
05-14 07:12:58.305  4556  7472 D PowerUI.Notification: updateNotification mWarning = false mPlaySound = false
05-14 07:12:58.306  3032  4468 I DeviceBatteryInfoService: action: android.intent.action.BATTERY_CHANGED
05-14 07:12:58.306  3032  4468 I DeviceBatteryInfoService: phone battery level: 49
05-14 07:12:58.306  3032  4468 I DeviceBatteryInfoService: phone battery status: 2
05-14 07:12:58.307  3032  3032 D AdaptiveBrightnessLongtermModelBuilder[0]: Received android.intent.action.BATTERY_CHANGED
05-14 07:12:58.310  3032  4299 D MotionRecognitionService: [SAR]  onReceive : ACTION_BATTERY_CHANGED, Plugged: 2
05-14 07:12:58.311  4556  4556 D PowerUI.Notification: showChargingNotice - There is no change charging status, so return!
05-14 07:12:58.312  4536  4536 D SemBigDataInfoController: Intent: android.intent.action.BATTERY_CHANGED
05-14 07:12:58.312  4536  4536 D SemBigDataInfoController: Intent: android.intent.action.BATTERY_CHANGED
05-14 07:12:58.312  3032  3829 D KNOX_MDM_SettingsProvider: isChangeAllowed() : name = ltc_highsoc_exceed_time
05-14 07:12:58.312  3032  3829 D KNOX_MDM_SettingsProvider: edmUri: content://com.sec.knox.provider/RestrictionPolicy3
05-14 07:12:58.312  3032  3829 D KNOX_MDM_SettingsProvider: projectionArgs: isSettingsChangesAllowed
05-14 07:12:58.313  3032  3829 D KNOX_MDM_SettingsProvider: selectionArgs: false
05-14 07:12:58.313  3032  3829 D KNOX_MDM_SettingsProvider: selectionArgs: 10051
05-14 07:12:58.314  3032  3829 D SecContentProvider: query(), uri = 17 selection = isSettingsChangesAllowed
05-14 07:12:58.314  3032  3829 D SecContentProvider: called from android.uid.systemui:10051
05-14 07:12:58.314  3032  3829 D RestrictionPolicy: isSettingsChangesAllowedAsUser, userId 0 : true
05-14 07:12:58.314  3032  3829 D KNOX_MDM_SettingsProvider: ret = 1
05-14 07:12:58.318  4556  4556 D KeyguardUpdateMonitor: handleBatteryUpdate
05-14 07:12:58.322  4556  4556 D SamsungBatteryMeterDrawable: onBatteryLevelChanged isSomethingChanged: false
05-14 07:12:58.323  4556  4556 D SamsungBatteryMeterDrawable: onBatteryLevelChanged isSomethingChanged: false
05-14 07:12:58.323  4556  4556 D SamsungBatteryMeterDrawable: onBatteryLevelChanged isSomethingChanged: false
05-14 07:12:58.323  4556  4556 D SamsungBatteryMeterDrawable: onBatteryLevelChanged isSomethingChanged: false
05-14 07:12:58.330  4556  4556 W View    : requestLayout() improperly called by com.android.systemui.qs.SecQSGradationDrawableView{43731dc V.E...... ......ID 0,0-1080,332 #7f0a0a16 app:id/qs_gradation_view} during layout: running second layout pass
05-14 07:12:58.330  4556  4556 W View    : requestLayout() improperly called by android.widget.FrameLayout{8d972e5 V.E...... ......I. 0,0-1080,2340 #2} during layout: running second layout pass
05-14 07:12:58.330  4556  4556 W View    : requestLayout() improperly called by android.widget.FrameLayout{7b5e1ba V.E...... ......ID 0,91-1080,2214 #7f0a0a14 app:id/qs_frame} during layout: running second layout pass
05-14 07:12:58.330  4556  4556 W RefactorFlag: New code path expects SceneContainerFlag to be enabled.
05-14 07:12:58.341  3032  6735 D SemWifiUsabilityStatsMonitor: onWifiUsabilityStats - seqNum 21817, isSameBssidAndFreq true
05-14 07:12:58.343  3032  4418 D InsDataManager: onOutageCountUpdate() - Outage Data: 0, LQ : Y. Outage Triggered: false
05-14 07:12:58.343  3032  4418 D SemInsManager: {"bssid": "683a95c52437","rssi": -58.0,"latency": 0.0,"outage_count": 0,"lq_callback_triggered": true,"outage_log": "Unreliable statistics: -58.0 / 12 / 371 / 114 / 1 || 683a95c52437: 0.000 / 0.000 / @ || N N / 0 0 / Y 2.0 / Y X 0 / 175667030 0 || Invalid""Magnetic Sensor Events size": "0""Pressure Sensor Events size": "0"}
05-14 07:12:58.403  3032  4415 I SemWifiServiceDetector: Service det. suspended: T / T / 10935
05-14 07:12:58.516  3032  3829 I ActivityManager: Broadcasting: Intent { act=android.intent.action.MEDIA_SCANNER_SCAN_FILE dat=file:///... flg=0x400000 }
05-14 07:12:58.518  3032  3829 I ActivityManager: Enqueued broadcast Intent { act=android.intent.action.MEDIA_SCANNER_SCAN_FILE dat=file:///... flg=0x400000 }: 0
05-14 07:12:58.520  8325  8325 I MediaServiceV2: Creating work for intent Intent { act=android.intent.action.MEDIA_SCANNER_SCAN_FILE dat=file:///... flg=0x1400010 cmp=com.google.android.providers.media.module/com.android.providers.media.MediaServiceV2 }
05-14 07:12:58.522  8325  8325 I MediaServiceV2: Work enqueued for intent: Intent { act=android.intent.action.MEDIA_SCANNER_SCAN_FILE dat=file:///... flg=0x1400010 cmp=com.google.android.providers.media.module/com.android.providers.media.MediaServiceV2 }
05-14 07:12:58.524  3032  3229 I ActivityManager: Broadcast completed: result=0
05-14 07:12:58.534  8325  8711 W JobInfo : Requested important-while-foreground flag for job6985 is ignored and takes no effect
05-14 07:12:58.535  8325  8711 D WM-SystemJobScheduler: Scheduling work ID 42ea0857-5067-457c-836d-d6519d953b11Job ID 6985
05-14 07:12:58.539  8325  8711 D WM-GreedyScheduler: Ignoring {WorkSpec: 8b0e26a1-da17-4a7d-8943-fa37401907bb}. Requires device idle.
05-14 07:12:58.539  8325  8711 D WM-GreedyScheduler: Ignoring {WorkSpec: 851dc692-8528-4451-a03e-188ed97a5b4d}. Requires device idle.
05-14 07:12:58.539  8325  8711 D WM-GreedyScheduler: Ignoring {WorkSpec: 00b34183-214c-4ec2-a349-e19f9227b254}. Requires device idle.
05-14 07:12:58.539  8325  8711 D WM-GreedyScheduler: Starting work for 42ea0857-5067-457c-836d-d6519d953b11
05-14 07:12:58.539  8325  8711 D WM-Processor: Processor: processing WorkGenerationalId(workSpecId=42ea0857-5067-457c-836d-d6519d953b11, generation=0)
05-14 07:12:58.541  8325  8325 D WM-WorkerWrapper: Starting work for com.android.providers.media.MediaServiceV2
05-14 07:12:58.541  8325 11079 I MediaServiceV2: Work initiated for action [ android.intent.action.MEDIA_SCANNER_SCAN_FILE ]
05-14 07:12:58.542  8325  8325 D WM-SystemJobService: onStartJob for WorkGenerationalId(workSpecId=42ea0857-5067-457c-836d-d6519d953b11, generation=0)
05-14 07:12:58.542  8325  8711 D WM-Processor: Work WorkGenerationalId(workSpecId=42ea0857-5067-457c-836d-d6519d953b11, generation=0) is already enqueued for processing
05-14 07:12:58.555  8325 11079 I Kumiho-Kumiho: getPackageName: com.google.android.providers.media.module
05-14 07:12:58.556  8325 11079 I Kumiho-Kumiho: getPackageName: com.google.android.providers.media.module
05-14 07:12:58.561  3032  3829 D SyncManager: userId - 0 auto - true
05-14 07:12:58.562  8325 11079 I MediaServiceV2: Work ended for action [ android.intent.action.MEDIA_SCANNER_SCAN_FILE ]
05-14 07:12:58.563  4191  4252 I MediaSyncer: generation: Generation(added=166699, modified=166708)
05-14 07:12:58.564  8325  8702 I WM-WorkerWrapper: Worker result SUCCESS for Work [ id=42ea0857-5067-457c-836d-d6519d953b11, tags={ com.android.providers.media.MediaServiceV2 } ]
05-14 07:12:58.566  8325  8325 D WM-Processor: Processor 42ea0857-5067-457c-836d-d6519d953b11 executed; reschedule = false
05-14 07:12:58.566  8325  8325 D WM-SystemJobService: 42ea0857-5067-457c-836d-d6519d953b11 executed on JobScheduler
05-14 07:12:58.570  8325  8702 D WM-GreedyScheduler: Cancelling work ID 42ea0857-5067-457c-836d-d6519d953b11
05-14 07:12:58.571  8325  8702 D WM-GreedyScheduler: Ignoring {WorkSpec: 8b0e26a1-da17-4a7d-8943-fa37401907bb}. Requires device idle.
05-14 07:12:58.571  8325  8702 D WM-GreedyScheduler: Ignoring {WorkSpec: 851dc692-8528-4451-a03e-188ed97a5b4d}. Requires device idle.
05-14 07:12:58.571  8325  8702 D WM-GreedyScheduler: Ignoring {WorkSpec: 00b34183-214c-4ec2-a349-e19f9227b254}. Requires device idle.
05-14 07:12:58.575  8325  8702 D WM-SystemJobScheduler: Scheduling work ID 477a5028-69f7-4c00-834c-24e47690e8afJob ID 6986
05-14 07:12:58.577  8325  8702 D WM-GreedyScheduler: Ignoring {WorkSpec: 8b0e26a1-da17-4a7d-8943-fa37401907bb}. Requires device idle.
05-14 07:12:58.577  8325  8702 D WM-GreedyScheduler: Ignoring {WorkSpec: 851dc692-8528-4451-a03e-188ed97a5b4d}. Requires device idle.
05-14 07:12:58.577  8325  8702 D WM-GreedyScheduler: Ignoring {WorkSpec: 00b34183-214c-4ec2-a349-e19f9227b254}. Requires device idle.
05-14 07:12:58.579 10818 10855 I BaseThreadPoolExecutor: [#CMH#] Task com.samsung.cmh.core.task.MediaContentSyncTask@d772d72 is submitted
05-14 07:12:58.581  4191  4252 I MediaSyncer: loaded: 17ms, Success(maxMediaId=1000020917, maxGenAdded=166708, maxGenModified=166709, count=1)
05-14 07:12:58.595  4191 10952 W SefInterface$Companion: This file doesn't have SEF
05-14 07:12:58.604 10818 10941 I MediaContentSyncTask: [#CMH#] No of Row (SEC MP :  1913, Max Id : 2147488694) (CMH : 1912, Max Id : 2147488693) - Time :10
05-14 07:12:58.616 10818 10941 I MediaContentSyncTask: [#CMH#] Rebuilding contents count 1
05-14 07:12:58.617 10818 10941 I ImageFeatures: [#CMH#] Not support file type 
05-14 07:12:58.621 10818 10941 I MediaContentSyncTask: [#CMH#] Insert ITEM :  1
05-14 07:12:58.621 10818 10941 I BaseThreadPoolExecutor: [#CMH#] afterExecute FutureTask
05-14 07:12:58.621 10818 10941 I ControllerEventHandler: [#CMH#] New Task for wait content sync job 
05-14 07:12:58.621 10818 10941 I BaseThreadPoolExecutor: [#CMH#] Task com.samsung.cmh.core.task.MediaContentSyncTask@d772d72 is submitted
05-14 07:12:58.638  2077  6139 I vendor.qti.bluetooth@1.1-ibs_handler: ProcessIbsCmd: Received IBS_WAKE_IND: 0xFD
05-14 07:12:58.639  2077  6139 D vendor.qti.bluetooth@1.1-ibs_handler: SerialClockVote: vote for UART CLK ON
05-14 07:12:58.639  2077  6139 D vendor.qti.bluetooth@1.1-wake_lock: Acquire wakelock is acquired 
05-14 07:12:58.639  2077  6139 I vendor.qti.bluetooth@1.1-ibs_handler: ProcessIbsCmd: Writing IBS_WAKE_ACK
05-14 07:12:58.649  4784  6167 I ScanController: onScanResult to scannerId: 5- eventType=0x10, addressType=0, address=XX:XX:XX:XX:97:3F, primaryPhy=1, secondaryPhy=0, advertisingSid=0xff, txPower=127, rssi=-88, periodicAdvInt=0x0
05-14 07:12:58.650 10818 10941 I MediaContentSyncTask: [#CMH#] No of Row (SEC MP :  1913, Max Id : 2147488694) (CMH : 1913, Max Id : 2147488694) - Time :14
05-14 07:12:58.655 16128 16448 I [-0400]oneconnect[1.8.45.24_01][CORE]: DataConvert.parseBleVd - deviceBle : |name:|deviceType:TV|discoverType:_BLE|services:None|connected:false[TvStatusString]POWER_OFF[TvStatus]-128[TvService]102[TvMirrorChannel]1[TvRegisteredDB][-8, 104, -49, -60, -127, 65][TvYear]2016[TvOcfInfo]0[TvAcmStatus]0[ExTvStatus]0[ExtendedStatus]-1[ModuloSn]-1
05-14 07:12:58.684  2077  6139 I vendor.qti.bluetooth@1.1-ibs_handler: ProcessIbsCmd: Received IBS_SLEEP_IND: 0xFE
05-14 07:12:58.685  2077  6139 D vendor.qti.bluetooth@1.1-ibs_handler: SerialClockVote: vote for UART CLK OFF
05-14 07:12:58.690 10818 10941 I MediaContentSyncTask: [#CMH#] MP time stamp :  1778757178596, CMH time stamp : 1778757175589
05-14 07:12:58.708 10818 10941 I MediaContentSyncTask: [#CMH#] Update ITEM  :  1
05-14 07:12:58.710 10818 10941 I MediaContentSyncTask: [#CMH#] Update Cursor Count (1=>1), Time: 2 
05-14 07:12:58.713 10818 10941 I MediaContentSyncTask: [#CMH#] Update ITEM :  1
05-14 07:12:58.717 10818 10941 I BaseThreadPoolExecutor: [#CMH#] afterExecute FutureTask
05-14 07:12:58.717 10818 10941 I ControllerEventHandler: [#CMH#] Alive Privacy Ignored Policy Called:  false
05-14 07:12:58.784 10606 10640 I Unity   : SetGameState: isLoading: true, mode: UNKNOWN, label: -4, quality: 2
05-14 07:12:58.820 10606 10640 I Unity   : [AndroidWhiteoutDiagnostics] level=L08 platform=Android quality=2/Medium colorSpace=Gamma graphicsApi=Vulkan graphicsDevice='Adreno (TM) 750' screen=1080x2256 orientation=Portrait cameras=[Main Camera{enabled=True, clear=Skybox, bg=(0.039,0.043,0.059,0), cull=-1, depth=-1, near=0.3, far=1000, pos=(0,20,-14), rot=(60,0,0)}; GameStateViewRoot/BoardStageRoot/BoardContentRoot/Content_04_03_Target_0/Visual/Camera{enabled=False, clear=Skybox, bg=(0.192,0.302,0.475,0), cull=-1, depth=0, near=0.1, far=100, pos=(11.723,10.528,-9.989), rot=(36.09,306.265,346.523)}] canvases=[SettingsMenu/SettingsMenuCanvas{enabled=True, renderMode=ScreenSpaceOverlay, sortingLayer=Default, order=1000}] suspiciousRenderers=[GameStateViewRoot/DockRoot/SharedDockVisualInstance/Visual{enabled=True, type=MeshRenderer, layer=0, sortingLayer=Default, order=0, cast=On, receive=True, bounds=(9.72,1.383,2.853), pos=(0,-0.483,-9.85), material='Dock_Safe_Phase1', shader='Standard', matColor=(1,1,1,1)}; Main Camera/SceneBackground{enabled=True, typ
05-14 07:12:58.824 10606 10640 I Unity   : SetGameState: isLoading: false, mode: UNKNOWN, label: 0, quality: 2
05-14 07:12:58.835  2077  5340 D vendor.qti.bluetooth@1.1-wake_lock: Release wakelock is released 
05-14 07:12:58.845 10606 10640 I Unity   : [AndroidWhiteoutCommand] level=L08 diagnosticMove=1 coord=(0,0) groupSize=2 applied=True
05-14 07:12:58.845 10606 10640 I Unity   : UnityEngine.DebugLogHandler:Internal_Log(LogType, LogOption, String, Object)
05-14 07:12:58.845 10606 10640 I Unity   : UnityEngine.DebugLogHandler:LogFormat(LogType, Object, String, Object[])
05-14 07:12:58.845 10606 10640 I Unity   : UnityEngine.Logger:Log(LogType, Object)
05-14 07:12:58.845 10606 10640 I Unity   : UnityEngine.Debug:Log(Object)
05-14 07:12:58.845 10606 10640 I Unity   : Rescue.Unity.Diagnostics.<RunCommand>d__8:MoveNext() (at C:\Users\jwmcg\OneDrive\Documents\AI Projects\Live Envirnments\rescue-grid\Assets\Rescue.Unity\Diagnostics\AndroidWhiteoutCommandBridge.cs:103)
05-14 07:12:58.845 10606 10640 I Unity   : UnityEngine.SetupCoroutine:InvokeMoveNext(IEnumerator, IntPtr) (at \home\bokken\build\output\unity\unity\Runtime\Export\Scripting\Coroutines.cs:17)
05-14 07:12:58.845 10606 10640 I Unity   : 
05-14 07:12:58.856 10606 10640 I Unity   : [AndroidWhiteoutCommand] level=L08 diagnosticMove=2 coord=(0,0) groupSize=2 applied=True
05-14 07:12:58.856 10606 10640 I Unity   : UnityEngine.DebugLogHandler:Internal_Log(LogType, LogOption, String, Object)
05-14 07:12:58.856 10606 10640 I Unity   : UnityEngine.DebugLogHandler:LogFormat(LogType, Object, String, Object[])
05-14 07:12:58.856 10606 10640 I Unity   : UnityEngine.Logger:Log(LogType, Object)
05-14 07:12:58.856 10606 10640 I Unity   : UnityEngine.Debug:Log(Object)
05-14 07:12:58.856 10606 10640 I Unity   : Rescue.Unity.Diagnostics.<RunCommand>d__8:MoveNext() (at C:\Users\jwmcg\OneDrive\Documents\AI Projects\Live Envirnments\rescue-grid\Assets\Rescue.Unity\Diagnostics\AndroidWhiteoutCommandBridge.cs:103)
05-14 07:12:58.856 10606 10640 I Unity   : UnityEngine.SetupCoroutine:InvokeMoveNext(IEnumerator, IntPtr) (at \home\bokken\build\output\unity\unity\Runtime\Export\Scripting\Coroutines.cs:17)
05-14 07:12:58.856 10606 10640 I Unity   : 
05-14 07:12:58.859  2203  2211 E HeatmapThread: ECT Thread time in milliseconds: 1778757178
05-14 07:12:58.863  2203  2211 D HeatmapThread: !@ batteryplugType : 2
05-14 07:12:58.863  2203  2211 D HeatmapThread: !@ batteryLevel : 49  batteryTemperature : 300 
05-14 07:12:58.863  2203  2211 D HeatmapThread: !@ Heatmap currtime: 29645952
05-14 07:12:58.863  2203  2211 D HeatmapThread: !@ Heatmap prevtime: 29645923
05-14 07:12:58.863  2203  2211 D HeatmapThread: !@ Heatmap plugstarttime: 29645897
05-14 07:12:58.864  2203  2211 D HeatmapThread: !@ Heatmap prevv_dsoh_update_time: 29643986
05-14 07:12:58.864  2203  2211 E HeatmapThread: !@ CAM New BSOH: 100
05-14 07:12:58.872 10606 10640 I Unity   : [AndroidWhiteoutCommand] level=L08 diagnosticMove=3 coord=(0,2) groupSize=2 applied=True
05-14 07:12:58.872 10606 10640 I Unity   : UnityEngine.DebugLogHandler:Internal_Log(LogType, LogOption, String, Object)
05-14 07:12:58.872 10606 10640 I Unity   : UnityEngine.DebugLogHandler:LogFormat(LogType, Object, String, Object[])
05-14 07:12:58.872 10606 10640 I Unity   : UnityEngine.Logger:Log(LogType, Object)
05-14 07:12:58.872 10606 10640 I Unity   : UnityEngine.Debug:Log(Object)
05-14 07:12:58.872 10606 10640 I Unity   : Rescue.Unity.Diagnostics.<RunCommand>d__8:MoveNext() (at C:\Users\jwmcg\OneDrive\Documents\AI Projects\Live Envirnments\rescue-grid\Assets\Rescue.Unity\Diagnostics\AndroidWhiteoutCommandBridge.cs:103)
05-14 07:12:58.872 10606 10640 I Unity   : UnityEngine.SetupCoroutine:InvokeMoveNext(IEnumerator, IntPtr) (at \home\bokken\build\output\unity\unity\Runtime\Export\Scripting\Coroutines.cs:17)
05-14 07:12:58.872 10606 10640 I Unity   : 
05-14 07:12:58.885 10606 10640 I Unity   : [AndroidWhiteoutDiagnostics] level=L08 platform=Android quality=2/Medium colorSpace=Gamma graphicsApi=Vulkan graphicsDevice='Adreno (TM) 750' screen=1080x2256 orientation=Portrait cameras=[Main Camera{enabled=True, clear=Skybox, bg=(0.039,0.043,0.059,0), cull=-1, depth=-1, near=0.3, far=1000, pos=(0,20,-14), rot=(60,0,0)}; GameStateViewRoot/BoardStageRoot/BoardContentRoot/Content_04_03_Target_0/Visual/Camera{enabled=False, clear=Skybox, bg=(0.192,0.302,0.475,0), cull=-1, depth=0, near=0.1, far=100, pos=(11.723,10.528,-9.989), rot=(36.09,306.265,346.523)}] canvases=[SettingsMenu/SettingsMenuCanvas{enabled=True, renderMode=ScreenSpaceOverlay, sortingLayer=Default, order=1000}] suspiciousRenderers=[GameStateViewRoot/DockRoot/SharedDockVisualInstance/Visual{enabled=True, type=MeshRenderer, layer=0, sortingLayer=Default, order=0, cast=On, receive=True, bounds=(9.72,1.383,2.853), pos=(0,-0.483,-9.85), material='Dock_Safe_Phase1', shader='Standard', matColor=(1,1,1,1)}; Main Camera/SceneBackground{enabled=True, typ
05-14 07:12:58.885 10606 10640 I Unity   : [AndroidWhiteoutCommand] ready level=L08 requestedMoves=3 appliedMoves=3 actionCount=3
05-14 07:12:58.885 10606 10640 I Unity   : UnityEngine.DebugLogHandler:Internal_Log(LogType, LogOption, String, Object)
05-14 07:12:58.885 10606 10640 I Unity   : UnityEngine.DebugLogHandler:LogFormat(LogType, Object, String, Object[])
05-14 07:12:58.885 10606 10640 I Unity   : UnityEngine.Logger:Log(LogType, Object)
05-14 07:12:58.885 10606 10640 I Unity   : UnityEngine.Debug:Log(Object)
05-14 07:12:58.885 10606 10640 I Unity   : Rescue.Unity.Diagnostics.<RunCommand>d__8:MoveNext() (at C:\Users\jwmcg\OneDrive\Documents\AI Projects\Live Envirnments\rescue-grid\Assets\Rescue.Unity\Diagnostics\AndroidWhiteoutCommandBridge.cs:117)
05-14 07:12:58.885 10606 10640 I Unity   : UnityEngine.SetupCoroutine:InvokeMoveNext(IEnumerator, IntPtr) (at \home\bokken\build\output\unity\unity\Runtime\Export\Scripting\Coroutines.cs:17)
05-14 07:12:58.885 10606 10640 I Unity   : 
05-14 07:12:59.015  2476  2476 I CNSS    : /sys/wifi/max_chipset_log_size doesn't exist
05-14 07:12:59.076 20969 20969 I SCS@AiSearch user 0: (ObserverWorker::AOSP_MP) [main] entering in startWork triggered by [content://media/external/file/1000020917]():  
05-14 07:12:59.077 20969 20969 I SCS@AiSearch user 0: (BaseCollector::AOSP_MP) [main] entering in onChange():  
05-14 07:12:59.077 20969 21908 I SCS@AiSearch user 0: (BaseCollector::AOSP_MP) [AOSP_MP-0] entering in collectChanges():  
05-14 07:12:59.082  3032  7526 D PackageManager: setEnabledSetting : userId = 0 packageName = com.samsung.android.scs cmp = androidx.work.impl.background.systemalarm.RescheduleReceiver newState = 1 callingPackage = com.samsung.android.scs
05-14 07:12:59.082  3032  7526 D ApplicationPolicy: getApplicationStateEnabled : pkg = com.samsung.android.scs userId : 0
05-14 07:12:59.083  3032  7526 D ApplicationPolicy: getApplicationComponentState : pkg = com.samsung.android.scs userId : 0
05-14 07:12:59.158 20969 21908 I SCS@AiSearch user 0: (BaseCollector::AOSP_MP) fetchInternal values : maxSyncId: 1000020907 indexCount: 12725 sourceCount: 12725
05-14 07:12:59.174 20969 21908 I SCS@AiSearch user 0: (IndexManager) [AOSP_MP-0] entering in addIndex():  
05-14 07:12:59.176 20969 21908 I SCS@AiSearch user 0: (BaseCollector::AOSP_MP) fetch: fetching took  50 ms
05-14 07:12:59.176 20969 21908 I SCS@AiSearch user 0: (BaseCollector::AOSP_MP) fetchChanges: applied 0 items
05-14 07:12:59.176 20969 21908 I SCS@AiSearch user 0: (BaseCollector::AOSP_MP) Collect finished. Result: true
05-14 07:12:59.176 20969 21908 I SCS@AiSearch user 0: (BaseCollector::AOSP_MP) enqueue ObserverWorker name: com.sec.android.app.myfiles, policy: APPEND_OR_REPLACE
05-14 07:12:59.177 20969 21058 I WM-WorkerWrapper: Worker result SUCCESS for Work [ id=bf0d75d9-8a9c-4198-966b-4681d77b055a, tags={ com.sec.android.app.myfiles, com.samsung.android.scs.ai.search.data.collector.base.ObserverWorker } ]
05-14 07:12:59.184  3032  3829 D PackageManager: setEnabledSetting : userId = 0 packageName = com.samsung.android.scs cmp = androidx.work.impl.background.systemalarm.RescheduleReceiver newState = 1 callingPackage = com.samsung.android.scs
05-14 07:12:59.185  3032  3829 D ApplicationPolicy: getApplicationStateEnabled : pkg = com.samsung.android.scs userId : 0
05-14 07:12:59.185  3032  3829 D ApplicationPolicy: getApplicationComponentState : pkg = com.samsung.android.scs userId : 0
05-14 07:12:59.187 20969 21058 W JobInfo : Requested important-while-foreground flag for job186426 is ignored and takes no effect
05-14 07:12:59.404  1321  1321 D io_stats: !@   8,0 r 21688165 472520256 w 8244131 185572492 d 1155250 276506776 f 267528 899838 iot 4977632 0 th 0 0 0 pt 0 inp 0 0 175668.091
05-14 07:12:59.406  1321  1321 D io_stats: !@ Read_top(KB): kworker/u16:3(32011) 512 rs.media.module(8325) 140 gestions:moneta(28679) 20
05-14 07:12:59.406  1321  1321 D io_stats: !@ Write_top(KB): kworker/u16:1(6775) 19720 ung.android.scs(20969) 944 providers.media(4191) 576
05-14 07:12:59.543 20969 21909 I SCS@AiSearch user 0: (BaseCollector::GALLERY) doesDataKeepChanging: postpone count: 2 - source count: very first = 1909, previous = 1911, current = 1913
05-14 07:12:59.615  2087 10666 I sensors-hal: handle_sns_client_event:422, [0][2626] gyro_sample_cal(cal_available:1)(3) [ 0.000, 0.000, 0.000] bias[ 0.003,-0.003, 0.002] 486016005935427
05-14 07:12:59.859  2203  2211 E HeatmapThread: ECT Thread time in milliseconds: 1778757179
05-14 07:12:59.864  2203  2211 D HeatmapThread: !@ batteryplugType : 2
05-14 07:12:59.864  2203  2211 D HeatmapThread: !@ batteryLevel : 49  batteryTemperature : 300 
05-14 07:12:59.865  2203  2211 D HeatmapThread: !@ Heatmap currtime: 29645952
05-14 07:12:59.865  2203  2211 D HeatmapThread: !@ Heatmap prevtime: 29645923
05-14 07:12:59.866  2203  2211 D HeatmapThread: !@ Heatmap plugstarttime: 29645897
05-14 07:12:59.867  2203  2211 D HeatmapThread: !@ Heatmap prevv_dsoh_update_time: 29643986
05-14 07:12:59.867  2203  2211 E HeatmapThread: !@ CAM New BSOH: 100
