05-14 07:12:52.833 10818 10941 I MediaContentSyncTask: [#CMH#] Update Cursor Count (1=>1), Time: 2 
05-14 07:12:52.835 10818 10941 I MediaContentSyncTask: [#CMH#] Update ITEM :  1
05-14 07:12:52.843 10818 10941 I BaseThreadPoolExecutor: [#CMH#] afterExecute FutureTask
05-14 07:12:52.844 10818 10941 I ControllerEventHandler: [#CMH#] Alive Privacy Ignored Policy Called:  false
05-14 07:12:52.851 28679 10788 I Moneta::BuiltInDataObserverWorkerController: execute. tag(gallery)
05-14 07:12:52.854 28679 10788 I Moneta::BuiltInDataObserverWorkerController: enqueueBuiltInDataObserverWorker tag(gallery) delay:3000
05-14 07:12:52.859  2203  2211 E HeatmapThread: ECT Thread time in milliseconds: 1778757172
05-14 07:12:52.862  2203  2211 D HeatmapThread: !@ batteryplugType : 2
05-14 07:12:52.862  2203  2211 D HeatmapThread: !@ batteryLevel : 49  batteryTemperature : 299 
05-14 07:12:52.862  2203  2211 D HeatmapThread: !@ Heatmap currtime: 29645952
05-14 07:12:52.862  2203  2211 D HeatmapThread: !@ Heatmap prevtime: 29645923
05-14 07:12:52.863  2203  2211 D HeatmapThread: !@ Heatmap plugstarttime: 29645897
05-14 07:12:52.863  2203  2211 D HeatmapThread: !@ Heatmap prevv_dsoh_update_time: 29643986
05-14 07:12:52.863  2203  2211 E HeatmapThread: !@ CAM New BSOH: 100
05-14 07:12:53.031  4719 21222 D IpClient/wlan0: addressUpdated: 2601:c2:1b01:faf0:64cd:3dff:fe7c:c487/64 on ifindex 45 flags 0x00000100 scope 0
05-14 07:12:53.031  4719 21222 D IpClient/wlan0: addressUpdated: 2601:c2:1b01:faf0:70e6:9536:bc73:1c12/64 on ifindex 45 flags 0x00000001 scope 0
05-14 07:12:53.032  4719 21222 W AlarmManager: Unrecognized alarm listener com.android.networkstack.android.net.ip.IpClientLinkObserver$Dhcp6PdPreferredPrefixAlarmListener@b1aaabc
05-14 07:12:53.032  4719 21222 D ApfFilter: (wlan0): Adding RA fe80::be9b:68ff:fe3a:95c4 -> ff02::1 180s 2601:c2:1b01:faf0::/64 300s/300s DNS 180s 2001:558:feed::1 2001:558:feed::2 RIO 180s ::/0 
05-14 07:12:53.036  4782  4782 I EPDG -- SIM1 [EpdgIntfCont]: sendInterfaceMessage, not mobile, ignore
05-14 07:12:53.040  4782  4782 I EPDG -- SIM1 [EpdgIntfCont]: sendInterfaceMessage, not mobile, ignore
05-14 07:12:53.040  4782  4782 I EPDG -- SIM0 [EpdgIntfCont]: sendInterfaceMessage, not mobile, ignore
05-14 07:12:53.040  4782  4782 I EPDG -- SIM0 [EpdgIntfCont]: sendInterfaceMessage, not mobile, ignore
05-14 07:12:53.074  2077  6139 I vendor.qti.bluetooth@1.1-ibs_handler: ProcessIbsCmd: Received IBS_WAKE_IND: 0xFD
05-14 07:12:53.074  2077  6139 D vendor.qti.bluetooth@1.1-ibs_handler: SerialClockVote: vote for UART CLK ON
05-14 07:12:53.075  2077  6139 D vendor.qti.bluetooth@1.1-wake_lock: Acquire wakelock is acquired 
05-14 07:12:53.075  2077  6139 I vendor.qti.bluetooth@1.1-ibs_handler: ProcessIbsCmd: Writing IBS_WAKE_ACK
05-14 07:12:53.084  4784  6167 I ScanController: onScanResult to scannerId: 5- eventType=0x10, addressType=0, address=XX:XX:XX:XX:97:3F, primaryPhy=1, secondaryPhy=0, advertisingSid=0xff, txPower=127, rssi=-94, periodicAdvInt=0x0
05-14 07:12:53.091 16128 16448 I [-0400]oneconnect[1.8.45.24_01][CORE]: DataConvert.parseBleVd - deviceBle : |name:|deviceType:TV|discoverType:_BLE|services:None|connected:false[TvStatusString]POWER_OFF[TvStatus]-128[TvService]102[TvMirrorChannel]1[TvRegisteredDB][-8, 104, -49, -60, -127, 65][TvYear]2016[TvOcfInfo]0[TvAcmStatus]0[ExTvStatus]0[ExtendedStatus]-1[ModuloSn]-1
05-14 07:12:53.122  2077  6139 I vendor.qti.bluetooth@1.1-ibs_handler: ProcessIbsCmd: Received IBS_SLEEP_IND: 0xFE
05-14 07:12:53.122  2077  6139 D vendor.qti.bluetooth@1.1-ibs_handler: SerialClockVote: vote for UART CLK OFF
05-14 07:12:53.196 10606 10640 I Unity   : SetGameState: isLoading: true, mode: UNKNOWN, label: -4, quality: 2
05-14 07:12:53.228 10606 10640 I Unity   : [AndroidWhiteoutDiagnostics] level=L08 platform=Android quality=2/Medium colorSpace=Gamma graphicsApi=Vulkan graphicsDevice='Adreno (TM) 750' screen=1080x2256 orientation=Portrait cameras=[GameStateViewRoot/BoardStageRoot/BoardContentRoot/Content_04_03_Target_0/Visual/Camera{enabled=False, clear=Skybox, bg=(0.192,0.302,0.475,0), cull=-1, depth=0, near=0.1, far=100, pos=(11.832,10.625,-10.069), rot=(36.09,306.265,346.523)}; Main Camera{enabled=True, clear=Skybox, bg=(0.039,0.043,0.059,0), cull=-1, depth=-1, near=0.3, far=1000, pos=(0,20,-14), rot=(60,0,0)}] canvases=[SettingsMenu/SettingsMenuCanvas{enabled=True, renderMode=ScreenSpaceOverlay, sortingLayer=Default, order=1000}] suspiciousRenderers=[GameStateViewRoot/DockRoot/SharedDockVisualInstance/Visual{enabled=True, type=MeshRenderer, layer=0, sortingLayer=Default, order=0, cast=On, receive=True, bounds=(9.72,1.383,2.853), pos=(0,-0.483,-9.85), material='Dock_Safe_Phase1', shader='Standard', matColor=(1,1,1,1)}; Main Camera/SceneBackground{enabled=True, ty
05-14 07:12:53.232 20969 20969 I SCS@AiSearch user 0: (ObserverWorker::AOSP_MP) [main] entering in startWork triggered by [content://media/external/file/1000020915]():  
05-14 07:12:53.232 20969 20969 I SCS@AiSearch user 0: (BaseCollector::AOSP_MP) [main] entering in onChange():  
05-14 07:12:53.233 10606 10640 I Unity   : SetGameState: isLoading: false, mode: UNKNOWN, label: 0, quality: 2
05-14 07:12:53.233 20969 21908 I SCS@AiSearch user 0: (BaseCollector::AOSP_MP) [AOSP_MP-0] entering in collectChanges():  
05-14 07:12:53.238  3032  7537 D PackageManager: setEnabledSetting : userId = 0 packageName = com.samsung.android.scs cmp = androidx.work.impl.background.systemalarm.RescheduleReceiver newState = 1 callingPackage = com.samsung.android.scs
05-14 07:12:53.238  3032  7537 D ApplicationPolicy: getApplicationStateEnabled : pkg = com.samsung.android.scs userId : 0
05-14 07:12:53.239 10606 10640 I Unity   : [AndroidWhiteoutDiagnostics] level=L08 platform=Android quality=2/Medium colorSpace=Gamma graphicsApi=Vulkan graphicsDevice='Adreno (TM) 750' screen=1080x2256 orientation=Portrait cameras=[GameStateViewRoot/BoardStageRoot/BoardContentRoot/Content_04_03_Target_0/Visual/Camera{enabled=False, clear=Skybox, bg=(0.192,0.302,0.475,0), cull=-1, depth=0, near=0.1, far=100, pos=(12.043,10.815,-10.225), rot=(36.09,306.265,346.523)}; Main Camera{enabled=True, clear=Skybox, bg=(0.039,0.043,0.059,0), cull=-1, depth=-1, near=0.3, far=1000, pos=(0,20,-14), rot=(60,0,0)}] canvases=[SettingsMenu/SettingsMenuCanvas{enabled=True, renderMode=ScreenSpaceOverlay, sortingLayer=Default, order=1000}] suspiciousRenderers=[GameStateViewRoot/DockRoot/SharedDockVisualInstance/Visual{enabled=True, type=MeshRenderer, layer=0, sortingLayer=Default, order=0, cast=On, receive=True, bounds=(9.72,1.383,2.853), pos=(0,-0.483,-9.85), material='Dock_Safe_Phase1', shader='Standard', matColor=(1,1,1,1)}; Main Camera/SceneBackground{enabled=True, ty
05-14 07:12:53.239 10606 10640 I Unity   : [AndroidWhiteoutCommand] ready level=L08 requestedMoves=0 appliedMoves=0 actionCount=0
05-14 07:12:53.239 10606 10640 I Unity   : UnityEngine.DebugLogHandler:Internal_Log(LogType, LogOption, String, Object)
05-14 07:12:53.239 10606 10640 I Unity   : UnityEngine.DebugLogHandler:LogFormat(LogType, Object, String, Object[])
05-14 07:12:53.239 10606 10640 I Unity   : UnityEngine.Logger:Log(LogType, Object)
05-14 07:12:53.239 10606 10640 I Unity   : UnityEngine.Debug:Log(Object)
05-14 07:12:53.239 10606 10640 I Unity   : Rescue.Unity.Diagnostics.<RunCommand>d__8:MoveNext() (at C:\Users\jwmcg\OneDrive\Documents\AI Projects\Live Envirnments\rescue-grid\Assets\Rescue.Unity\Diagnostics\AndroidWhiteoutCommandBridge.cs:117)
05-14 07:12:53.239 10606 10640 I Unity   : UnityEngine.SetupCoroutine:InvokeMoveNext(IEnumerator, IntPtr) (at \home\bokken\build\output\unity\unity\Runtime\Export\Scripting\Coroutines.cs:17)
05-14 07:12:53.239 10606 10640 I Unity   : 
05-14 07:12:53.239  3032  7537 D ApplicationPolicy: getApplicationComponentState : pkg = com.samsung.android.scs userId : 0
05-14 07:12:53.273  2077  5340 D vendor.qti.bluetooth@1.1-wake_lock: Release wakelock is released 
05-14 07:12:53.311 20969 21908 I SCS@AiSearch user 0: (BaseCollector::AOSP_MP) fetchInternal values : maxSyncId: 1000020907 indexCount: 12725 sourceCount: 12725
05-14 07:12:53.330 20969 21908 I SCS@AiSearch user 0: (IndexManager) [AOSP_MP-0] entering in addIndex():  
05-14 07:12:53.333 20969 21908 I SCS@AiSearch user 0: (BaseCollector::AOSP_MP) fetch: fetching took  60 ms
05-14 07:12:53.333 20969 21908 I SCS@AiSearch user 0: (BaseCollector::AOSP_MP) fetchChanges: applied 0 items
05-14 07:12:53.333 20969 21908 I SCS@AiSearch user 0: (BaseCollector::AOSP_MP) Collect finished. Result: true
05-14 07:12:53.333 20969 21908 I SCS@AiSearch user 0: (BaseCollector::AOSP_MP) enqueue ObserverWorker name: com.sec.android.app.myfiles, policy: APPEND_OR_REPLACE
05-14 07:12:53.334 20969 21071 I WM-WorkerWrapper: Worker result SUCCESS for Work [ id=4355c409-c24a-44dc-92dd-665e9b7c47ab, tags={ com.sec.android.app.myfiles, com.samsung.android.scs.ai.search.data.collector.base.ObserverWorker } ]
05-14 07:12:53.347  3032  7537 D PackageManager: setEnabledSetting : userId = 0 packageName = com.samsung.android.scs cmp = androidx.work.impl.background.systemalarm.RescheduleReceiver newState = 1 callingPackage = com.samsung.android.scs
05-14 07:12:53.347  3032  7537 D ApplicationPolicy: getApplicationStateEnabled : pkg = com.samsung.android.scs userId : 0
05-14 07:12:53.347  3032  7537 D ApplicationPolicy: getApplicationComponentState : pkg = com.samsung.android.scs userId : 0
05-14 07:12:53.351 20969 21071 W JobInfo : Requested important-while-foreground flag for job186418 is ignored and takes no effect
05-14 07:12:53.397  1321  1321 D io_stats: !@   8,0 r 21688081 472519332 w 8243786 185550056 d 1155250 276506776 f 267528 899838 iot 4977360 0 th 0 0 0 pt 0 inp 0 0 175662.084
05-14 07:12:53.521 20969 21909 I SCS@AiSearch user 0: (BaseCollector::GALLERY) doesDataKeepChanging: postpone count: 1 - source count: very first = 1909, previous = 1910, current = 1911
05-14 07:12:53.616  2087 10666 I sensors-hal: handle_sns_client_event:422, [0][2343] gyro_sample_cal(cal_available:1)(3) [-0.000, 0.000,-0.000] bias[ 0.003,-0.003, 0.002] 486010007512979
05-14 07:12:53.723  2087 10648 I sensors-hal: handle_sns_std_sensor_event:409, [SSC_LIGHT] P: 47(47),c:4,b:78,m:13,cl:0,l:47,s:38,l0:8608,l1:32,s0:7000,s1:0,acl:1,opr:0.30,f(r):74,u(bl):100,if:0,wi:2,si:0,po:172(N:0)
05-14 07:12:53.859  2203  2211 E HeatmapThread: ECT Thread time in milliseconds: 1778757173
05-14 07:12:53.864  2203  2211 D HeatmapThread: !@ batteryplugType : 2
05-14 07:12:53.864  2203  2211 D HeatmapThread: !@ batteryLevel : 49  batteryTemperature : 299 
05-14 07:12:53.865  2203  2211 D HeatmapThread: !@ Heatmap currtime: 29645952
05-14 07:12:53.865  2203  2211 D HeatmapThread: !@ Heatmap prevtime: 29645923
05-14 07:12:53.865  2203  2211 D HeatmapThread: !@ Heatmap plugstarttime: 29645897
05-14 07:12:53.865  2203  2211 D HeatmapThread: !@ Heatmap prevv_dsoh_update_time: 29643986
05-14 07:12:53.866  2203  2211 E HeatmapThread: !@ CAM New BSOH: 100
05-14 07:12:53.905  2087 10657 I sensors-hal: handle_sns_client_event:375, [0][23568] accel_sample [ 0.129,  0.096,  9.858] 486010305567875
05-14 07:12:54.230  8325  8325 D WM-DelayedWorkTracker: Scheduling work 6eae90d6-cad0-4a9d-8b27-f86831d3d273
05-14 07:12:54.231  8325  8325 D WM-GreedyScheduler: Starting tracking for 6eae90d6-cad0-4a9d-8b27-f86831d3d273
05-14 07:12:54.234  8325  8709 D WM-ConstraintTracker: BatteryNotLowTracker: initial state = true
05-14 07:12:54.235  8325  8709 D WM-BrdcstRcvrCnstrntTrc: BatteryNotLowTracker: registering receiver
05-14 07:12:54.239  8325  8709 D WM-GreedyScheduler: Constraints met: Scheduling work ID WorkGenerationalId(workSpecId=6eae90d6-cad0-4a9d-8b27-f86831d3d273, generation=0)
05-14 07:12:54.241  8325  8709 D WM-Processor: Processor: processing WorkGenerationalId(workSpecId=6eae90d6-cad0-4a9d-8b27-f86831d3d273, generation=0)
05-14 07:12:54.248  8325  8325 D WM-WorkerWrapper: Starting work for com.android.providers.media.photopicker.sync.ProactiveSyncWorker
05-14 07:12:54.251  8325 11047 I PSyncWorker: Starting proactive picker sync from sync source: 1
05-14 07:12:54.251  8325 11047 I PickerSyncTracker: Created new sync future java.util.concurrent.CompletableFuture@9dda4e4[Not completed, 1 dependents]. Future map: {6eae90d6-cad0-4a9d-8b27-f86831d3d273=java.util.concurrent.CompletableFuture@9dda4e4[Not completed, 1 dependents]}
05-14 07:12:54.253  8325 11047 D PickerSyncController: syncAllMediaFromProvider() LOCAL, auth=com.android.providers.media.photopicker, retry=true
05-14 07:12:54.253  8325 11047 D PickerSyncController: getSyncRequestParams() LOCAL, auth=com.android.providers.media.photopicker
05-14 07:12:54.279  8325 11047 D PickerSyncController:    Latest ID/Gen=5d3e9361a8bc47d0:external_primary/166691
05-14 07:12:54.279  8325 11047 D PickerSyncController:    Cached ID/Gen=5d3e9361a8bc47d0:external_primary/166682
05-14 07:12:54.279  8325 11047 D PickerSyncController:    RESULT=SyncRequestParams{type=MEDIA_INCREMENTAL, gen=166682, latest=Bundle[{last_media_sync_generation=166691, media_collection_id=5d3e9361a8bc47d0:external_primary}], pageSize=1000}
05-14 07:12:54.280  8325 11047 I PickerSyncController: Executing SyncAdd. isLocal: true. authority: com.android.providers.media.photopicker
05-14 07:12:54.280  8325 11047 D PickerSyncLockManager: Trying to acquire lock com.android.providers.media.photopicker.sync.CloseableReentrantLock@eb1b5ed[Unlocked]. Lock Name = CLOUD_PROVIDER_LOCK. Threads that may be waiting to acquire this lock = [] with timeout.
05-14 07:12:54.280  8325 11047 D CloseableReentrantLock: Successfully acquired lock com.android.providers.media.photopicker.sync.CloseableReentrantLock@eb1b5ed[Locked by thread pool-5-thread-481]. Lock Name = CLOUD_PROVIDER_LOCK. Threads that may be waiting to acquire this lock = []
05-14 07:12:54.280  8325 11047 D CloseableReentrantLock: Successfully released lock com.android.providers.media.photopicker.sync.CloseableReentrantLock@eb1b5ed[Unlocked]. Lock Name = CLOUD_PROVIDER_LOCK. Threads that may be waiting to acquire this lock = []
05-14 07:12:54.280  8325 11047 D ExternalDbFacade: Token received for queryMedia = null
05-14 07:12:54.298  8325 11047 D PickerSyncLockManager: Trying to acquire lock com.android.providers.media.photopicker.sync.CloseableReentrantLock@eb1b5ed[Unlocked]. Lock Name = CLOUD_PROVIDER_LOCK. Threads that may be waiting to acquire this lock = [] with timeout.
05-14 07:12:54.298  8325 11047 D CloseableReentrantLock: Successfully acquired lock com.android.providers.media.photopicker.sync.CloseableReentrantLock@eb1b5ed[Locked by thread pool-5-thread-481]. Lock Name = CLOUD_PROVIDER_LOCK. Threads that may be waiting to acquire this lock = []
05-14 07:12:54.298  8325 11047 D PickerSyncController: Saving next page token: 1778757172000|1000020915 for key: local_provider:media_add:resume
05-14 07:12:54.298  8325 11047 D CloseableReentrantLock: Successfully released lock com.android.providers.media.photopicker.sync.CloseableReentrantLock@eb1b5ed[Unlocked]. Lock Name = CLOUD_PROVIDER_LOCK. Threads that may be waiting to acquire this lock = []
05-14 07:12:54.299  3032  7526 D SyncManager: userId - 0 auto - true
05-14 07:12:54.299  8325 11047 D PickerNotificationSender: Sending a notification for media update
05-14 07:12:54.300  3032  7526 D SyncManager: userId - 0 auto - true
05-14 07:12:54.300  8325 11047 D PickerNotificationSender: Sending a notification for merged album media update Favorites
05-14 07:12:54.300  8325 11047 D PickerNotificationSender: Sending a notification for album media update Favorites
05-14 07:12:54.300  3032  7526 D SyncManager: userId - 0 auto - true
05-14 07:12:54.300  8325 11047 D PickerNotificationSender: Sending a notification for merged album media update Videos
05-14 07:12:54.300  8325 11047 D PickerNotificationSender: Sending a notification for album media update Videos
05-14 07:12:54.301  3032  7526 D SyncManager: userId - 0 auto - true
05-14 07:12:54.301  8325 11047 D ExternalDbFacade: Token received for queryMedia = 1778757172000|1000020915
05-14 07:12:54.307  8325 11047 W SQLiteLog: (28) walCheckpoint: eMode(0), mxFrame(256), nBackfill(256), /data/data/com.google.android.providers.media.module/databases/external.db-wal taking (6) ms
05-14 07:12:54.313  8325 11047 D PickerSyncLockManager: Trying to acquire lock com.android.providers.media.photopicker.sync.CloseableReentrantLock@eb1b5ed[Unlocked]. Lock Name = CLOUD_PROVIDER_LOCK. Threads that may be waiting to acquire this lock = [] with timeout.
05-14 07:12:54.313  8325 11047 D CloseableReentrantLock: Successfully acquired lock com.android.providers.media.photopicker.sync.CloseableReentrantLock@eb1b5ed[Locked by thread pool-5-thread-481]. Lock Name = CLOUD_PROVIDER_LOCK. Threads that may be waiting to acquire this lock = []
05-14 07:12:54.313  8325 11047 D PickerSyncController: Clearing next page token for key: local_provider:media_add:resume
05-14 07:12:54.313  8325 11047 D CloseableReentrantLock: Successfully released lock com.android.providers.media.photopicker.sync.CloseableReentrantLock@eb1b5ed[Unlocked]. Lock Name = CLOUD_PROVIDER_LOCK. Threads that may be waiting to acquire this lock = []
05-14 07:12:54.314  8325 11047 D PickerNotificationSender: Sending a notification for media update
05-14 07:12:54.314  3032  7526 D SyncManager: userId - 0 auto - true
05-14 07:12:54.314  8325 11047 D PickerNotificationSender: Sending a notification for merged album media update Favorites
05-14 07:12:54.314  8325 11047 D PickerNotificationSender: Sending a notification for album media update Favorites
05-14 07:12:54.315  3032  7526 D SyncManager: userId - 0 auto - true
05-14 07:12:54.315  8325 11047 D PickerNotificationSender: Sending a notification for merged album media update Videos
05-14 07:12:54.315  8325 11047 D PickerNotificationSender: Sending a notification for album media update Videos
05-14 07:12:54.315  3032  7526 D SyncManager: userId - 0 auto - true
05-14 07:12:54.316  8325 11047 I PickerSyncController: Paged sync successful. QueryArgs: Bundle[{android.provider.extra.PAGE_TOKEN=1778757172000|1000020915, android.provider.extra.SYNC_GENERATION=166682, android.provider.extra.PAGE_SIZE=1000}] Total Rows: 1
05-14 07:12:54.316  8325 11047 I PickerSyncController: Executing SyncRemove. isLocal: true. authority: com.android.providers.media.photopicker
05-14 07:12:54.316  8325 11047 D PickerSyncLockManager: Trying to acquire lock com.android.providers.media.photopicker.sync.CloseableReentrantLock@eb1b5ed[Unlocked]. Lock Name = CLOUD_PROVIDER_LOCK. Threads that may be waiting to acquire this lock = [] with timeout.
05-14 07:12:54.316  8325 11047 D CloseableReentrantLock: Successfully acquired lock com.android.providers.media.photopicker.sync.CloseableReentrantLock@eb1b5ed[Locked by thread pool-5-thread-481]. Lock Name = CLOUD_PROVIDER_LOCK. Threads that may be waiting to acquire this lock = []
05-14 07:12:54.316  8325 11047 D CloseableReentrantLock: Successfully released lock com.android.providers.media.photopicker.sync.CloseableReentrantLock@eb1b5ed[Unlocked]. Lock Name = CLOUD_PROVIDER_LOCK. Threads that may be waiting to acquire this lock = []
05-14 07:12:54.318  8325 11047 D PickerSyncLockManager: Trying to acquire lock com.android.providers.media.photopicker.sync.CloseableReentrantLock@eb1b5ed[Unlocked]. Lock Name = CLOUD_PROVIDER_LOCK. Threads that may be waiting to acquire this lock = [] with timeout.
05-14 07:12:54.318  8325 11047 D CloseableReentrantLock: Successfully acquired lock com.android.providers.media.photopicker.sync.CloseableReentrantLock@eb1b5ed[Locked by thread pool-5-thread-481]. Lock Name = CLOUD_PROVIDER_LOCK. Threads that may be waiting to acquire this lock = []
05-14 07:12:54.318  8325 11047 D PickerSyncController: Clearing next page token for key: local_provider:media_remove:resume
05-14 07:12:54.318  8325 11047 D CloseableReentrantLock: Successfully released lock com.android.providers.media.photopicker.sync.CloseableReentrantLock@eb1b5ed[Unlocked]. Lock Name = CLOUD_PROVIDER_LOCK. Threads that may be waiting to acquire this lock = []
05-14 07:12:54.318  8325 11047 D PickerNotificationSender: Sending a notification for media update
05-14 07:12:54.318  3032  7526 D SyncManager: userId - 0 auto - true
05-14 07:12:54.318  8325 11047 D PickerNotificationSender: Sending a notification for merged album media update Favorites
05-14 07:12:54.319  8325 11047 D PickerNotificationSender: Sending a notification for album media update Favorites
05-14 07:12:54.319  3032  7526 D SyncManager: userId - 0 auto - true
05-14 07:12:54.319  8325 11047 D PickerNotificationSender: Sending a notification for merged album media update Videos
05-14 07:12:54.319  8325 11047 D PickerNotificationSender: Sending a notification for album media update Videos
05-14 07:12:54.319  3032  7526 D SyncManager: userId - 0 auto - true
05-14 07:12:54.319  8325 11047 I PickerSyncController: Paged sync successful. QueryArgs: Bundle[{android.provider.extra.PAGE_TOKEN=1778757172000|1000020915, android.provider.extra.SYNC_GENERATION=166682, android.provider.extra.PAGE_SIZE=1000}] Total Rows: 0
05-14 07:12:54.320  8325 11047 I PickerSyncTracker: Marked sync future complete for work id: 6eae90d6-cad0-4a9d-8b27-f86831d3d273. Future map: {}
05-14 07:12:54.320  8325 11047 I PSyncWorker: Completed picker proactive sync complete from local provider.
05-14 07:12:54.321  8325  8711 I WM-WorkerWrapper: Worker result SUCCESS for Work [ id=6eae90d6-cad0-4a9d-8b27-f86831d3d273, tags={ com.android.providers.media.photopicker.sync.ProactiveSyncWorker } ]
05-14 07:12:54.322  8325  8325 D WM-Processor: Processor 6eae90d6-cad0-4a9d-8b27-f86831d3d273 executed; reschedule = false
05-14 07:12:54.323  8325  8325 D WM-GreedyScheduler: Stopping tracking for WorkGenerationalId(workSpecId=6eae90d6-cad0-4a9d-8b27-f86831d3d273, generation=0)
05-14 07:12:54.326  8325  8711 D WM-GreedyScheduler: Cancelling work ID 6eae90d6-cad0-4a9d-8b27-f86831d3d273
05-14 07:12:54.327  8325  8711 D WM-GreedyScheduler: Ignoring {WorkSpec: 8b0e26a1-da17-4a7d-8943-fa37401907bb}. Requires device idle.
05-14 07:12:54.328  8325  8711 D WM-GreedyScheduler: Ignoring {WorkSpec: 851dc692-8528-4451-a03e-188ed97a5b4d}. Requires device idle.
05-14 07:12:54.328  8325  8711 D WM-GreedyScheduler: Ignoring {WorkSpec: 00b34183-214c-4ec2-a349-e19f9227b254}. Requires device idle.
05-14 07:12:54.328  8325  8711 D WM-BrdcstRcvrCnstrntTrc: BatteryNotLowTracker: unregistering receiver
05-14 07:12:54.344  3032  3390 I ActivityManager: Changes in 5004 8 to 15, 128 to 0
05-14 07:12:54.470 11048 11048 W screencap: Thread Pool max thread count is 0. Cannot cache binder as linkToDeath cannot be implemented. serviceName: SurfaceFlingerAIDL
05-14 07:12:54.471 11048 11048 W BpBinder: Linking to death on android.gui.ISurfaceComposer but there are no threads (yet?) listening to incoming transactions. See ProcessState::startThreadPool and ProcessState::setThreadPoolMaxThreadCount. Generally you should setup the binder threadpool before other initialization steps.
05-14 07:12:54.471 11048 11048 W screencap: Thread Pool max thread count is 0. Cannot cache binder as linkToDeath cannot be implemented. serviceName: edmnativehelper
05-14 07:12:54.471  3032  7526 I EDMNativeHelperService: isScreenCaptureEnabled
05-14 07:12:54.472  3032  7526 D RestrictionPolicy: isScreenCaptureEnabled : ret=true userId=0
05-14 07:12:54.472 11048 11048 W ProcessState: Extra binder thread started, but 0 threads requested. Do not use *startThreadPool when zero threads are requested.
05-14 07:12:54.472 11048 11048 I SurfaceComposerClient: captureDisplay:Display-4630946315032985731
05-14 07:12:54.478  2210  2344 I SurfaceFlinger: Capture layer list: 	 Background for 3b7d796 SurfaceView[com.defaultcompany.rescuegrid.dev/com.unity3d.player.UnityPlayerGameActivity]@0#25954(seamlessTransition:0)
05-14 07:12:54.478  2210  2344 I SurfaceFlinger: Capture layer list: 	 3b7d796 SurfaceView[com.defaultcompany.rescuegrid.dev/com.unity3d.player.UnityPlayerGameActivity]@0(BLAST)#25953(seamlessTransition:0)
05-14 07:12:54.478  2210  2344 I SurfaceFlinger: Capture layer list: 	 com.defaultcompany.rescuegrid.dev/com.unity3d.player.UnityPlayerGameActivity$_10606#25948(seamlessTransition:0)
05-14 07:12:54.478  2210  2344 I SurfaceFlinger: Capture layer list: 	 StatusBar$_4556#113(seamlessTransition:0)
05-14 07:12:54.479  2210  2344 I CompositionEngine: [setDisplaySize] size=(1080, 2340)
05-14 07:12:54.479  2210  2344 E HwcComposer: getLuts failed Status(-129, EX_TRANSACTION_FAILED): 'UNKNOWN_TRANSACTION: '
05-14 07:12:54.479  2210  2370 D RenderEngine: [SEC_SF_EFFECTS] drawLayersInternal,1483, Rendering layer ScreenCaptureFillLayer at index 0
05-14 07:12:54.480  2210  2370 D RenderEngine: [SEC_SF_EFFECTS] drawLayersInternal,1483, Rendering layer 3b7d796 SurfaceView[com.defaultcompany.rescuegrid.dev/com.unity3d.player.UnityPlayerGameActivity]@0(BLAST)#25953 at index 1
05-14 07:12:54.480  2210  2370 D RenderEngine: [SEC_SF_EFFECTS] drawLayersInternal,1483, Rendering layer com.defaultcompany.rescuegrid.dev/com.unity3d.player.UnityPlayerGameActivity$_10606#25948 at index 2
05-14 07:12:54.480  2210  2370 D RenderEngine: [SEC_SF_EFFECTS] drawLayersInternal,1483, Rendering layer StatusBar$_4556#113 at index 3
05-14 07:12:54.525 11048 11050 I AdrenoUtils: <ReadGpuID:357>: Reading chip ID through GSL
05-14 07:12:54.526 11048 11048 W qdgralloc: Failed to load libubwcp.so
05-14 07:12:54.528  8325 10684 W MediaProvider: isAppCloneUserPair for user 0: false
05-14 07:12:54.542  3032  7526 D SyncManager: userId - 0 auto - true
05-14 07:12:54.543  4191  4252 I MediaSyncer: generation: Generation(added=166690, modified=166691)
05-14 07:12:54.560  4191  4252 I MediaSyncer: loaded: 16ms, Success(maxMediaId=0, maxGenAdded=-9223372036854775808, maxGenModified=166699, count=0)
05-14 07:12:54.562 20835 20867 V CpEventLog(u0): [P] cp_state: [                 contacts = {contacts=693, raw_contacts=1218, data=5565, account={secphone(1)=205, secphone(2)=7, google(3)=535, sim(4)=0, sim2(5)=0, agg(6)=0, google(7)=1, google(8)=0, samsung(9)=0, mobileservice(10)=0, com.reddit.account(11)=0, com.reddit.account(15)=0, duo(18)=113, com.facebook.auth.login(21)=0, google(28)=0, org.thoughtcrime.securesms(39)=50, www.instagram.com(44)=0, whatsapp(46)=150, telegram(60)=96, telegram(61)=61}, trash=0, trash_acc={}, trash_sync=0, database=contacts2.db} ]
05-14 07:12:54.562 20835 20867 V CpEventLog(u0): [P] cp_state: [               aggregated = {[1,18,46]=1, [1,18]=22, [1,39,18]=1, [1,39,46,18]=1, [1,39,46,60]=2, [1,39,46,61,18]=1, [1,39,46]=3, [1,39,61]=1, [1,39]=2, [1,46,18]=4, [1,46,60,18]=1, [1,46,61,18]=1, [1,46,61,39]=1, [1,46,61]=2, [1,46]=11, [1,61,18]=1, [1,61]=4, [18]=1, [1]=110, [2]=7, [3,1,18]=1, [3,1,46,18]=1, [3,1,60,18]=1, [3,18,46]=1, [3,18,61]=1, [3,18]=34, [3,1]=32, [3,3,1,46]=1, [3,3,18,60]=1, [3,3,18]=4, [3,3,39,61]=1, [3,3,46,39]=1, [3,3,46]=2, [3,39,18]=2, [3,39,46,18]=1, [3,39,46,60]=2, [3,39,46,61,18]=5, [3,39,46,61]=2, [3,39,46]=6, [3,39,61,18]=1, [3,39,61]=1, [3,39]=7, [3,3]=9, [3,46,18,60]=1, [3,46,18,61]=1, [3,46,18]=11, [3,46,39,18]=2, [3,46,39,61]=2, [3,46,39]=2, [3,46,60,18]=1, [3,46,60]=11, [3,46,61,18]=5, [3,46,61,39]=3, [3,46,61]=4, [3,46]=55, [3,60,18]=1, [3,60]=8, [3,61,18]=3, [3,61,46]=2, [3,61,61]=1, [3,61]=14, [3]=272, [60]=67, [61]=3, [7,18]=1} ]
05-14 07:12:54.562 20835 20867 V CpEventLog(u0): [P] cp_state: [                  request = {ALL(0)={avg=11, cnt=5, dur=59, ops={query=3, delete=2}}, acore(20835)={avg=28, cnt=2, dur=56, ops={delete=2}}, contacts(23908)={avg=1, cnt=3, dur=3, ops={query=3}}} ]
05-14 07:12:54.562 20835 20867 V CpEventLog(u0): [P] cp_state: [                    calls = {types={[100]=1241, [200]=54, [300]=446, [500]=1, [1150]=758}, database=calllog.db} ]
05-14 07:12:54.562 20835 20867 V CpEventLog(u0): [P] cp_state: [                  profile = {contacts=0, raw_contacts=0, data=0, account={secphone(1)=0, google(2)=0, sim(3)=0, sim2(4)=0, agg(5)=0, google(6)=0, google(7)=0, samsung(8)=0, mobileservice(9)=0, com.reddit.account(10)=0, com.reddit.account(14)=0, duo(17)=0, com.facebook.auth.login(20)=0, google(27)=0, org.thoughtcrime.securesms(38)=0, www.instagram.com(43)=0, whatsapp(45)=0, telegram(59)=0, telegram(60)=0}, trash=0, trash_acc={}, trash_sync=0, database=profile.db} ]
05-14 07:12:54.562 20835 20867 V CpEventLog(u0): [P] cp_state: [               sa_profile = {contacts=1, raw_contacts=1, data=1, account={secphone(1)=1, google(2)=0, sim(3)=0, sim2(4)=0, agg(5)=0, google(6)=0, google(7)=0, samsung(8)=0, mobileservice(9)=0, com.reddit.account(10)=0, com.reddit.account(14)=0, duo(17)=0, com.facebook.auth.login(20)=0, google(27)=0, org.thoughtcrime.securesms(38)=0, www.instagram.com(43)=0, whatsapp(45)=0, telegram(59)=0, telegram(60)=0}, trash=0, trash_acc={}, trash_sync=0, database=profile_sa.db} ]
05-14 07:12:54.562 20835 20867 V CpEventLog(u0): [P] cp_state: [                      etc = {binders=0, country_iso=US, version=15.6.28, db_version=2000, db_size=3, db_wal_size=1, csc=VZW/VZW, sec_enabled=false, is_roaming=false} ]
05-14 07:12:54.562 20835 20867 V CpEventLog(u0): [P] cp_state: ------------------------------------------------------------------------------
05-14 07:12:54.627  2077  6139 I vendor.qti.bluetooth@1.1-ibs_handler: ProcessIbsCmd: Received IBS_WAKE_IND: 0xFD
05-14 07:12:54.627  2077  6139 D vendor.qti.bluetooth@1.1-ibs_handler: SerialClockVote: vote for UART CLK ON
05-14 07:12:54.628  2077  6139 D vendor.qti.bluetooth@1.1-wake_lock: Acquire wakelock is acquired 
05-14 07:12:54.628  2077  6139 I vendor.qti.bluetooth@1.1-ibs_handler: ProcessIbsCmd: Writing IBS_WAKE_ACK
05-14 07:12:54.675  2077  6139 I vendor.qti.bluetooth@1.1-ibs_handler: ProcessIbsCmd: Received IBS_SLEEP_IND: 0xFE
05-14 07:12:54.675  2077  6139 D vendor.qti.bluetooth@1.1-ibs_handler: SerialClockVote: vote for UART CLK OFF
05-14 07:12:54.709  8430  8430 I SDHMS:LOAD: type: LoadsFreqs, value: 59:0:72:1599743:3340800:672000:1004160:3148800:499200:258:422:231
05-14 07:12:54.771  2077  6139 I vendor.qti.bluetooth@1.1-ibs_handler: ProcessIbsCmd: Received IBS_WAKE_IND: 0xFD
05-14 07:12:54.771  2077  6139 D vendor.qti.bluetooth@1.1-ibs_handler: SerialClockVote: vote for UART CLK ON
05-14 07:12:54.771  2077  6139 I vendor.qti.bluetooth@1.1-ibs_handler: ProcessIbsCmd: Writing IBS_WAKE_ACK
05-14 07:12:54.776  4784  6167 I ScanController: onScanResult to scannerId: 5- eventType=0x10, addressType=0, address=XX:XX:XX:XX:97:3F, primaryPhy=1, secondaryPhy=0, advertisingSid=0xff, txPower=127, rssi=-90, periodicAdvInt=0x0
05-14 07:12:54.780 16128 16448 I [-0400]oneconnect[1.8.45.24_01][CORE]: DataConvert.parseBleVd - deviceBle : |name:|deviceType:TV|discoverType:_BLE|services:None|connected:false[TvStatusString]POWER_OFF[TvStatus]-128[TvService]102[TvMirrorChannel]1[TvRegisteredDB][-8, 104, -49, -60, -127, 65][TvYear]2016[TvOcfInfo]0[TvAcmStatus]0[ExTvStatus]0[ExtendedStatus]-1[ModuloSn]-1
05-14 07:12:54.814  2077  6139 I vendor.qti.bluetooth@1.1-ibs_handler: ProcessIbsCmd: Received IBS_SLEEP_IND: 0xFE
05-14 07:12:54.814  2077  6139 D vendor.qti.bluetooth@1.1-ibs_handler: SerialClockVote: vote for UART CLK OFF
05-14 07:12:54.859  2203  2211 E HeatmapThread: ECT Thread time in milliseconds: 1778757174
05-14 07:12:54.862  2203  2211 D HeatmapThread: !@ batteryplugType : 2
05-14 07:12:54.862  2203  2211 D HeatmapThread: !@ batteryLevel : 49  batteryTemperature : 299 
05-14 07:12:54.862  2203  2211 D HeatmapThread: !@ Heatmap currtime: 29645952
05-14 07:12:54.862  2203  2211 D HeatmapThread: !@ Heatmap prevtime: 29645923
05-14 07:12:54.862  2203  2211 D HeatmapThread: !@ Heatmap plugstarttime: 29645897
05-14 07:12:54.863  2203  2211 D HeatmapThread: !@ Heatmap prevv_dsoh_update_time: 29643986
05-14 07:12:54.863  2203  2211 E HeatmapThread: !@ CAM New BSOH: 100
05-14 07:12:54.965  2077  5340 D vendor.qti.bluetooth@1.1-wake_lock: Release wakelock is released 
05-14 07:12:54.981  3032  4437 V SemStrongRssiRoaming: POLL (Rssi:-58 MinRssi:-49 Guard:0)
05-14 07:12:55.002  2087  8142 I sensors-hal: handle_sns_std_sensor_event:131, [SSC_LIGHT] A: 46(46),c:4,b:78,m:13,cl:0,l:46,s:38,l0:8576,l1:32,s0:7000,s1:0,acl:1,opr:0.30,f(r):74,u(bl):100,if:0,wi:2,si:0,po:172(N:0)
05-14 07:12:55.062 20969 20969 I SCS@AiSearch user 0: (ObserverWorker::AOSP_MP) [main] entering in startWork triggered by [content://media/external/file/1000020916]():  
05-14 07:12:55.062 20969 20969 I SCS@AiSearch user 0: (BaseCollector::AOSP_MP) [main] entering in onChange():  
05-14 07:12:55.062 20969 21908 I SCS@AiSearch user 0: (BaseCollector::AOSP_MP) [AOSP_MP-0] entering in collectChanges():  
05-14 07:12:55.064  3032  3063 D PackageManager: setEnabledSetting : userId = 0 packageName = com.samsung.android.scs cmp = androidx.work.impl.background.systemalarm.RescheduleReceiver newState = 1 callingPackage = com.samsung.android.scs
05-14 07:12:55.064  3032  3063 D ApplicationPolicy: getApplicationStateEnabled : pkg = com.samsung.android.scs userId : 0
05-14 07:12:55.065  3032  3063 D ApplicationPolicy: getApplicationComponentState : pkg = com.samsung.android.scs userId : 0
05-14 07:12:55.108 16360 16604 I TapTracker: 1.3)Thread operation monitoring ::: 05/14_07:12:55
05-14 07:12:55.132 20969 21908 I SCS@AiSearch user 0: (BaseCollector::AOSP_MP) fetchInternal values : maxSyncId: 1000020907 indexCount: 12725 sourceCount: 12725
05-14 07:12:55.140 20969 21908 I SCS@AiSearch user 0: (IndexManager) [AOSP_MP-0] entering in addIndex():  
05-14 07:12:55.141 20969 21908 I SCS@AiSearch user 0: (BaseCollector::AOSP_MP) fetch: fetching took  55 ms
05-14 07:12:55.141 20969 21908 I SCS@AiSearch user 0: (BaseCollector::AOSP_MP) fetchChanges: applied 0 items
05-14 07:12:55.141 20969 21908 I SCS@AiSearch user 0: (BaseCollector::AOSP_MP) Collect finished. Result: true
05-14 07:12:55.141 20969 21908 I SCS@AiSearch user 0: (BaseCollector::AOSP_MP) enqueue ObserverWorker name: com.sec.android.app.myfiles, policy: APPEND_OR_REPLACE
05-14 07:12:55.142 20969 21071 I WM-WorkerWrapper: Worker result SUCCESS for Work [ id=21587e0f-8502-4745-819c-418c70afec3d, tags={ com.sec.android.app.myfiles, com.samsung.android.scs.ai.search.data.collector.base.ObserverWorker } ]
05-14 07:12:55.148  3032  4878 D PackageManager: setEnabledSetting : userId = 0 packageName = com.samsung.android.scs cmp = androidx.work.impl.background.systemalarm.RescheduleReceiver newState = 1 callingPackage = com.samsung.android.scs
05-14 07:12:55.148  3032  4878 D ApplicationPolicy: getApplicationStateEnabled : pkg = com.samsung.android.scs userId : 0
05-14 07:12:55.148  3032  4878 D ApplicationPolicy: getApplicationComponentState : pkg = com.samsung.android.scs userId : 0
05-14 07:12:55.149 20969 21071 W JobInfo : Requested important-while-foreground flag for job186420 is ignored and takes no effect
05-14 07:12:55.330  3032  6735 D SemWifiUsabilityStatsMonitor: onWifiUsabilityStats - seqNum 21816, isSameBssidAndFreq true
05-14 07:12:55.332  3032  4418 D InsDataManager: onOutageCountUpdate() - Outage Data: 0, LQ : Y. Outage Triggered: false
05-14 07:12:55.332  3032  4418 D SemInsManager: {"bssid": "683a95c52437","rssi": -58.0,"latency": 0.0,"outage_count": 0,"lq_callback_triggered": true,"outage_log": "Unreliable statistics: -58.0 / 25 / 461 / 30 / 1 || 683a95c52437: 0.000 / 0.000 / @ || N N / 0 0 / Y 2.0 / Y X 0 / 175664018 0 || Invalid""Magnetic Sensor Events size": "0""Pressure Sensor Events size": "0"}
05-14 07:12:55.340  3032  4878 D SGM:GameManager: identifyForegroundApp. com.defaultcompany.rescuegrid.dev, mCurrentUserId: 0, callerUserId: 0
05-14 07:12:55.341 10818 10850 I PolicyManager: [#CMH#] Is foreground game app: false
05-14 07:12:55.344 10818 10850 I ControllerEventHandler: [#CMH#]  Check for starting Standalone FaceService for just shot ! 
05-14 07:12:55.344 10818 10850 I ControllerEventHandler: [#CMH#] requestToRegisterInstantWorker: mIsPolicyIgnore :  false
05-14 07:12:55.344 10818 10850 I ControllerUtils: [#CMH#] getFaceServiceUnProcessedMediaCount :E .. 
05-14 07:12:55.344 10818 10850 I ControllerEventHandler: [#CMH#] pendingCount<=0, ignore processing ,with isPolicyIgnore : false
05-14 07:12:55.398  3032  4415 I SemWifiServiceDetector: Service det. resumed: T / T / 10935
05-14 07:12:55.402  1321  1321 D io_stats: !@   8,0 r 21688123 472519584 w 8243859 185550384 d 1155250 276506776 f 267528 899838 iot 4977396 0 th 0 0 0 pt 0 inp 0 0 175664.089
05-14 07:12:55.402  1321  1321 D io_stats: !@ Read_top(KB): rs.media.module(8325) 488 kworker/u16:1(6775) 364 martsuggestions(8322) 60
05-14 07:12:55.402  1321  1321 D io_stats: !@ Write_top(KB): rs.media.module(8325) 788 kworker/u16:3(32011) 768 ung.android.scs(20969) 564
05-14 07:12:55.489  3032  4878 I ActivityManager: Broadcasting: Intent { act=android.intent.action.MEDIA_SCANNER_SCAN_FILE dat=file:///... flg=0x400000 }
05-14 07:12:55.491  3032  4878 I ActivityManager: Enqueued broadcast Intent { act=android.intent.action.MEDIA_SCANNER_SCAN_FILE dat=file:///... flg=0x400000 }: 0
05-14 07:12:55.494  8325  8325 I MediaServiceV2: Creating work for intent Intent { act=android.intent.action.MEDIA_SCANNER_SCAN_FILE dat=file:///... flg=0x1400010 cmp=com.google.android.providers.media.module/com.android.providers.media.MediaServiceV2 }
05-14 07:12:55.494  8325  8325 I MediaServiceV2: Work enqueued for intent: Intent { act=android.intent.action.MEDIA_SCANNER_SCAN_FILE dat=file:///... flg=0x1400010 cmp=com.google.android.providers.media.module/com.android.providers.media.MediaServiceV2 }
05-14 07:12:55.495  3032  3229 I ActivityManager: Broadcast completed: result=0
05-14 07:12:55.504  8325  8624 W JobInfo : Requested important-while-foreground flag for job6983 is ignored and takes no effect
05-14 07:12:55.504  8325  8624 D WM-SystemJobScheduler: Scheduling work ID 15f6a4a5-f25f-44ce-9ed1-12b4fd29b79cJob ID 6983
05-14 07:12:55.510  8325  8624 D WM-GreedyScheduler: Ignoring {WorkSpec: 8b0e26a1-da17-4a7d-8943-fa37401907bb}. Requires device idle.
05-14 07:12:55.510  8325  8624 D WM-GreedyScheduler: Ignoring {WorkSpec: 851dc692-8528-4451-a03e-188ed97a5b4d}. Requires device idle.
05-14 07:12:55.510  8325  8624 D WM-GreedyScheduler: Ignoring {WorkSpec: 00b34183-214c-4ec2-a349-e19f9227b254}. Requires device idle.
05-14 07:12:55.510  8325  8624 D WM-GreedyScheduler: Starting work for 15f6a4a5-f25f-44ce-9ed1-12b4fd29b79c
05-14 07:12:55.511  8325  8709 D WM-Processor: Processor: processing WorkGenerationalId(workSpecId=15f6a4a5-f25f-44ce-9ed1-12b4fd29b79c, generation=0)
05-14 07:12:55.512  8325  8325 D WM-SystemJobService: onStartJob for WorkGenerationalId(workSpecId=15f6a4a5-f25f-44ce-9ed1-12b4fd29b79c, generation=0)
05-14 07:12:55.514  8325  8325 D WM-WorkerWrapper: Starting work for com.android.providers.media.MediaServiceV2
05-14 07:12:55.515  8325 11056 I MediaServiceV2: Work initiated for action [ android.intent.action.MEDIA_SCANNER_SCAN_FILE ]
05-14 07:12:55.515  8325  8709 D WM-Processor: Work WorkGenerationalId(workSpecId=15f6a4a5-f25f-44ce-9ed1-12b4fd29b79c, generation=0) is already enqueued for processing
05-14 07:12:55.535  8325 11056 I Kumiho-Kumiho: getPackageName: com.google.android.providers.media.module
05-14 07:12:55.536  8325 11056 I Kumiho-Kumiho: getPackageName: com.google.android.providers.media.module
05-14 07:12:55.547  8325 11056 I MediaServiceV2: Work ended for action [ android.intent.action.MEDIA_SCANNER_SCAN_FILE ]
05-14 07:12:55.548  3032  7537 D SyncManager: userId - 0 auto - true
05-14 07:12:55.549  4191  4252 I MediaSyncer: generation: Generation(added=166690, modified=166699)
05-14 07:12:55.551  8325  8702 I WM-WorkerWrapper: Worker result SUCCESS for Work [ id=15f6a4a5-f25f-44ce-9ed1-12b4fd29b79c, tags={ com.android.providers.media.MediaServiceV2 } ]
05-14 07:12:55.553  8325  8325 D WM-Processor: Processor 15f6a4a5-f25f-44ce-9ed1-12b4fd29b79c executed; reschedule = false
05-14 07:12:55.553  8325  8325 D WM-SystemJobService: 15f6a4a5-f25f-44ce-9ed1-12b4fd29b79c executed on JobScheduler
05-14 07:12:55.559  8325  8702 D WM-GreedyScheduler: Cancelling work ID 15f6a4a5-f25f-44ce-9ed1-12b4fd29b79c
05-14 07:12:55.560  8325  8702 D WM-GreedyScheduler: Ignoring {WorkSpec: 8b0e26a1-da17-4a7d-8943-fa37401907bb}. Requires device idle.
05-14 07:12:55.560  8325  8702 D WM-GreedyScheduler: Ignoring {WorkSpec: 851dc692-8528-4451-a03e-188ed97a5b4d}. Requires device idle.
05-14 07:12:55.561  8325  8702 D WM-GreedyScheduler: Ignoring {WorkSpec: 00b34183-214c-4ec2-a349-e19f9227b254}. Requires device idle.
05-14 07:12:55.570 10818 10855 I BaseThreadPoolExecutor: [#CMH#] Task com.samsung.cmh.core.task.MediaContentSyncTask@d772d72 is submitted
05-14 07:12:55.572  4191  4252 I MediaSyncer: loaded: 22ms, Success(maxMediaId=1000020916, maxGenAdded=166699, maxGenModified=166700, count=1)
05-14 07:12:55.575  8325  8702 D WM-SystemJobScheduler: Scheduling work ID 68b36982-9373-4c2c-80c9-77292348a333Job ID 6984
05-14 07:12:55.577  8325  8702 D WM-GreedyScheduler: Ignoring {WorkSpec: 8b0e26a1-da17-4a7d-8943-fa37401907bb}. Requires device idle.
05-14 07:12:55.578  8325  8702 D WM-GreedyScheduler: Ignoring {WorkSpec: 851dc692-8528-4451-a03e-188ed97a5b4d}. Requires device idle.
05-14 07:12:55.578  8325  8702 D WM-GreedyScheduler: Ignoring {WorkSpec: 00b34183-214c-4ec2-a349-e19f9227b254}. Requires device idle.
05-14 07:12:55.589  4191  4246 W SefInterface$Companion: This file doesn't have SEF
05-14 07:12:55.616 10818 10941 I MediaContentSyncTask: [#CMH#] No of Row (SEC MP :  1912, Max Id : 2147488693) (CMH : 1911, Max Id : 2147488692) - Time :14
05-14 07:12:55.627 10818 10941 I MediaContentSyncTask: [#CMH#] Rebuilding contents count 1
05-14 07:12:55.628 10818 10941 I ImageFeatures: [#CMH#] Not support file type 
05-14 07:12:55.629  2087 10666 I sensors-hal: handle_sns_client_event:422, [0][2438] gyro_sample_cal(cal_available:1)(3) [-0.000, 0.000, 0.000] bias[ 0.003,-0.003, 0.002] 486012021115114
05-14 07:12:55.631 10818 10941 I MediaContentSyncTask: [#CMH#] Insert ITEM :  1
05-14 07:12:55.631 10818 10941 I BaseThreadPoolExecutor: [#CMH#] afterExecute FutureTask
05-14 07:12:55.632 10818 10941 I ControllerEventHandler: [#CMH#] New Task for wait content sync job 
05-14 07:12:55.632 10818 10941 I BaseThreadPoolExecutor: [#CMH#] Task com.samsung.cmh.core.task.MediaContentSyncTask@d772d72 is submitted
05-14 07:12:55.657 10818 10941 I MediaContentSyncTask: [#CMH#] No of Row (SEC MP :  1912, Max Id : 2147488693) (CMH : 1912, Max Id : 2147488693) - Time :10
05-14 07:12:55.681 10818 10941 I MediaContentSyncTask: [#CMH#] MP time stamp :  1778757175589, CMH time stamp : 1778757172742
05-14 07:12:55.695 10818 10941 I MediaContentSyncTask: [#CMH#] Update ITEM  :  1
05-14 07:12:55.697 10818 10941 I MediaContentSyncTask: [#CMH#] Update Cursor Count (1=>1), Time: 2 
05-14 07:12:55.700 10818 10941 I MediaContentSyncTask: [#CMH#] Update ITEM :  1
05-14 07:12:55.705 10818 10941 I BaseThreadPoolExecutor: [#CMH#] afterExecute FutureTask
05-14 07:12:55.705 10818 10941 I ControllerEventHandler: [#CMH#] Alive Privacy Ignored Policy Called:  false
05-14 07:12:55.858 10606 10640 I Unity   : SetGameState: isLoading: true, mode: UNKNOWN, label: -4, quality: 2
05-14 07:12:55.859  2203  2211 E HeatmapThread: ECT Thread time in milliseconds: 1778757175
05-14 07:12:55.862  2203  2211 D HeatmapThread: !@ batteryplugType : 2
05-14 07:12:55.862  2203  2211 D HeatmapThread: !@ batteryLevel : 49  batteryTemperature : 299 
05-14 07:12:55.862  2203  2211 D HeatmapThread: !@ Heatmap currtime: 29645952
05-14 07:12:55.863  2203  2211 D HeatmapThread: !@ Heatmap prevtime: 29645923
05-14 07:12:55.863  2203  2211 D HeatmapThread: !@ Heatmap plugstarttime: 29645897
05-14 07:12:55.863  2203  2211 D HeatmapThread: !@ Heatmap prevv_dsoh_update_time: 29643986
05-14 07:12:55.863  2203  2211 E HeatmapThread: !@ CAM New BSOH: 100
05-14 07:12:55.886 10606 10640 I Unity   : [AndroidWhiteoutDiagnostics] level=L08 platform=Android quality=2/Medium colorSpace=Gamma graphicsApi=Vulkan graphicsDevice='Adreno (TM) 750' screen=1080x2256 orientation=Portrait cameras=[Main Camera{enabled=True, clear=Skybox, bg=(0.039,0.043,0.059,0), cull=-1, depth=-1, near=0.3, far=1000, pos=(0,20,-14), rot=(60,0,0)}; GameStateViewRoot/BoardStageRoot/BoardContentRoot/Content_04_03_Target_0/Visual/Camera{enabled=False, clear=Skybox, bg=(0.192,0.302,0.475,0), cull=-1, depth=0, near=0.1, far=100, pos=(11.723,10.528,-9.989), rot=(36.09,306.265,346.523)}] canvases=[SettingsMenu/SettingsMenuCanvas{enabled=True, renderMode=ScreenSpaceOverlay, sortingLayer=Default, order=1000}] suspiciousRenderers=[GameStateViewRoot/DockRoot/SharedDockVisualInstance/Visual{enabled=True, type=MeshRenderer, layer=0, sortingLayer=Default, order=0, cast=On, receive=True, bounds=(9.72,1.383,2.853), pos=(0,-0.483,-9.85), material='Dock_Safe_Phase1', shader='Standard', matColor=(1,1,1,1)}; Main Camera/SceneBackground{enabled=True, typ
05-14 07:12:55.889 10606 10640 I Unity   : SetGameState: isLoading: false, mode: UNKNOWN, label: 0, quality: 2
05-14 07:12:55.905  2087 10657 I sensors-hal: handle_sns_client_event:375, [0][24512] accel_sample [ 0.144,  0.096,  9.854] 486012306452823
05-14 07:12:55.906 10606 10640 I Unity   : [AndroidWhiteoutCommand] level=L08 diagnosticMove=1 coord=(0,0) groupSize=2 applied=True
05-14 07:12:55.906 10606 10640 I Unity   : UnityEngine.DebugLogHandler:Internal_Log(LogType, LogOption, String, Object)
05-14 07:12:55.906 10606 10640 I Unity   : UnityEngine.DebugLogHandler:LogFormat(LogType, Object, String, Object[])
05-14 07:12:55.906 10606 10640 I Unity   : UnityEngine.Logger:Log(LogType, Object)
05-14 07:12:55.906 10606 10640 I Unity   : UnityEngine.Debug:Log(Object)
05-14 07:12:55.906 10606 10640 I Unity   : Rescue.Unity.Diagnostics.<RunCommand>d__8:MoveNext() (at C:\Users\jwmcg\OneDrive\Documents\AI Projects\Live Envirnments\rescue-grid\Assets\Rescue.Unity\Diagnostics\AndroidWhiteoutCommandBridge.cs:103)
05-14 07:12:55.906 10606 10640 I Unity   : UnityEngine.SetupCoroutine:InvokeMoveNext(IEnumerator, IntPtr) (at \home\bokken\build\output\unity\unity\Runtime\Export\Scripting\Coroutines.cs:17)
05-14 07:12:55.906 10606 10640 I Unity   : 
05-14 07:12:55.912 10606 10640 I Unity   : [AndroidWhiteoutDiagnostics] level=L08 platform=Android quality=2/Medium colorSpace=Gamma graphicsApi=Vulkan graphicsDevice='Adreno (TM) 750' screen=1080x2256 orientation=Portrait cameras=[Main Camera{enabled=True, clear=Skybox, bg=(0.039,0.043,0.059,0), cull=-1, depth=-1, near=0.3, far=1000, pos=(0,20,-14), rot=(60,0,0)}; GameStateViewRoot/BoardStageRoot/BoardContentRoot/Content_04_03_Target_0/Visual/Camera{enabled=False, clear=Skybox, bg=(0.192,0.302,0.475,0), cull=-1, depth=0, near=0.1, far=100, pos=(11.723,10.528,-9.989), rot=(36.09,306.265,346.523)}] canvases=[SettingsMenu/SettingsMenuCanvas{enabled=True, renderMode=ScreenSpaceOverlay, sortingLayer=Default, order=1000}] suspiciousRenderers=[GameStateViewRoot/DockRoot/SharedDockVisualInstance/Visual{enabled=True, type=MeshRenderer, layer=0, sortingLayer=Default, order=0, cast=On, receive=True, bounds=(9.72,1.383,2.853), pos=(0,-0.483,-9.85), material='Dock_Safe_Phase1', shader='Standard', matColor=(1,1,1,1)}; Main Camera/SceneBackground{enabled=True, typ
05-14 07:12:55.912 10606 10640 I Unity   : [AndroidWhiteoutCommand] ready level=L08 requestedMoves=1 appliedMoves=1 actionCount=1
05-14 07:12:55.912 10606 10640 I Unity   : UnityEngine.DebugLogHandler:Internal_Log(LogType, LogOption, String, Object)
05-14 07:12:55.912 10606 10640 I Unity   : UnityEngine.DebugLogHandler:LogFormat(LogType, Object, String, Object[])
05-14 07:12:55.912 10606 10640 I Unity   : UnityEngine.Logger:Log(LogType, Object)
05-14 07:12:55.912 10606 10640 I Unity   : UnityEngine.Debug:Log(Object)
05-14 07:12:55.912 10606 10640 I Unity   : Rescue.Unity.Diagnostics.<RunCommand>d__8:MoveNext() (at C:\Users\jwmcg\OneDrive\Documents\AI Projects\Live Envirnments\rescue-grid\Assets\Rescue.Unity\Diagnostics\AndroidWhiteoutCommandBridge.cs:117)
05-14 07:12:55.912 10606 10640 I Unity   : UnityEngine.SetupCoroutine:InvokeMoveNext(IEnumerator, IntPtr) (at \home\bokken\build\output\unity\unity\Runtime\Export\Scripting\Coroutines.cs:17)
05-14 07:12:55.912 10606 10640 I Unity   : 
05-14 07:12:56.065 20969 20969 I SCS@AiSearch user 0: (ObserverWorker::AOSP_MP) [main] entering in startWork triggered by [content://media/external/file/1000020916]():  
05-14 07:12:56.066 20969 20969 I SCS@AiSearch user 0: (BaseCollector::AOSP_MP) [main] entering in onChange():  
05-14 07:12:56.066 20969 21908 I SCS@AiSearch user 0: (BaseCollector::AOSP_MP) [AOSP_MP-0] entering in collectChanges():  
05-14 07:12:56.072  3032  3829 D PackageManager: setEnabledSetting : userId = 0 packageName = com.samsung.android.scs cmp = androidx.work.impl.background.systemalarm.RescheduleReceiver newState = 1 callingPackage = com.samsung.android.scs
05-14 07:12:56.072  3032  3829 D ApplicationPolicy: getApplicationStateEnabled : pkg = com.samsung.android.scs userId : 0
05-14 07:12:56.073  3032  3829 D ApplicationPolicy: getApplicationComponentState : pkg = com.samsung.android.scs userId : 0
05-14 07:12:56.094  3032  3844 I JobScheduler.HeavyJobController: com.samsung.android.smartsuggestions/androidx.work.impl.background.systemjob.SystemJobService has heavy job's constraints.
05-14 07:12:56.095  3032  3844 I JobScheduler: HeavyJobController::heavy job upper limit: 600000(1800000|1800000)
05-14 07:12:56.114 28679 30053 I Moneta::RemoteWorker: WorkerStart DATA_OBSERVER [attempt=0, stop reason=NOT_STOPPED], workLog = WorkLog(id=d4eaf0da-0109-4d37-ad2f-2bb96b403d7e-0, workTag=DATA_OBSERVER, startTime=0, endTime=null, stopTime=null, state=START, retryCount=0, errorCode=-256, tags=[gallery], executorThreadId=null)
05-14 07:12:56.114 28679 30053 I Moneta::BuiltInDataObserver: doWork - tag: gallery
05-14 07:12:56.114 28679 30053 I Moneta::BatchDataCollectingWorkerController: execute
