05-14 07:12:42.042  4784  6167 I ScanController: onScanResult to scannerId: 5- eventType=0x1b, addressType=0, address=XX:XX:XX:XX:03:CD, primaryPhy=1, secondaryPhy=0, advertisingSid=0xff, txPower=127, rssi=-94, periodicAdvInt=0x0
05-14 07:12:42.043  4784  6167 I ScanController: onScanResult to scannerId: 6- eventType=0x1b, addressType=0, address=XX:XX:XX:XX:03:CD, primaryPhy=1, secondaryPhy=0, advertisingSid=0xff, txPower=127, rssi=-94, periodicAdvInt=0x0
05-14 07:12:42.045 16128 16448 I [-0400]oneconnect[1.8.45.24_01][CORE]: DataConvert.parseBleVd - deviceBle : |name:($)-U(19)|deviceType:AV|discoverType:_BLE|services:None|connected:false[AvStatus]32[AvService]17[AvYear]2017[AvOcfInfo]0[ExtendedStatus]1[ModuloSerialNumber]89[RemotelessHash][0, 0]
05-14 07:12:42.078  2077  6139 I vendor.qti.bluetooth@1.1-ibs_handler: ProcessIbsCmd: Received IBS_SLEEP_IND: 0xFE
05-14 07:12:42.078  2077  6139 D vendor.qti.bluetooth@1.1-ibs_handler: SerialClockVote: vote for UART CLK OFF
05-14 07:12:42.229  2077  5340 D vendor.qti.bluetooth@1.1-wake_lock: Release wakelock is released 
05-14 07:12:42.859  2203  2211 E HeatmapThread: ECT Thread time in milliseconds: 1778757162
05-14 07:12:42.862  2203  2211 D HeatmapThread: !@ batteryplugType : 2
05-14 07:12:42.863  2203  2211 D HeatmapThread: !@ batteryLevel : 49  batteryTemperature : 299 
05-14 07:12:42.863  2203  2211 D HeatmapThread: !@ Heatmap currtime: 29645952
05-14 07:12:42.863  2203  2211 D HeatmapThread: !@ Heatmap prevtime: 29645923
05-14 07:12:42.863  2203  2211 D HeatmapThread: !@ Heatmap plugstarttime: 29645897
05-14 07:12:42.863  2203  2211 D HeatmapThread: !@ Heatmap prevv_dsoh_update_time: 29643986
05-14 07:12:42.863  2203  2211 E HeatmapThread: !@ CAM New BSOH: 100
05-14 07:12:42.970  3032  4437 V SemStrongRssiRoaming: POLL (Rssi:-58 MinRssi:-49 Guard:0)
05-14 07:12:42.990  3032  7531 E BatteryStatsService: Invalid uid for waking network packet: -1
05-14 07:12:43.269  3032  6735 D SemWifiUsabilityStatsMonitor: onWifiUsabilityStats - seqNum 21812, isSameBssidAndFreq true
05-14 07:12:43.271  4782  4782 I EPDG -- SIM1 [SMARTWIFI]: isProfiling, hash=6285797, started=true
05-14 07:12:43.271  3032  4418 D InsDataManager: onOutageCountUpdate() - Outage Data: 0, LQ : Y. Outage Triggered: false
05-14 07:12:43.271  4782  4782 I EPDG -- SIM1 [SMARTWIFI]: isWifiRssiLessOrEqualsHandoverThreshold: received rssi is: -58 handover threshold is: -85
05-14 07:12:43.271  4782  4782 I EPDG -- SIM1 [SMARTWIFI]: isProfiling, hash=6285797, started=true
05-14 07:12:43.272  3032  4418 D SemInsManager: {"bssid": "683a95c52437","rssi": -58.0,"latency": 0.0,"outage_count": 0,"lq_callback_triggered": true,"outage_log": "Unreliable statistics: -58.0 / 28 / 383 / 62 / 1 || 683a95c52437: 0.000 / 0.000 / @ || N N / 0 0 / Y 2.0 / Y X 0 / 175651956 0 || Invalid""Magnetic Sensor Events size": "0""Pressure Sensor Events size": "0"}
05-14 07:12:43.272  4782  4782 I EPDG -- SIM1 [SMARTWIFI]: Rssi : -58 highrange : -71 lowrange : -80 mIsRssiInHystersis : false
05-14 07:12:43.272  4782  4782 I EPDG -- SIM1 [SMARTWIFI]: Rssi : -58 highrange : -71 lowrange : -80 mIsRssiInHystersis : false
05-14 07:12:43.272  4782  4782 I EPDG -- SIM1 [SMARTWIFI]: isL2WHandoverProfilingRunning: returning: false
05-14 07:12:43.272  4782  4782 I EPDG -- SIM1 [SMARTWIFI]: No need to send L2WHandoverProfiling runnable
05-14 07:12:43.272  4782  4782 I EPDG -- SIM1 [SMARTWIFI]: getHandoverThresholdMet: value is: false
05-14 07:12:43.384  1321  1321 D io_stats: !@   8,0 r 21686775 472505596 w 8243106 185544428 d 1155250 276506776 f 267518 899796 iot 4976836 0 th 0 0 0 pt 0 inp 0 0 175652.071
05-14 07:12:43.385  1321  1321 D io_stats: !@ Write_top(KB): kworker/u16:5(8140) 1168 soft.appmanager(30287) 16 jbd2/sda9-8(1266) 8
05-14 07:12:43.483  2087  8142 I sensors-hal: handle_sns_std_sensor_event:131, [SSC_LIGHT] A: 44(44),c:0,b:78,m:13,cl:0,l:44,s:32,l0:8224,l1:32,s0:6000,s1:0,acl:1,opr:0.08,f(r):74,u(bl):100,if:0,wi:2,si:0,po:172(N:0)
05-14 07:12:43.483  2087 10648 I sensors-hal: handle_sns_std_sensor_event:409, [SSC_LIGHT] P: 44(44),c:0,b:78,m:13,cl:0,l:44,s:32,l0:8224,l1:32,s0:6000,s1:0,acl:1,opr:0.08,f(r):74,u(bl):100,if:0,wi:2,si:0,po:172(N:0)
05-14 07:12:43.612  2087 10666 I sensors-hal: handle_sns_client_event:422, [0][1871] gyro_sample_cal(cal_available:1)(3) [-0.000,-0.000,-0.000] bias[ 0.003,-0.003, 0.002] 486000003110687
05-14 07:12:43.798  2077  6139 I vendor.qti.bluetooth@1.1-ibs_handler: ProcessIbsCmd: Received IBS_WAKE_IND: 0xFD
05-14 07:12:43.798  2077  6139 D vendor.qti.bluetooth@1.1-ibs_handler: SerialClockVote: vote for UART CLK ON
05-14 07:12:43.798  2077  6139 D vendor.qti.bluetooth@1.1-wake_lock: Acquire wakelock is acquired 
05-14 07:12:43.798  2077  6139 I vendor.qti.bluetooth@1.1-ibs_handler: ProcessIbsCmd: Writing IBS_WAKE_ACK
05-14 07:12:43.808  4784  6167 I ScanController: onScanResult to scannerId: 5- eventType=0x10, addressType=0, address=XX:XX:XX:XX:97:3F, primaryPhy=1, secondaryPhy=0, advertisingSid=0xff, txPower=127, rssi=-82, periodicAdvInt=0x0
05-14 07:12:43.816 16128 16448 I [-0400]oneconnect[1.8.45.24_01][CORE]: DataConvert.parseBleVd - deviceBle : |name:|deviceType:TV|discoverType:_BLE|services:None|connected:false[TvStatusString]POWER_OFF[TvStatus]-128[TvService]102[TvMirrorChannel]1[TvRegisteredDB][-8, 104, -49, -60, -127, 65][TvYear]2016[TvOcfInfo]0[TvAcmStatus]0[ExTvStatus]0[ExtendedStatus]-1[ModuloSn]-1
05-14 07:12:43.846  2077  6139 I vendor.qti.bluetooth@1.1-ibs_handler: ProcessIbsCmd: Received IBS_SLEEP_IND: 0xFE
05-14 07:12:43.846  2077  6139 D vendor.qti.bluetooth@1.1-ibs_handler: SerialClockVote: vote for UART CLK OFF
05-14 07:12:43.859  2203  2211 E HeatmapThread: ECT Thread time in milliseconds: 1778757163
05-14 07:12:43.862  2203  2211 D HeatmapThread: !@ batteryplugType : 2
05-14 07:12:43.862  2203  2211 D HeatmapThread: !@ batteryLevel : 49  batteryTemperature : 299 
05-14 07:12:43.862  2203  2211 D HeatmapThread: !@ Heatmap currtime: 29645952
05-14 07:12:43.862  2203  2211 D HeatmapThread: !@ Heatmap prevtime: 29645923
05-14 07:12:43.862  2203  2211 D HeatmapThread: !@ Heatmap plugstarttime: 29645897
05-14 07:12:43.862  2203  2211 D HeatmapThread: !@ Heatmap prevv_dsoh_update_time: 29643986
05-14 07:12:43.862  2203  2211 E HeatmapThread: !@ CAM New BSOH: 100
05-14 07:12:43.900  2087 10657 I sensors-hal: handle_sns_client_event:375, [0][18848] accel_sample [ 0.148,  0.067,  9.839] 486000301164802
05-14 07:12:43.944  2077  6139 I vendor.qti.bluetooth@1.1-ibs_handler: ProcessIbsCmd: Received IBS_WAKE_IND: 0xFD
05-14 07:12:43.944  2077  6139 D vendor.qti.bluetooth@1.1-ibs_handler: SerialClockVote: vote for UART CLK ON
05-14 07:12:43.944  2077  6139 I vendor.qti.bluetooth@1.1-ibs_handler: ProcessIbsCmd: Writing IBS_WAKE_ACK
05-14 07:12:43.949  4784  6167 I ScanController: onScanResult to scannerId: 5- eventType=0x10, addressType=0, address=XX:XX:XX:XX:97:3F, primaryPhy=1, secondaryPhy=0, advertisingSid=0xff, txPower=127, rssi=-82, periodicAdvInt=0x0
05-14 07:12:43.955 16128 16448 I [-0400]oneconnect[1.8.45.24_01][CORE]: DataConvert.parseBleVd - deviceBle : |name:|deviceType:TV|discoverType:_BLE|services:None|connected:false[TvStatusString]POWER_OFF[TvStatus]-128[TvService]102[TvMirrorChannel]1[TvRegisteredDB][-8, 104, -49, -60, -127, 65][TvYear]2016[TvOcfInfo]0[TvAcmStatus]0[ExTvStatus]0[ExtendedStatus]-1[ModuloSn]-1
05-14 07:12:43.986  2077  6139 I vendor.qti.bluetooth@1.1-ibs_handler: ProcessIbsCmd: Received IBS_SLEEP_IND: 0xFE
05-14 07:12:43.986  2077  6139 D vendor.qti.bluetooth@1.1-ibs_handler: SerialClockVote: vote for UART CLK OFF
05-14 07:12:44.124  4719 21222 D IpClient/wlan0: addressUpdated: 2601:c2:1b01:faf0:64cd:3dff:fe7c:c487/64 on ifindex 45 flags 0x00000100 scope 0
05-14 07:12:44.127  4719 21222 D IpClient/wlan0: addressUpdated: 2601:c2:1b01:faf0:70e6:9536:bc73:1c12/64 on ifindex 45 flags 0x00000001 scope 0
05-14 07:12:44.127  4719 21222 W AlarmManager: Unrecognized alarm listener com.android.networkstack.android.net.ip.IpClientLinkObserver$Dhcp6PdPreferredPrefixAlarmListener@b1aaabc
05-14 07:12:44.127  4782  4782 I EPDG -- SIM1 [EpdgIntfCont]: sendInterfaceMessage, not mobile, ignore
05-14 07:12:44.127  4782  4782 I EPDG -- SIM0 [EpdgIntfCont]: sendInterfaceMessage, not mobile, ignore
05-14 07:12:44.127  4782  4782 I EPDG -- SIM0 [EpdgIntfCont]: sendInterfaceMessage, not mobile, ignore
05-14 07:12:44.127  4782  4782 I EPDG -- SIM1 [EpdgIntfCont]: sendInterfaceMessage, not mobile, ignore
05-14 07:12:44.128  4719 21222 D ApfFilter: (wlan0): Ignoring RA RA fe80::be9b:68ff:fe3a:95c4 -> ff02::1 180s 2601:c2:1b01:faf0::/64 300s/300s DNS 180s 2001:558:feed::1 2001:558:feed::2 RIO 180s ::/0  which matches RA fe80::be9b:68ff:fe3a:95c4 -> ff02::1 180s 2601:c2:1b01:faf0::/64 300s/300s DNS 180s 2001:558:feed::1 2001:558:feed::2 RIO 180s ::/0 
05-14 07:12:44.136  2077  5340 D vendor.qti.bluetooth@1.1-wake_lock: Release wakelock is released 
05-14 07:12:44.588  8430  8430 I SDHMS:LOAD: type: LoadsFreqs, value: 72:0:84:713471:902400:672000:736512:3148800:499200:231:231:231
05-14 07:12:44.859  2203  2211 E HeatmapThread: ECT Thread time in milliseconds: 1778757164
05-14 07:12:44.864  2203  2211 D HeatmapThread: !@ batteryplugType : 2
05-14 07:12:44.864  2203  2211 D HeatmapThread: !@ batteryLevel : 49  batteryTemperature : 299 
05-14 07:12:44.864  2203  2211 D HeatmapThread: !@ Heatmap currtime: 29645952
05-14 07:12:44.865  2203  2211 D HeatmapThread: !@ Heatmap prevtime: 29645923
05-14 07:12:44.865  2203  2211 D HeatmapThread: !@ Heatmap plugstarttime: 29645897
05-14 07:12:44.865  2203  2211 D HeatmapThread: !@ Heatmap prevv_dsoh_update_time: 29643986
05-14 07:12:44.865  2203  2211 E HeatmapThread: !@ CAM New BSOH: 100
05-14 07:12:45.162  2210  2210 I SurfaceFlinger: SFWD update time=175653849087783
05-14 07:12:45.245  4784  5325 W bluetooth: system/gd/hci/le_address_manager.cc:337 pause_registered_clients: pause_registered_clients
05-14 07:12:45.246  4784  5325 W bluetooth: system/gd/hci/le_scanning_manager.cc:1811 OnPause: OnPause
05-14 07:12:45.246  4784  5325 W bluetooth: system/gd/hci/le_scanning_manager.cc:768 stop_scan: stop_scan
05-14 07:12:45.246  4784  5325 I bluetooth: system/gd/hci/le_advertising_manager.cc:1484 OnPause: address_manager_registered=true
05-14 07:12:45.246  2077  2077 D vendor.qti.bluetooth@1.1-ibs_handler: SerialClockVote: vote for UART CLK ON
05-14 07:12:45.248  2077  2077 D vendor.qti.bluetooth@1.1-wake_lock: Acquire wakelock is acquired 
05-14 07:12:45.248  2077  2077 I vendor.qti.bluetooth@1.1-ibs_handler: DeviceWakeUp: Writing IBS_WAKE_IND
05-14 07:12:45.253  2077  6139 I vendor.qti.bluetooth@1.1-ibs_handler: ProcessIbsCmd: Received IBS_WAKE_ACK: 0xFC
05-14 07:12:45.253  2077  6139 I vendor.qti.bluetooth@1.1-ibs_handler: ProcessIbsCmd: Signal wack_cond_
05-14 07:12:45.254  2077  2077 D vendor.qti.bluetooth@1.1-ibs_handler: DeviceWakeUp: Unblocked from waiting for FC, pthread_cond_timedwait ret = 0
05-14 07:12:45.254  4784  5325 W bluetooth: system/gd/hci/le_address_manager.cc:370 ack_pause: Client already in paused state
05-14 07:12:45.255  4784  5325 W bluetooth: system/gd/hci/le_address_manager.cc:374 ack_pause: Wait all clients paused, return
05-14 07:12:45.255  4784  5325 W bluetooth: system/gd/hci/le_address_manager.cc:370 ack_pause: Client already in paused state
05-14 07:12:45.255  4784  5325 W bluetooth: system/gd/hci/le_address_manager.cc:370 ack_pause: Client already in paused state
05-14 07:12:45.255  4784  5325 I bluetooth: system/gd/hci/le_address_manager.cc:581 GetNextPrivateAddressIntervalRange: client=LeAddressManager, nonwake=7m11s, wake=14m11s
05-14 07:12:45.255  2077  6139 I vendor.qti.bluetooth@1.1-ibs_handler: ProcessIbsCmd: Received IBS_WAKE_IND: 0xFD
05-14 07:12:45.255  2077  6139 I vendor.qti.bluetooth@1.1-ibs_handler: ProcessIbsCmd: Writing IBS_WAKE_ACK
05-14 07:12:45.273  4784  5325 I bluetooth: system/gd/hci/le_address_manager.cc:816 OnCommandComplete: Received command complete with op_code LE_SET_RANDOM_ADDRESS(0x2005)
05-14 07:12:45.273  4784  5325 I bluetooth: system/gd/hci/le_address_manager.cc:836 OnCommandComplete: update random address : xx:xx:xx:xx:91:ac
05-14 07:12:45.273  4784  5325 I bluetooth: system/gd/hci/le_address_manager.cc:397 resume_registered_clients: Resuming registered clients
05-14 07:12:45.273  4784  5325 W bluetooth: system/gd/hci/le_scanning_manager.cc:1825 OnResume: OnResume
05-14 07:12:45.273  4784  5325 W bluetooth: system/gd/hci/le_scanning_manager.cc:1828 OnResume: scan_on_resume_
05-14 07:12:45.273  4784  5325 W bluetooth: system/gd/hci/le_scanning_manager.cc:1834 OnResume: configure_scan_on_resume
05-14 07:12:45.273  4784  5325 I bluetooth: system/gd/hci/le_scanning_manager.cc:765 stop_scan: Scanning already stopped, return!
05-14 07:12:45.273  4784  5325 W bluetooth: system/gd/hci/le_scanning_manager.cc:732 start_scan: start_scan
05-14 07:12:45.274  4784  5325 I bluetooth: system/gd/hci/le_advertising_manager.cc:1532 OnResume: address_manager_registered=true
05-14 07:12:45.321  2077  6139 I vendor.qti.bluetooth@1.1-ibs_handler: ProcessIbsCmd: Received IBS_SLEEP_IND: 0xFE
05-14 07:12:45.328  2077  6139 I vendor.qti.bluetooth@1.1-ibs_handler: ProcessIbsCmd: Received IBS_WAKE_IND: 0xFD
05-14 07:12:45.328  2077  6139 I vendor.qti.bluetooth@1.1-ibs_handler: ProcessIbsCmd: Writing IBS_WAKE_ACK
05-14 07:12:45.335  4784  6167 I ScanController: onScanResult to scannerId: 5- eventType=0x10, addressType=0, address=XX:XX:XX:XX:97:3F, primaryPhy=1, secondaryPhy=0, advertisingSid=0xff, txPower=127, rssi=-88, periodicAdvInt=0x0
05-14 07:12:45.340 16128 16448 I [-0400]oneconnect[1.8.45.24_01][CORE]: DataConvert.parseBleVd - deviceBle : |name:|deviceType:TV|discoverType:_BLE|services:None|connected:false[TvStatusString]POWER_OFF[TvStatus]-128[TvService]102[TvMirrorChannel]1[TvRegisteredDB][-8, 104, -49, -60, -127, 65][TvYear]2016[TvOcfInfo]0[TvAcmStatus]0[ExTvStatus]0[ExtendedStatus]-1[ModuloSn]-1
05-14 07:12:45.369  2077  6139 I vendor.qti.bluetooth@1.1-ibs_handler: ProcessIbsCmd: Received IBS_SLEEP_IND: 0xFE
05-14 07:12:45.483  2077  6139 I vendor.qti.bluetooth@1.1-ibs_handler: ProcessIbsCmd: Received IBS_WAKE_IND: 0xFD
05-14 07:12:45.484  2077  6139 I vendor.qti.bluetooth@1.1-ibs_handler: ProcessIbsCmd: Writing IBS_WAKE_ACK
05-14 07:12:45.491  4784  6167 I ScanController: onScanResult to scannerId: 5- eventType=0x10, addressType=0, address=XX:XX:XX:XX:97:3F, primaryPhy=1, secondaryPhy=0, advertisingSid=0xff, txPower=127, rssi=-87, periodicAdvInt=0x0
05-14 07:12:45.497 16128 16448 I [-0400]oneconnect[1.8.45.24_01][CORE]: DataConvert.parseBleVd - deviceBle : |name:|deviceType:TV|discoverType:_BLE|services:None|connected:false[TvStatusString]POWER_OFF[TvStatus]-128[TvService]102[TvMirrorChannel]1[TvRegisteredDB][-8, 104, -49, -60, -127, 65][TvYear]2016[TvOcfInfo]0[TvAcmStatus]0[ExTvStatus]0[ExtendedStatus]-1[ModuloSn]-1
05-14 07:12:45.528  2077  6139 I vendor.qti.bluetooth@1.1-ibs_handler: ProcessIbsCmd: Received IBS_SLEEP_IND: 0xFE
05-14 07:12:45.534  2077  6139 I vendor.qti.bluetooth@1.1-ibs_handler: ProcessIbsCmd: Received IBS_WAKE_IND: 0xFD
05-14 07:12:45.534  2077  6139 I vendor.qti.bluetooth@1.1-ibs_handler: ProcessIbsCmd: Writing IBS_WAKE_ACK
05-14 07:12:45.539  4784  6167 I ScanController: onScanResult to scannerId: 5- eventType=0x1b, addressType=0, address=XX:XX:XX:XX:03:CD, primaryPhy=1, secondaryPhy=0, advertisingSid=0xff, txPower=127, rssi=-89, periodicAdvInt=0x0
05-14 07:12:45.540  4784  6167 I ScanController: onScanResult to scannerId: 6- eventType=0x1b, addressType=0, address=XX:XX:XX:XX:03:CD, primaryPhy=1, secondaryPhy=0, advertisingSid=0xff, txPower=127, rssi=-89, periodicAdvInt=0x0
05-14 07:12:45.543 16128 16448 I [-0400]oneconnect[1.8.45.24_01][CORE]: DataConvert.parseBleVd - deviceBle : |name:($)-U(19)|deviceType:AV|discoverType:_BLE|services:None|connected:false[AvStatus]32[AvService]17[AvYear]2017[AvOcfInfo]0[ExtendedStatus]1[ModuloSerialNumber]89[RemotelessHash][0, 0]
05-14 07:12:45.575  2077  6139 I vendor.qti.bluetooth@1.1-ibs_handler: ProcessIbsCmd: Received IBS_SLEEP_IND: 0xFE
05-14 07:12:45.625  2087 10666 I sensors-hal: handle_sns_client_event:422, [0][1966] gyro_sample_cal(cal_available:1)(3) [ 0.001, 0.000, 0.000] bias[ 0.003,-0.003, 0.002] 486002016706833
05-14 07:12:45.737 10606 10640 I Unity   : SetGameState: isLoading: true, mode: UNKNOWN, label: -4, quality: 2
05-14 07:12:45.774 10606 10640 I Unity   : [AndroidWhiteoutDiagnostics] level=L07 platform=Android quality=2/Medium colorSpace=Gamma graphicsApi=Vulkan graphicsDevice='Adreno (TM) 750' screen=1080x2256 orientation=Portrait cameras=[GameStateViewRoot/BoardStageRoot/BoardContentRoot/Content_04_03_Target_0/Visual/Camera{enabled=False, clear=Skybox, bg=(0.192,0.302,0.475,0), cull=-1, depth=0, near=0.1, far=100, pos=(12.778,11.474,-10.767), rot=(36.09,306.265,346.523)}; Main Camera{enabled=True, clear=Skybox, bg=(0.039,0.043,0.059,0), cull=-1, depth=-1, near=0.3, far=1000, pos=(0,20,-14), rot=(60,0,0)}] canvases=[SettingsMenu/SettingsMenuCanvas{enabled=True, renderMode=ScreenSpaceOverlay, sortingLayer=Default, order=1000}] suspiciousRenderers=[GameStateViewRoot/DockRoot/SharedDockVisualInstance/Visual{enabled=True, type=MeshRenderer, layer=0, sortingLayer=Default, order=0, cast=On, receive=True, bounds=(9.72,1.383,2.853), pos=(0,-0.483,-9.85), material='Dock_Safe_Phase1', shader='Standard', matColor=(1,1,1,1)}; Main Camera/SceneBackground{enabled=True, ty
05-14 07:12:45.779 10606 10640 I Unity   : SetGameState: isLoading: false, mode: UNKNOWN, label: 0, quality: 2
05-14 07:12:45.785 10606 10640 I Unity   : [AndroidWhiteoutDiagnostics] level=L07 platform=Android quality=2/Medium colorSpace=Gamma graphicsApi=Vulkan graphicsDevice='Adreno (TM) 750' screen=1080x2256 orientation=Portrait cameras=[GameStateViewRoot/BoardStageRoot/BoardContentRoot/Content_04_03_Target_0/Visual/Camera{enabled=False, clear=Skybox, bg=(0.192,0.302,0.475,0), cull=-1, depth=0, near=0.1, far=100, pos=(13.115,11.775,-11.015), rot=(36.09,306.265,346.523)}; Main Camera{enabled=True, clear=Skybox, bg=(0.039,0.043,0.059,0), cull=-1, depth=-1, near=0.3, far=1000, pos=(0,20,-14), rot=(60,0,0)}] canvases=[SettingsMenu/SettingsMenuCanvas{enabled=True, renderMode=ScreenSpaceOverlay, sortingLayer=Default, order=1000}] suspiciousRenderers=[GameStateViewRoot/DockRoot/SharedDockVisualInstance/Visual{enabled=True, type=MeshRenderer, layer=0, sortingLayer=Default, order=0, cast=On, receive=True, bounds=(9.72,1.383,2.853), pos=(0,-0.483,-9.85), material='Dock_Safe_Phase1', shader='Standard', matColor=(1,1,1,1)}; Main Camera/SceneBackground{enabled=True, ty
05-14 07:12:45.785 10606 10640 I Unity   : [AndroidWhiteoutCommand] ready level=L07 requestedMoves=0 appliedMoves=0 actionCount=0
05-14 07:12:45.785 10606 10640 I Unity   : UnityEngine.DebugLogHandler:Internal_Log(LogType, LogOption, String, Object)
05-14 07:12:45.785 10606 10640 I Unity   : UnityEngine.DebugLogHandler:LogFormat(LogType, Object, String, Object[])
05-14 07:12:45.785 10606 10640 I Unity   : UnityEngine.Logger:Log(LogType, Object)
05-14 07:12:45.785 10606 10640 I Unity   : UnityEngine.Debug:Log(Object)
05-14 07:12:45.785 10606 10640 I Unity   : Rescue.Unity.Diagnostics.<RunCommand>d__8:MoveNext() (at C:\Users\jwmcg\OneDrive\Documents\AI Projects\Live Envirnments\rescue-grid\Assets\Rescue.Unity\Diagnostics\AndroidWhiteoutCommandBridge.cs:117)
05-14 07:12:45.785 10606 10640 I Unity   : UnityEngine.SetupCoroutine:InvokeMoveNext(IEnumerator, IntPtr) (at \home\bokken\build\output\unity\unity\Runtime\Export\Scripting\Coroutines.cs:17)
05-14 07:12:45.785 10606 10640 I Unity   : 
05-14 07:12:45.859  2203  2211 E HeatmapThread: ECT Thread time in milliseconds: 1778757165
05-14 07:12:45.863  2203  2211 D HeatmapThread: !@ batteryplugType : 2
05-14 07:12:45.864  2203  2211 D HeatmapThread: !@ batteryLevel : 49  batteryTemperature : 299 
05-14 07:12:45.865  2203  2211 D HeatmapThread: !@ Heatmap currtime: 29645952
05-14 07:12:45.865  2203  2211 D HeatmapThread: !@ Heatmap prevtime: 29645923
05-14 07:12:45.865  2203  2211 D HeatmapThread: !@ Heatmap plugstarttime: 29645897
05-14 07:12:45.865  2203  2211 D HeatmapThread: !@ Heatmap prevv_dsoh_update_time: 29643986
05-14 07:12:45.865  2203  2211 E HeatmapThread: !@ CAM New BSOH: 100
05-14 07:12:45.901  2087 10657 I sensors-hal: handle_sns_client_event:375, [0][19792] accel_sample [ 0.144,  0.077,  9.839] 486002302043604
05-14 07:12:45.974  3032  4437 V SemStrongRssiRoaming: POLL (Rssi:-58 MinRssi:-49 Guard:0)
05-14 07:12:46.042  2087 10648 I sensors-hal: handle_sns_std_sensor_event:409, [SSC_LIGHT] P: 45(45),c:4,b:78,m:13,cl:0,l:45,s:35,l0:8416,l1:32,s0:6500,s1:0,acl:1,opr:0.31,f(r):74,u(bl):100,if:0,wi:2,si:0,po:172(N:0)
05-14 07:12:46.158  2087  8142 I sensors-hal: handle_sns_client_event:190, auto_rotation_debug_2 mode,255, type,1,0 acc,0.139,0.072,9.854, ar,0, ver,14, pedo,1,e,1,i,3
05-14 07:12:46.279  2077  6146 I vendor.qti.bluetooth@1.1-ibs_handler: DeviceSleep: TX Awake, Sending SLEEP_IND
05-14 07:12:46.279  2077  6146 D vendor.qti.bluetooth@1.1-ibs_handler: SerialClockVote: vote for UART CLK OFF
05-14 07:12:46.282  3032  6735 D SemWifiUsabilityStatsMonitor: onWifiUsabilityStats - seqNum 21813, isSameBssidAndFreq true
05-14 07:12:46.285  3032  4418 D InsDataManager: onOutageCountUpdate() - Outage Data: 0, LQ : Y. Outage Triggered: false
05-14 07:12:46.286  3032  4418 D SemInsManager: {"bssid": "683a95c52437","rssi": -58.0,"latency": 0.0,"outage_count": 0,"lq_callback_triggered": true,"outage_log": "Unreliable statistics: -58.0 / 19 / 347 / 58 / 1 || 683a95c52437: 0.000 / 0.000 / @ || N N / 0 0 / Y 2.0 / Y X 0 / 175654970 0 || Invalid""Magnetic Sensor Events size": "0""Pressure Sensor Events size": "0"}
05-14 07:12:46.288  3032  3388 E Watchdog: !@Sync: 5850 heap(MB): 196 / 204 FD: 1732 [2026-05-14 07:12:46.288]
05-14 07:12:46.289  4556  4647 D Tile.WifiTile: handleUpdateState isTransient=false transientEnabling =false cb.isTransient=false state.state = 2 mStateBeforeClick.value =false enabled =true
05-14 07:12:46.364 16360 16604 I TapTracker: 1.3) Sensor update info : 05/14_07:12:46, 0.144 , 0.077, 9.839
05-14 07:12:46.371 10919 10919 W screencap: Thread Pool max thread count is 0. Cannot cache binder as linkToDeath cannot be implemented. serviceName: SurfaceFlingerAIDL
05-14 07:12:46.371 10919 10919 W BpBinder: Linking to death on android.gui.ISurfaceComposer but there are no threads (yet?) listening to incoming transactions. See ProcessState::startThreadPool and ProcessState::setThreadPoolMaxThreadCount. Generally you should setup the binder threadpool before other initialization steps.
05-14 07:12:46.372 10919 10919 W screencap: Thread Pool max thread count is 0. Cannot cache binder as linkToDeath cannot be implemented. serviceName: edmnativehelper
05-14 07:12:46.373  3032  4963 I EDMNativeHelperService: isScreenCaptureEnabled
05-14 07:12:46.376  3032  4963 D RestrictionPolicy: isScreenCaptureEnabled : ret=true userId=0
05-14 07:12:46.376 10919 10919 W ProcessState: Extra binder thread started, but 0 threads requested. Do not use *startThreadPool when zero threads are requested.
05-14 07:12:46.376 10919 10919 I SurfaceComposerClient: captureDisplay:Display-4630946315032985731
05-14 07:12:46.388  2210  2821 I SurfaceFlinger: Capture layer list: 	 Background for 3b7d796 SurfaceView[com.defaultcompany.rescuegrid.dev/com.unity3d.player.UnityPlayerGameActivity]@0#25954(seamlessTransition:0)
05-14 07:12:46.389  2210  2821 I SurfaceFlinger: Capture layer list: 	 3b7d796 SurfaceView[com.defaultcompany.rescuegrid.dev/com.unity3d.player.UnityPlayerGameActivity]@0(BLAST)#25953(seamlessTransition:0)
05-14 07:12:46.389  2210  2821 I SurfaceFlinger: Capture layer list: 	 com.defaultcompany.rescuegrid.dev/com.unity3d.player.UnityPlayerGameActivity$_10606#25948(seamlessTransition:0)
05-14 07:12:46.389  2210  2821 I SurfaceFlinger: Capture layer list: 	 StatusBar$_4556#113(seamlessTransition:0)
05-14 07:12:46.389  2210  2821 I CompositionEngine: [setDisplaySize] size=(1080, 2340)
05-14 07:12:46.389  2210  2821 E HwcComposer: getLuts failed Status(-129, EX_TRANSACTION_FAILED): 'UNKNOWN_TRANSACTION: '
05-14 07:12:46.390  2210  2370 D RenderEngine: [SEC_SF_EFFECTS] drawLayersInternal,1483, Rendering layer ScreenCaptureFillLayer at index 0
05-14 07:12:46.390  2210  2370 D RenderEngine: [SEC_SF_EFFECTS] drawLayersInternal,1483, Rendering layer 3b7d796 SurfaceView[com.defaultcompany.rescuegrid.dev/com.unity3d.player.UnityPlayerGameActivity]@0(BLAST)#25953 at index 1
05-14 07:12:46.390  2210  2370 D RenderEngine: [SEC_SF_EFFECTS] drawLayersInternal,1483, Rendering layer com.defaultcompany.rescuegrid.dev/com.unity3d.player.UnityPlayerGameActivity$_10606#25948 at index 2
05-14 07:12:46.390  2210  2370 D RenderEngine: [SEC_SF_EFFECTS] drawLayersInternal,1483, Rendering layer StatusBar$_4556#113 at index 3
05-14 07:12:46.430  2077  5340 D vendor.qti.bluetooth@1.1-wake_lock: Release wakelock is released 
05-14 07:12:46.530 10919 10921 I AdrenoUtils: <ReadGpuID:357>: Reading chip ID through GSL
05-14 07:12:46.531 10919 10919 W qdgralloc: Failed to load libubwcp.so
05-14 07:12:46.555  8325 22606 W MediaProvider: isAppCloneUserPair for user 0: false
05-14 07:12:46.569  3032  4963 D SyncManager: userId - 0 auto - true
05-14 07:12:46.576  4191  4252 I MediaSyncer: generation: Generation(added=166604, modified=166645)
05-14 07:12:46.604  4191  4252 I MediaSyncer: loaded: 27ms, Success(maxMediaId=0, maxGenAdded=-9223372036854775808, maxGenModified=166672, count=0)
05-14 07:12:46.607  3032  4878 D ActivityManager: sync unfroze 21664 com.skms.android.agent:remote for 6
05-14 07:12:46.608  3032  4878 I ActivityManager: Changes in 10256 17 to 8, 0 to 128
05-14 07:12:46.608  3032  4878 I ActivityManager: Changes in 10115 19 to 8, 0 to 128
05-14 07:12:46.614 29091 10568 I NetworkScheduler.Stats: (REDACTED) Task %s/%s started execution. cause:%s exec_start_elapsed_seconds: %s
05-14 07:12:46.614  3032  4878 W ProcessStats: Tracking association SourceState{e7b484e com.samsung.android.carkey/10115 ImpBg #534821} whose proc state 6 is better than process ProcessState{d774e05 com.skms.android.agent:remote/1000 pkg=com.skms.android.agent} proc state 15 (8 skipped)
05-14 07:12:46.615  5401  5514 I RequestManager_FLP: onOpChanged, op=0 / packageName=com.android.vending
05-14 07:12:46.617 29091 10570 I NetworkScheduler.Stats: (REDACTED) Task %s/%s finished executing. cause:%s result: %s elapsed_millis: %s uptime_millis: %s exec_start_elapsed_seconds: %s
05-14 07:12:46.621  3032  5018 I ActivityManager: Changes in 10256 8 to 10, 128 to 0
05-14 07:12:46.621  3032  5018 I ActivityManager: Changes in 10115 8 to 10, 128 to 0
05-14 07:12:46.622 21355 21355 I Finsky  : [2] Memory trim requested to level 40
05-14 07:12:46.623 21355 21355 I Finsky  : [2] Flushing in-memory image cache
05-14 07:12:46.859  2203  2211 E HeatmapThread: ECT Thread time in milliseconds: 1778757166
05-14 07:12:46.863  2203  2211 D HeatmapThread: !@ batteryplugType : 2
05-14 07:12:46.864  2203  2211 D HeatmapThread: !@ batteryLevel : 49  batteryTemperature : 299 
05-14 07:12:46.864  2203  2211 D HeatmapThread: !@ Heatmap currtime: 29645952
05-14 07:12:46.864  2203  2211 D HeatmapThread: !@ Heatmap prevtime: 29645923
05-14 07:12:46.864  2203  2211 D HeatmapThread: !@ Heatmap plugstarttime: 29645897
05-14 07:12:46.864  2203  2211 D HeatmapThread: !@ Heatmap prevv_dsoh_update_time: 29643986
05-14 07:12:46.864  2203  2211 E HeatmapThread: !@ CAM New BSOH: 100
05-14 07:12:47.080  3032  3844 I ActivityManager: Changes in 10117 19 to 8, 0 to 128
05-14 07:12:47.099 20969 20969 I SCS@AiSearch user 0: (ObserverWorker::AOSP_MP) [main] entering in startWork triggered by [content://media/external/file/1000020913]():  
05-14 07:12:47.099 20969 20969 I SCS@AiSearch user 0: (BaseCollector::AOSP_MP) [main] entering in onChange():  
05-14 07:12:47.100 20969 21908 I SCS@AiSearch user 0: (BaseCollector::AOSP_MP) [AOSP_MP-0] entering in collectChanges():  
05-14 07:12:47.108  3032  4963 D PackageManager: setEnabledSetting : userId = 0 packageName = com.samsung.android.scs cmp = androidx.work.impl.background.systemalarm.RescheduleReceiver newState = 1 callingPackage = com.samsung.android.scs
05-14 07:12:47.109  3032  4963 D ApplicationPolicy: getApplicationStateEnabled : pkg = com.samsung.android.scs userId : 0
05-14 07:12:47.113  3032  4963 D ApplicationPolicy: getApplicationComponentState : pkg = com.samsung.android.scs userId : 0
05-14 07:12:47.160 20969 21908 I SCS@AiSearch user 0: (BaseCollector::AOSP_MP) fetchInternal values : maxSyncId: 1000020907 indexCount: 12725 sourceCount: 12725
05-14 07:12:47.166 20969 21908 I SCS@AiSearch user 0: (IndexManager) [AOSP_MP-0] entering in addIndex():  
05-14 07:12:47.167 20969 21908 I SCS@AiSearch user 0: (BaseCollector::AOSP_MP) fetch: fetching took  27 ms
05-14 07:12:47.167 20969 21908 I SCS@AiSearch user 0: (BaseCollector::AOSP_MP) fetchChanges: applied 0 items
05-14 07:12:47.167 20969 21908 I SCS@AiSearch user 0: (BaseCollector::AOSP_MP) Collect finished. Result: true
05-14 07:12:47.167 20969 21908 I SCS@AiSearch user 0: (BaseCollector::AOSP_MP) enqueue ObserverWorker name: com.sec.android.app.myfiles, policy: APPEND_OR_REPLACE
05-14 07:12:47.168 20969 21071 I WM-WorkerWrapper: Worker result SUCCESS for Work [ id=0618fca8-a716-4e30-9a8b-fec8c90cd7c8, tags={ com.sec.android.app.myfiles, com.samsung.android.scs.ai.search.data.collector.base.ObserverWorker } ]
05-14 07:12:47.170  3032  4963 I ActivityManager: Changes in 10117 8 to 10, 128 to 0
05-14 07:12:47.175  3032  4963 D PackageManager: setEnabledSetting : userId = 0 packageName = com.samsung.android.scs cmp = androidx.work.impl.background.systemalarm.RescheduleReceiver newState = 1 callingPackage = com.samsung.android.scs
05-14 07:12:47.175  3032  4963 D ApplicationPolicy: getApplicationStateEnabled : pkg = com.samsung.android.scs userId : 0
05-14 07:12:47.176  3032  4963 D ApplicationPolicy: getApplicationComponentState : pkg = com.samsung.android.scs userId : 0
05-14 07:12:47.177 20969 21071 W JobInfo : Requested important-while-foreground flag for job186407 is ignored and takes no effect
05-14 07:12:47.181  3032  3844 I JobScheduler: maybeQueueReadyJobsForExecutionLocked: [BatchNetworkJob] 1 batched network jobs meet requirement for 227
05-14 07:12:47.183 20969 20969 I SCS@AiSearch user 0: (SearchProvider) onTrimMemory(): 40
05-14 07:12:47.187  3032  3844 I ActivityManager: Changes in 10252 19 to 8, 0 to 128
05-14 07:12:47.192  3032  3844 W JobServiceContext: Sending onNetworkChanged for a job that isn't started. JobStatus{fe1b8ab #u0a252/-605916168 com.google.android.as.oss/com.google.android.gms.learning.internal.training.InAppJobService u=0 s=10252 TIME=-22s669ms:none NET CHARGING PERSISTED READY}
05-14 07:12:47.199  4719 21222 D IpClient/wlan0: addressUpdated: 2601:c2:1b01:faf0:64cd:3dff:fe7c:c487/64 on ifindex 45 flags 0x00000100 scope 0
05-14 07:12:47.199  4719 21222 D IpClient/wlan0: addressUpdated: 2601:c2:1b01:faf0:70e6:9536:bc73:1c12/64 on ifindex 45 flags 0x00000001 scope 0
05-14 07:12:47.200  4719 21222 W AlarmManager: Unrecognized alarm listener com.android.networkstack.android.net.ip.IpClientLinkObserver$Dhcp6PdPreferredPrefixAlarmListener@b1aaabc
05-14 07:12:47.200  4719 21222 D ApfFilter: (wlan0): Ignoring RA RA fe80::be9b:68ff:fe3a:95c4 -> ff02::1 180s 2601:c2:1b01:faf0::/64 300s/300s DNS 180s 2001:558:feed::1 2001:558:feed::2 RIO 180s ::/0  which matches RA fe80::be9b:68ff:fe3a:95c4 -> ff02::1 180s 2601:c2:1b01:faf0::/64 300s/300s DNS 180s 2001:558:feed::1 2001:558:feed::2 RIO 180s ::/0 
05-14 07:12:47.201  3032  5018 I ActivityManager: Changes in 10252 8 to 10, 128 to 0
05-14 07:12:47.201  3032  5018 W JobScheduler: Job didn't exist in JobStore: fe1b8ab #u0a252/-605916168 com.google.android.as.oss/com.google.android.gms.learning.internal.training.InAppJobService
05-14 07:12:47.202  4782  4782 I EPDG -- SIM1 [EpdgIntfCont]: sendInterfaceMessage, not mobile, ignore
05-14 07:12:47.202  4782  4782 I EPDG -- SIM1 [EpdgIntfCont]: sendInterfaceMessage, not mobile, ignore
05-14 07:12:47.202  4782  4782 I EPDG -- SIM0 [EpdgIntfCont]: sendInterfaceMessage, not mobile, ignore
05-14 07:12:47.202  4782  4782 I EPDG -- SIM0 [EpdgIntfCont]: sendInterfaceMessage, not mobile, ignore
05-14 07:12:47.248 21216 21216 I wpa_supplicant: Heartbeat 24412
05-14 07:12:47.387  1321  1321 D io_stats: !@   8,0 r 21687120 472508936 w 8243125 185544500 d 1155250 276506776 f 267519 899799 iot 4976968 0 th 0 0 0 pt 0 inp 0 0 175656.074
05-14 07:12:47.387  1321  1321 D io_stats: !@ Read_top(KB): kworker/u16:2(31545) 864 sh(10919) 600 kworker/u16:5(8140) 424
05-14 07:12:47.387  1321  1321 D io_stats: !@ Write_top(KB): .gms.persistent(29091) 40 ung.android.scs(20969) 16 kworker/u16:1(6775) 4
05-14 07:12:47.505  2077  6139 I vendor.qti.bluetooth@1.1-ibs_handler: ProcessIbsCmd: Received IBS_WAKE_IND: 0xFD
05-14 07:12:47.506  2077  6139 D vendor.qti.bluetooth@1.1-ibs_handler: SerialClockVote: vote for UART CLK ON
05-14 07:12:47.506  2077  6139 D vendor.qti.bluetooth@1.1-wake_lock: Acquire wakelock is acquired 
05-14 07:12:47.506  2077  6139 I vendor.qti.bluetooth@1.1-ibs_handler: ProcessIbsCmd: Writing IBS_WAKE_ACK
05-14 07:12:47.516  4784  6167 I ScanController: onScanResult to scannerId: 5- eventType=0x10, addressType=0, address=XX:XX:XX:XX:97:3F, primaryPhy=1, secondaryPhy=0, advertisingSid=0xff, txPower=127, rssi=-86, periodicAdvInt=0x0
05-14 07:12:47.522 16128 16448 I [-0400]oneconnect[1.8.45.24_01][CORE]: DataConvert.parseBleVd - deviceBle : |name:|deviceType:TV|discoverType:_BLE|services:None|connected:false[TvStatusString]POWER_OFF[TvStatus]-128[TvService]102[TvMirrorChannel]1[TvRegisteredDB][-8, 104, -49, -60, -127, 65][TvYear]2016[TvOcfInfo]0[TvAcmStatus]0[ExTvStatus]0[ExtendedStatus]-1[ModuloSn]-1
05-14 07:12:47.543  3032  5018 I ActivityManager: Broadcasting: Intent { act=android.intent.action.MEDIA_SCANNER_SCAN_FILE dat=file:///... flg=0x400000 }
05-14 07:12:47.544  3032  5018 I ActivityManager: Enqueued broadcast Intent { act=android.intent.action.MEDIA_SCANNER_SCAN_FILE dat=file:///... flg=0x400000 }: 0
05-14 07:12:47.547  4784  6167 I ScanController: onScanResult to scannerId: 5- eventType=0x1b, addressType=0, address=XX:XX:XX:XX:03:CD, primaryPhy=1, secondaryPhy=0, advertisingSid=0xff, txPower=127, rssi=-95, periodicAdvInt=0x0
05-14 07:12:47.547  4784  6167 I ScanController: onScanResult to scannerId: 6- eventType=0x1b, addressType=0, address=XX:XX:XX:XX:03:CD, primaryPhy=1, secondaryPhy=0, advertisingSid=0xff, txPower=127, rssi=-95, periodicAdvInt=0x0
05-14 07:12:47.550  8325  8325 I MediaServiceV2: Creating work for intent Intent { act=android.intent.action.MEDIA_SCANNER_SCAN_FILE dat=file:///... flg=0x1400010 cmp=com.google.android.providers.media.module/com.android.providers.media.MediaServiceV2 }
05-14 07:12:47.551  8325  8325 I MediaServiceV2: Work enqueued for intent: Intent { act=android.intent.action.MEDIA_SCANNER_SCAN_FILE dat=file:///... flg=0x1400010 cmp=com.google.android.providers.media.module/com.android.providers.media.MediaServiceV2 }
05-14 07:12:47.554  3032  3229 I ActivityManager: Broadcast completed: result=0
05-14 07:12:47.556 16128 16448 I [-0400]oneconnect[1.8.45.24_01][CORE]: PreDiscoveryHelper.addDevice - UPDATE: ($)-U(19)/TYPE(AV) - ($)
05-14 07:12:47.557 16128 16448 I [-0400]oneconnect[1.8.45.24_01][CORE]: DataConvert.parseBleVd - deviceBle : |name:($)-U(19)|deviceType:AV|discoverType:_BLE|services:None|connected:false[Type]7[Index]6[MNID]0AJK[SETUPID]301[AvStatus]64[AvService]17[AvYear]2024[AvOcfInfo]5[ExtendedStatus]-1[ModuloSerialNumber]-1[RemotelessHash]null
05-14 07:12:47.557 16128 16366 I [-0400]oneconnect[1.8.45.24_01][CORE]: AbstractDiscoveryManager.updateDeviceList - @DL_DeviceInfo[($)C8:12:0B]|existItem|[Name]($)-U(19)[DeviceType]AV[Discover]_BLE[DiscoveryTime]0[Services]None[Action]ACTION_SETUP_DEVICE, [Connected]false[SecType]7[SecIcon]6[ConType]NONE[size()]1[P2p]($)ca:12[BT]($)C8:12[Ble]($)C8:12[OCFDiscovery]_BLE[OCFOwned]0
05-14 07:12:47.558 16128 16366 I [-0400]oneconnect[1.8.45.24_01][CORE]: NearbyDeviceRepositoryImpl.onDiscoveryResult - event: 1003 | qcDevice: [Name]($)-U(19)[DeviceType]AV[Discover]_BLE[DiscoveryTime]0[Services]None[Action]ACTION_SETUP_DEVICE, [Connected]false[SecType]7[SecIcon]6[ConType]NONE[size()]1[P2p]($)ca:12[BT]($)C8:12[Ble]($)C8:12[OCFDiscovery]_BLE[OCFOwned]0
05-14 07:12:47.564  8325  8702 W JobInfo : Requested important-while-foreground flag for job6977 is ignored and takes no effect
05-14 07:12:47.564  8325  8702 D WM-SystemJobScheduler: Scheduling work ID 8b79c716-1b48-412a-8268-12557d68dfaaJob ID 6977
05-14 07:12:47.569  8325  8325 D WM-SystemJobService: onStartJob for WorkGenerationalId(workSpecId=8b79c716-1b48-412a-8268-12557d68dfaa, generation=0)
05-14 07:12:47.569  8325  8702 D WM-GreedyScheduler: Ignoring {WorkSpec: 8b0e26a1-da17-4a7d-8943-fa37401907bb}. Requires device idle.
05-14 07:12:47.569  8325  8702 D WM-GreedyScheduler: Ignoring {WorkSpec: 851dc692-8528-4451-a03e-188ed97a5b4d}. Requires device idle.
05-14 07:12:47.569  8325  8702 D WM-GreedyScheduler: Ignoring {WorkSpec: 00b34183-214c-4ec2-a349-e19f9227b254}. Requires device idle.
05-14 07:12:47.569  8325  8702 D WM-GreedyScheduler: Starting work for 8b79c716-1b48-412a-8268-12557d68dfaa
05-14 07:12:47.571  8325  8709 D WM-Processor: Processor: processing WorkGenerationalId(workSpecId=8b79c716-1b48-412a-8268-12557d68dfaa, generation=0)
05-14 07:12:47.572  8325  8709 D WM-Processor: Work WorkGenerationalId(workSpecId=8b79c716-1b48-412a-8268-12557d68dfaa, generation=0) is already enqueued for processing
05-14 07:12:47.576  8325  8325 D WM-WorkerWrapper: Starting work for com.android.providers.media.MediaServiceV2
05-14 07:12:47.577  8325 10939 I MediaServiceV2: Work initiated for action [ android.intent.action.MEDIA_SCANNER_SCAN_FILE ]
05-14 07:12:47.584  2077  6139 I vendor.qti.bluetooth@1.1-ibs_handler: ProcessIbsCmd: Received IBS_SLEEP_IND: 0xFE
05-14 07:12:47.584  2077  6139 D vendor.qti.bluetooth@1.1-ibs_handler: SerialClockVote: vote for UART CLK OFF
05-14 07:12:47.592  8325 10939 I Kumiho-Kumiho: getPackageName: com.google.android.providers.media.module
05-14 07:12:47.603  8325 10939 I Kumiho-Kumiho: getPackageName: com.google.android.providers.media.module
05-14 07:12:47.611  3032  4963 D SyncManager: userId - 0 auto - true
05-14 07:12:47.612  4191  4252 I MediaSyncer: generation: Generation(added=166604, modified=166672)
05-14 07:12:47.613  8325 10939 I MediaServiceV2: Work ended for action [ android.intent.action.MEDIA_SCANNER_SCAN_FILE ]
05-14 07:12:47.614  8325  8711 I WM-WorkerWrapper: Worker result SUCCESS for Work [ id=8b79c716-1b48-412a-8268-12557d68dfaa, tags={ com.android.providers.media.MediaServiceV2 } ]
05-14 07:12:47.616  8325  8325 D WM-Processor: Processor 8b79c716-1b48-412a-8268-12557d68dfaa executed; reschedule = false
05-14 07:12:47.616  8325  8325 D WM-SystemJobService: 8b79c716-1b48-412a-8268-12557d68dfaa executed on JobScheduler
05-14 07:12:47.617  2087 10666 I sensors-hal: handle_sns_client_event:422, [0][2060] gyro_sample_cal(cal_available:1)(3) [-0.000,-0.001,-0.000] bias[ 0.003,-0.003, 0.002] 486004009107979
05-14 07:12:47.623  5401  5514 I RequestManager_FLP: onOpChanged, op=0 / packageName=com.android.vending
05-14 07:12:47.627  8325  8711 D WM-SystemJobScheduler: Scheduling work ID 676d2b66-4d0d-4952-925a-b97dca651d1bJob ID 6978
05-14 07:12:47.630  8325  8711 D WM-GreedyScheduler: Ignoring {WorkSpec: 8b0e26a1-da17-4a7d-8943-fa37401907bb}. Requires device idle.
05-14 07:12:47.630  8325  8711 D WM-GreedyScheduler: Ignoring {WorkSpec: 851dc692-8528-4451-a03e-188ed97a5b4d}. Requires device idle.
05-14 07:12:47.630  8325  8711 D WM-GreedyScheduler: Ignoring {WorkSpec: 00b34183-214c-4ec2-a349-e19f9227b254}. Requires device idle.
05-14 07:12:47.631  8325  8702 D WM-GreedyScheduler: Cancelling work ID 8b79c716-1b48-412a-8268-12557d68dfaa
05-14 07:12:47.632  8325  8702 D WM-GreedyScheduler: Ignoring {WorkSpec: 8b0e26a1-da17-4a7d-8943-fa37401907bb}. Requires device idle.
05-14 07:12:47.632  8325  8702 D WM-GreedyScheduler: Ignoring {WorkSpec: 851dc692-8528-4451-a03e-188ed97a5b4d}. Requires device idle.
05-14 07:12:47.632  8325  8702 D WM-GreedyScheduler: Ignoring {WorkSpec: 00b34183-214c-4ec2-a349-e19f9227b254}. Requires device idle.
05-14 07:12:47.649  4191  4252 I MediaSyncer: loaded: 36ms, Success(maxMediaId=1000020913, maxGenAdded=166672, maxGenModified=166673, count=1)
05-14 07:12:47.650 10818 10855 I BaseThreadPoolExecutor: [#CMH#] Task com.samsung.cmh.core.task.MediaContentSyncTask@d772d72 is submitted
05-14 07:12:47.680  4191  4244 W SefInterface$Companion: This file doesn't have SEF
05-14 07:12:47.682 10818 10941 I MediaContentSyncTask: [#CMH#] No of Row (SEC MP :  1909, Max Id : 2147488690) (CMH : 1908, Max Id : 2147488688) - Time :12
05-14 07:12:47.691 10818 10941 I MediaContentSyncTask: [#CMH#] Rebuilding contents count 1
05-14 07:12:47.693 10818 10941 I ImageFeatures: [#CMH#] Not support file type 
05-14 07:12:47.699 10818 10941 I MediaContentSyncTask: [#CMH#] Insert ITEM :  1
05-14 07:12:47.699 10818 10941 I BaseThreadPoolExecutor: [#CMH#] afterExecute FutureTask
05-14 07:12:47.700 10818 10941 I ControllerEventHandler: [#CMH#] New Task for wait content sync job 
05-14 07:12:47.700 10818 10941 I BaseThreadPoolExecutor: [#CMH#] Task com.samsung.cmh.core.task.MediaContentSyncTask@d772d72 is submitted
05-14 07:12:47.728 10818 10941 I MediaContentSyncTask: [#CMH#] No of Row (SEC MP :  1909, Max Id : 2147488690) (CMH : 1909, Max Id : 2147488690) - Time :10
05-14 07:12:47.736  2077  5340 D vendor.qti.bluetooth@1.1-wake_lock: Release wakelock is released 
05-14 07:12:47.747 10818 10941 I MediaContentSyncTask: [#CMH#] MP time stamp :  1778757167681, CMH time stamp : 1778748853002
05-14 07:12:47.757 10818 10941 I MediaContentSyncTask: [#CMH#] Update ITEM  :  1
05-14 07:12:47.782 10818 10941 W SQLiteLog: (28) walCheckpoint: eMode(0), mxFrame(102), nBackfill(102), /data/user/0/com.samsung.cmh/databases/cmh.db-wal taking (17) ms
05-14 07:12:47.782 10818 10941 I MediaContentSyncTask: [#CMH#] Update Cursor Count (1=>1), Time: 25 
05-14 07:12:47.784 10818 10941 I MediaContentSyncTask: [#CMH#] Update ITEM :  1
05-14 07:12:47.788 10818 10941 I BaseThreadPoolExecutor: [#CMH#] afterExecute FutureTask
05-14 07:12:47.789 10818 10941 I ControllerEventHandler: [#CMH#] Alive Privacy Ignored Policy Called:  false
05-14 07:12:47.832  8430  9501 I SDHMS:x : SIOP:: AP:355 BAT:299 USB:283 CHG:359 PA:351 WIFI:332 CF:316 BLK:0 SUBBAT:0 LRPTHM:313 SKIN:326 SKINF:313 SKINB:326 LRP2:326 LRF2:313 LRB2:326 AP2:325 CHG2:321 WIFI2:326 RCV2:303 SPK2:284 FCAM:282 UPSPK:312 DNSPK:283 VAP02:351 VWIFI:322 AMB2:239 AVGCUR:-154 AVGSYS:590 POWER:-591
05-14 07:12:47.859  2203  2211 E HeatmapThread: ECT Thread time in milliseconds: 1778757167
05-14 07:12:47.860 10606 10640 I Unity   : SetGameState: isLoading: true, mode: UNKNOWN, label: -4, quality: 2
05-14 07:12:47.863  2203  2211 D HeatmapThread: !@ batteryplugType : 2
05-14 07:12:47.863  2203  2211 D HeatmapThread: !@ batteryLevel : 49  batteryTemperature : 299 
05-14 07:12:47.863  2203  2211 D HeatmapThread: !@ Heatmap currtime: 29645952
05-14 07:12:47.863  2203  2211 D HeatmapThread: !@ Heatmap prevtime: 29645923
05-14 07:12:47.863  2203  2211 D HeatmapThread: !@ Heatmap plugstarttime: 29645897
05-14 07:12:47.863  2203  2211 D HeatmapThread: !@ Heatmap prevv_dsoh_update_time: 29643986
05-14 07:12:47.864  2203  2211 E HeatmapThread: !@ CAM New BSOH: 100
05-14 07:12:47.873 10606 10640 I Unity   : [AndroidWhiteoutDiagnostics] level=L07 platform=Android quality=2/Medium colorSpace=Gamma graphicsApi=Vulkan graphicsDevice='Adreno (TM) 750' screen=1080x2256 orientation=Portrait cameras=[GameStateViewRoot/BoardStageRoot/BoardContentRoot/Content_04_03_Target_0/Visual/Camera{enabled=False, clear=Skybox, bg=(0.192,0.302,0.475,0), cull=-1, depth=0, near=0.1, far=100, pos=(12.661,11.368,-10.681), rot=(36.09,306.265,346.523)}; Main Camera{enabled=True, clear=Skybox, bg=(0.039,0.043,0.059,0), cull=-1, depth=-1, near=0.3, far=1000, pos=(0,20,-14), rot=(60,0,0)}] canvases=[SettingsMenu/SettingsMenuCanvas{enabled=True, renderMode=ScreenSpaceOverlay, sortingLayer=Default, order=1000}] suspiciousRenderers=[GameStateViewRoot/DockRoot/SharedDockVisualInstance/Visual{enabled=True, type=MeshRenderer, layer=0, sortingLayer=Default, order=0, cast=On, receive=True, bounds=(9.72,1.383,2.853), pos=(0,-0.483,-9.85), material='Dock_Safe_Phase1', shader='Standard', matColor=(1,1,1,1)}; Main Camera/SceneBackground{enabled=True, ty
05-14 07:12:47.877 10606 10640 I Unity   : SetGameState: isLoading: false, mode: UNKNOWN, label: 0, quality: 2
05-14 07:12:47.901  2087 10657 I sensors-hal: handle_sns_client_event:375, [0][20736] accel_sample [ 0.129,  0.081,  9.858] 486004302923187
05-14 07:12:47.910 10606 10640 I Unity   : [AndroidWhiteoutCommand] level=L07 diagnosticMove=1 coord=(0,0) groupSize=2 applied=True
05-14 07:12:47.910 10606 10640 I Unity   : UnityEngine.DebugLogHandler:Internal_Log(LogType, LogOption, String, Object)
05-14 07:12:47.910 10606 10640 I Unity   : UnityEngine.DebugLogHandler:LogFormat(LogType, Object, String, Object[])
05-14 07:12:47.910 10606 10640 I Unity   : UnityEngine.Logger:Log(LogType, Object)
05-14 07:12:47.910 10606 10640 I Unity   : UnityEngine.Debug:Log(Object)
05-14 07:12:47.910 10606 10640 I Unity   : Rescue.Unity.Diagnostics.<RunCommand>d__8:MoveNext() (at C:\Users\jwmcg\OneDrive\Documents\AI Projects\Live Envirnments\rescue-grid\Assets\Rescue.Unity\Diagnostics\AndroidWhiteoutCommandBridge.cs:103)
05-14 07:12:47.910 10606 10640 I Unity   : UnityEngine.SetupCoroutine:InvokeMoveNext(IEnumerator, IntPtr) (at \home\bokken\build\output\unity\unity\Runtime\Export\Scripting\Coroutines.cs:17)
05-14 07:12:47.910 10606 10640 I Unity   : 
05-14 07:12:47.916 10606 10640 I Unity   : [AndroidWhiteoutDiagnostics] level=L07 platform=Android quality=2/Medium colorSpace=Gamma graphicsApi=Vulkan graphicsDevice='Adreno (TM) 750' screen=1080x2256 orientation=Portrait cameras=[GameStateViewRoot/BoardStageRoot/BoardContentRoot/Content_04_03_Target_0/Visual/Camera{enabled=False, clear=Skybox, bg=(0.192,0.302,0.475,0), cull=-1, depth=0, near=0.1, far=100, pos=(12.661,11.368,-10.681), rot=(36.09,306.265,346.523)}; Main Camera{enabled=True, clear=Skybox, bg=(0.039,0.043,0.059,0), cull=-1, depth=-1, near=0.3, far=1000, pos=(0,20,-14), rot=(60,0,0)}] canvases=[SettingsMenu/SettingsMenuCanvas{enabled=True, renderMode=ScreenSpaceOverlay, sortingLayer=Default, order=1000}] suspiciousRenderers=[GameStateViewRoot/DockRoot/SharedDockVisualInstance/Visual{enabled=True, type=MeshRenderer, layer=0, sortingLayer=Default, order=0, cast=On, receive=True, bounds=(9.72,1.383,2.853), pos=(0,-0.483,-9.85), material='Dock_Safe_Phase1', shader='Standard', matColor=(1,1,1,1)}; Main Camera/SceneBackground{enabled=True, ty
05-14 07:12:47.916 10606 10640 I Unity   : [AndroidWhiteoutCommand] ready level=L07 requestedMoves=1 appliedMoves=1 actionCount=1
05-14 07:12:47.916 10606 10640 I Unity   : UnityEngine.DebugLogHandler:Internal_Log(LogType, LogOption, String, Object)
05-14 07:12:47.916 10606 10640 I Unity   : UnityEngine.DebugLogHandler:LogFormat(LogType, Object, String, Object[])
05-14 07:12:47.916 10606 10640 I Unity   : UnityEngine.Logger:Log(LogType, Object)
05-14 07:12:47.916 10606 10640 I Unity   : UnityEngine.Debug:Log(Object)
05-14 07:12:47.916 10606 10640 I Unity   : Rescue.Unity.Diagnostics.<RunCommand>d__8:MoveNext() (at C:\Users\jwmcg\OneDrive\Documents\AI Projects\Live Envirnments\rescue-grid\Assets\Rescue.Unity\Diagnostics\AndroidWhiteoutCommandBridge.cs:117)
05-14 07:12:47.916 10606 10640 I Unity   : UnityEngine.SetupCoroutine:InvokeMoveNext(IEnumerator, IntPtr) (at \home\bokken\build\output\unity\unity\Runtime\Export\Scripting\Coroutines.cs:17)
05-14 07:12:47.916 10606 10640 I Unity   : 
05-14 07:12:48.116  3032  3844 I ActivityManager: Changes in 10117 19 to 8, 0 to 128
05-14 07:12:48.133 20969 20969 I SCS@AiSearch user 0: (ObserverWorker::AOSP_MP) [main] entering in startWork triggered by [content://media/external/file/1000020913]():  
05-14 07:12:48.133 20969 20969 I SCS@AiSearch user 0: (BaseCollector::AOSP_MP) [main] entering in onChange():  
05-14 07:12:48.134 20969 21908 I SCS@AiSearch user 0: (BaseCollector::AOSP_MP) [AOSP_MP-0] entering in collectChanges():  
05-14 07:12:48.137  2144  2176 E BatteryDump: !@new_battery_dump : 3800,-1207,375,550,49,299,283,360,299,0,324,360,0,Charging,NO_CHARGING,Normal,Good,USB,1,Normal,0,0,9281,0x8000,0x10010000,0x0,0,0,0000,0000,00000000,0,0,0,0,559,3850,4902,990,0,
05-14 07:12:48.138  2169  2169 I seh_thermal_service: getTemperaturesWithType SehTemperatureType: 3
05-14 07:12:48.138  2144  2144 I sehhealth-service: updateLrpSysfs: write: 326
05-14 07:12:48.139  3032  5018 D PackageManager: setEnabledSetting : userId = 0 packageName = com.samsung.android.scs cmp = androidx.work.impl.background.systemalarm.RescheduleReceiver newState = 1 callingPackage = com.samsung.android.scs
05-14 07:12:48.139  3032  5018 D ApplicationPolicy: getApplicationStateEnabled : pkg = com.samsung.android.scs userId : 0
05-14 07:12:48.140  3032  5018 D ApplicationPolicy: getApplicationComponentState : pkg = com.samsung.android.scs userId : 0
05-14 07:12:48.188  3032  3844 I JobScheduler.HeavyJobController: com.samsung.android.smartsuggestions/androidx.work.impl.background.systemjob.SystemJobService has heavy job's constraints.
05-14 07:12:48.188  3032  3844 I JobScheduler: HeavyJobController::heavy job upper limit: 600000(1800000|1800000)
05-14 07:12:48.204 20969 20969 I SCS@AiSearch user 0: (ObserverWorker::GALLERY) [main] entering in startWork triggered by [content://secmedia/video/media, content://secmedia/images/media]():  
